Archive member included to satisfy reference by file (symbol)

app/libapp.a(main.c.obj)      (--whole-archive)
zephyr/libzephyr.a(cbprintf_packaged.c.obj)
                              (--whole-archive)
zephyr/libzephyr.a(dec.c.obj)
                              (--whole-archive)
zephyr/libzephyr.a(fdtable.c.obj)
                              (--whole-archive)
zephyr/libzephyr.a(hex.c.obj)
                              (--whole-archive)
zephyr/libzephyr.a(printk.c.obj)
                              (--whole-archive)
zephyr/libzephyr.a(rb.c.obj)  (--whole-archive)
zephyr/libzephyr.a(sem.c.obj)
                              (--whole-archive)
zephyr/libzephyr.a(thread_entry.c.obj)
                              (--whole-archive)
zephyr/libzephyr.a(timeutil.c.obj)
                              (--whole-archive)
zephyr/libzephyr.a(heap.c.obj)
                              (--whole-archive)
zephyr/libzephyr.a(heap-validate.c.obj)
                              (--whole-archive)
zephyr/libzephyr.a(bitarray.c.obj)
                              (--whole-archive)
zephyr/libzephyr.a(multi_heap.c.obj)
                              (--whole-archive)
zephyr/libzephyr.a(onoff.c.obj)
                              (--whole-archive)
zephyr/libzephyr.a(notify.c.obj)
                              (--whole-archive)
zephyr/libzephyr.a(cbprintf_complete.c.obj)
                              (--whole-archive)
zephyr/libzephyr.a(assert.c.obj)
                              (--whole-archive)
zephyr/libzephyr.a(reboot.c.obj)
                              (--whole-archive)
zephyr/libzephyr.a(configs.c.obj)
                              (--whole-archive)
zephyr/libzephyr.a(soc.c.obj)
                              (--whole-archive)
zephyr/libzephyr.a(soc_nrf_common.S.obj)
                              (--whole-archive)
zephyr/libzephyr.a(soc_secure.c.obj)
                              (--whole-archive)
zephyr/libzephyr.a(validate_base_addresses.c.obj)
                              (--whole-archive)
zephyr/libzephyr.a(validate_enabled_instances.c.obj)
                              (--whole-archive)
zephyr/libzephyr.a(log_core.c.obj)
                              (--whole-archive)
zephyr/libzephyr.a(log_mgmt.c.obj)
                              (--whole-archive)
zephyr/libzephyr.a(log_cache.c.obj)
                              (--whole-archive)
zephyr/libzephyr.a(log_msg.c.obj)
                              (--whole-archive)
zephyr/libzephyr.a(log_output.c.obj)
                              (--whole-archive)
zephyr/libzephyr.a(log_backend_uart.c.obj)
                              (--whole-archive)
zephyr/libzephyr.a(tracing_none.c.obj)
                              (--whole-archive)
zephyr/libzephyr.a(flash_map_partition_manager.c.obj)
                              (--whole-archive)
zephyr/arch/common/libarch__common.a(sw_isr_common.c.obj)
                              (--whole-archive)
zephyr/arch/arch/arm/core/aarch32/libarch__arm__core__aarch32.a(cpu_idle.S.obj)
                              (--whole-archive)
zephyr/arch/arch/arm/core/aarch32/libarch__arm__core__aarch32.a(fatal.c.obj)
                              (--whole-archive)
zephyr/arch/arch/arm/core/aarch32/libarch__arm__core__aarch32.a(irq_manage.c.obj)
                              (--whole-archive)
zephyr/arch/arch/arm/core/aarch32/libarch__arm__core__aarch32.a(nmi.c.obj)
                              (--whole-archive)
zephyr/arch/arch/arm/core/aarch32/libarch__arm__core__aarch32.a(nmi_on_reset.S.obj)
                              (--whole-archive)
zephyr/arch/arch/arm/core/aarch32/libarch__arm__core__aarch32.a(prep_c.c.obj)
                              (--whole-archive)
zephyr/arch/arch/arm/core/aarch32/libarch__arm__core__aarch32.a(swap.c.obj)
                              (--whole-archive)
zephyr/arch/arch/arm/core/aarch32/libarch__arm__core__aarch32.a(swap_helper.S.obj)
                              (--whole-archive)
zephyr/arch/arch/arm/core/aarch32/libarch__arm__core__aarch32.a(thread.c.obj)
                              (--whole-archive)
zephyr/arch/arch/arm/core/aarch32/libarch__arm__core__aarch32.a(isr_wrapper.S.obj)
                              (--whole-archive)
zephyr/arch/arch/arm/core/aarch32/libarch__arm__core__aarch32.a(tls.c.obj)
                              (--whole-archive)
zephyr/arch/arch/arm/core/aarch32/cortex_m/libarch__arm__core__aarch32__cortex_m.a(exc_exit.S.obj)
                              (--whole-archive)
zephyr/arch/arch/arm/core/aarch32/cortex_m/libarch__arm__core__aarch32__cortex_m.a(fault.c.obj)
                              (--whole-archive)
zephyr/arch/arch/arm/core/aarch32/cortex_m/libarch__arm__core__aarch32__cortex_m.a(fault_s.S.obj)
                              (--whole-archive)
zephyr/arch/arch/arm/core/aarch32/cortex_m/libarch__arm__core__aarch32__cortex_m.a(fpu.c.obj)
                              (--whole-archive)
zephyr/arch/arch/arm/core/aarch32/cortex_m/libarch__arm__core__aarch32__cortex_m.a(irq_init.c.obj)
[...]
Memory Configuration

Name             Origin             Length             Attributes
FLASH            0x0000000000008000 0x00000000000f8000 xr
RAM              0x000000002000c568 0x0000000000033a98 xw
IDT_LIST         0x00000000fffff7ff 0x0000000000000800 xw
*default*        0x0000000000000000 0xffffffffffffffff

Linker script and memory map

                0x000000000000e10c                vfprintf = __i_vfprintf
                0x0000000000000000                vfscanf = __i_vfscanf
LOAD zephyr/CMakeFiles/zephyr_pre0.dir/misc/empty_file.c.obj
LOAD app/libapp.a
LOAD zephyr/libzephyr.a
LOAD zephyr/arch/common/libarch__common.a
LOAD zephyr/arch/arch/arm/core/aarch32/libarch__arm__core__aarch32.a
LOAD zephyr/arch/arch/arm/core/aarch32/cortex_m/libarch__arm__core__aarch32__cortex_m.a
LOAD zephyr/arch/arch/arm/core/aarch32/cortex_m/cmse/libarch__arm__core__aarch32__cortex_m__cmse.a
LOAD zephyr/arch/arch/arm/core/aarch32/mpu/libarch__arm__core__aarch32__mpu.a
LOAD zephyr/lib/libc/picolibc/liblib__libc__picolibc.a
LOAD zephyr/lib/libc/common/liblib__libc__common.a
LOAD zephyr/soc/soc/arm/common/cortex_m/libsoc__arm__common__cortex_m.a
LOAD zephyr/subsys/random/libsubsys__random.a
LOAD zephyr/drivers/clock_control/libdrivers__clock_control.a
LOAD zephyr/drivers/console/libdrivers__console.a
LOAD zephyr/drivers/entropy/libdrivers__entropy.a
LOAD zephyr/drivers/gpio/libdrivers__gpio.a
LOAD zephyr/drivers/led/libdrivers__led.a
LOAD zephyr/drivers/pinctrl/libdrivers__pinctrl.a
LOAD zephyr/drivers/pwm/libdrivers__pwm.a
LOAD zephyr/drivers/serial/libdrivers__serial.a
LOAD zephyr/drivers/timer/libdrivers__timer.a
LOAD modules/nrf/lib/nrf_modem_lib/lib..__nrf__lib__nrf_modem_lib.a
LOAD modules/nrf/lib/fatal_error/lib..__nrf__lib__fatal_error.a
LOAD modules/nrf/lib/modem_antenna/lib..__nrf__lib__modem_antenna.a
LOAD modules/nrf/subsys/nrf_security/src/zephyr/libmbedtls_zephyr.a
LOAD modules/nrf/modules/tfm/zephyr/libtfm_api_nrf.a
LOAD modules/trusted-firmware-m/libtfm_api.a
LOAD modules/hal_nordic/nrfx/libmodules__hal_nordic__nrfx.a
LOAD C:/ncs/v2.5.0/nrfxlib/nrf_modem/lib/nRF9120/soft-float/libmodem.a
LOAD zephyr/kernel/libkernel.a
LOAD zephyr/CMakeFiles/offsets.dir/./arch/arm/core/offsets/offsets.c.obj
LOAD c:/ncs/toolchains/31f4403e35/opt/zephyr-sdk/arm-zephyr-eabi/bin/../lib/gcc/arm-zephyr-eabi/12.2.0/thumb/v8-m.main/nofp\libgcc.a
LOAD zephyr/arch/common/libisr_tables.a
LOAD tfm/secure_fw/s_veneers.o
LOAD modules/nrf/subsys/nrf_security/src/libmbedcrypto.a
LOAD C:/ncs/v2.5.0/nrfxlib/crypto/nrf_oberon/lib/cortex-m33/soft-float/liboberon_mbedtls_3.0.13.a
LOAD modules/nrf/subsys/nrf_security/src/libmbedcrypto_base.a
LOAD C:/ncs/v2.5.0/nrfxlib/crypto/nrf_oberon/lib/cortex-m33/soft-float/liboberon_3.0.13.a
LOAD c:\ncs\toolchains\31f4403e35\opt\zephyr-sdk\arm-zephyr-eabi\bin\../lib/gcc/../../picolibc/arm-zephyr-eabi/lib/thumb/v8-m.main/nofp\libc.a
LOAD c:/ncs/toolchains/31f4403e35/opt/zephyr-sdk/arm-zephyr-eabi/bin/../lib/gcc/arm-zephyr-eabi/12.2.0/thumb/v8-m.main/nofp\libgcc.a
                0x0000000000000020                _region_min_align = 0x20

.rel.plt        0x0000000000008000        0x0
 *(SORT_BY_ALIGNMENT(.rel.plt))
                [!provide]                        PROVIDE (__rel_iplt_start = .)
 *(SORT_BY_ALIGNMENT(.rel.iplt))
 .rel.iplt      0x0000000000008000        0x0 app/libapp.a(main.c.obj)
                [!provide]                        PROVIDE (__rel_iplt_end = .)

.rela.plt       0x0000000000000000        0x0
 *(SORT_BY_ALIGNMENT(.rela.plt))
                [!provide]                        PROVIDE (__rela_iplt_start = .)
 *(SORT_BY_ALIGNMENT(.rela.iplt))
                [!provide]                        PROVIDE (__rela_iplt_end = .)

.rel.dyn
 *(SORT_BY_ALIGNMENT(.rel.*))

.rela.dyn
 *(SORT_BY_ALIGNMENT(.rela.*))

/DISCARD/
 *(SORT_BY_ALIGNMENT(.plt))

/DISCARD/
 *(SORT_BY_ALIGNMENT(.iplt))
                0x0000000000008000                __rom_region_start = 0x8000

rom_start       0x0000000000008000      0x144
                0x0000000000008000                __rom_start_address = .
                0x0000000000008000                . = (. + (0x0 - (. - __rom_start_address)))
                0x0000000000008000                . = ALIGN (0x4)
                0x0000000000008000                . = ALIGN (0x80)
                0x0000000000008000                . = ALIGN (0x200)
                0x0000000000008000                _vector_start = .
 *(SORT_BY_ALIGNMENT(.exc_vector_table))
 *(SORT_BY_ALIGNMENT(.exc_vector_table.*))
 .exc_vector_table._vector_table_section
                0x0000000000008000       0x40 zephyr/arch/arch/arm/core/aarch32/cortex_m/libarch__arm__core__aarch32__cortex_m.a(vector_table.S.obj)
                0x0000000000008000                _vector_table
 *(SORT_BY_ALIGNMENT(.vectors))
                0x0000000000008144                _vector_end = .
                0x0000000000008040                . = ALIGN (0x4)
 *(SORT_BY_ALIGNMENT(.gnu.linkonce.irq_vector_table*))
 .gnu.linkonce.irq_vector_table
                0x0000000000008040      0x104 zephyr/arch/common/libisr_tables.a(isr_tables.c.obj)
                0x0000000000008040                _irq_vector_table
                0x0000000000008144                _vector_end = .

text            0x0000000000008148     0x7ea4
                0x0000000000008148                __text_region_start = .
 *(SORT_BY_ALIGNMENT(.text))
 .text          0x0000000000008148       0x30 c:/ncs/toolchains/31f4403e35/opt/zephyr-sdk/arm-zephyr-eabi/bin/../lib/gcc/arm-zephyr-eabi/12.2.0/thumb/v8-m.main/nofp\libgcc.a(_aeabi_uldivmod.o)
                0x0000000000008148                __aeabi_uldivmod
 .text          0x0000000000008178        0x4 c:/ncs/toolchains/31f4403e35/opt/zephyr-sdk/arm-zephyr-eabi/bin/../lib/gcc/arm-zephyr-eabi/12.2.0/thumb/v8-m.main/nofp\libgcc.a(_dvmd_tls.o)
                0x0000000000008178                __aeabi_idiv0
                0x0000000000008178                __aeabi_ldiv0
 .text          0x000000000000817c      0x29c c:/ncs/toolchains/31f4403e35/opt/zephyr-sdk/arm-zephyr-eabi/bin/../lib/gcc/arm-zephyr-eabi/12.2.0/thumb/v8-m.main/nofp\libgcc.a(_udivmoddi4.o)
                0x000000000000817c                __udivmoddi4
 .text          0x0000000000008418       0x10 c:\ncs\toolchains\31f4403e35\opt\zephyr-sdk\arm-zephyr-eabi\bin\../lib/gcc/../../picolibc/arm-zephyr-eabi/lib/thumb/v8-m.main/nofp\libc.a(strlen.S.o)
                0x0000000000008418                strlen
 *(SORT_BY_ALIGNMENT(.text.*))
 .text.main     0x0000000000008428       0xf4 app/libapp.a(main.c.obj)
                0x0000000000008428                main
 *fill*         0x000000000000851c        0x4 
 .text.pwm_set  0x0000000000008520       0x9c zephyr/drivers/led/libdrivers__led.a(led_pwm.c.obj)
 .text.cbvprintf_package
                0x00000000000085bc      0x3a4 zephyr/libzephyr.a(cbprintf_packaged.c.obj)
                0x00000000000085bc                cbvprintf_package
 .text.__printk_hook_install
                0x0000000000008960        0xc zephyr/libzephyr.a(printk.c.obj)
                0x0000000000008960                __printk_hook_install
 .text.z_thread_entry
                0x000000000000896c       0x34 zephyr/libzephyr.a(thread_entry.c.obj)
                0x000000000000896c                z_thread_entry
 .text.process_event
                0x00000000000089a0      0x21c zephyr/libzephyr.a(onoff.c.obj)
 .text.nordicsemi_nrf91_init
                0x0000000000008bbc       0x10 zephyr/libzephyr.a(soc.c.obj)
 .text.arch_busy_wait
                0x0000000000008bcc       0x14 zephyr/libzephyr.a(soc.c.obj)
                0x0000000000008bcc                arch_busy_wait
 .text.z_arm_platform_init
                0x0000000000008be0        0x4 zephyr/libzephyr.a(soc_nrf_common.S.obj)
                0x0000000000008be0                z_arm_platform_init
 .text.z_log_init.isra.0
                0x0000000000008be4       0xd0 zephyr/libzephyr.a(log_core.c.obj)
 .text.log_format_func_t_get
                0x0000000000008cb4        0xc zephyr/libzephyr.a(log_core.c.obj)
                0x0000000000008cb4                log_format_func_t_get
 .text.log_set_timestamp_func
                0x0000000000008cc0       0x20 zephyr/libzephyr.a(log_core.c.obj)
                0x0000000000008cc0                log_set_timestamp_func
 .text.log_core_init
                0x0000000000008ce0       0x28 zephyr/libzephyr.a(log_core.c.obj)
                0x0000000000008ce0                log_core_init
 .text.z_impl_log_panic
                0x0000000000008d08       0x3c zephyr/libzephyr.a(log_core.c.obj)
                0x0000000000008d08                z_impl_log_panic
 .text.z_log_dropped
                0x0000000000008d44       0x28 zephyr/libzephyr.a(log_core.c.obj)
                0x0000000000008d44                z_log_dropped
 .text.z_log_msg_commit
                0x0000000000008d6c       0x38 zephyr/libzephyr.a(log_core.c.obj)
                0x0000000000008d6c                z_log_msg_commit
 .text.log_source_name_get
                0x0000000000008da4       0x1c zephyr/libzephyr.a(log_mgmt.c.obj)
                0x0000000000008da4                log_source_name_get
 .text.log_backend_enable
                0x0000000000008dc0       0x28 zephyr/libzephyr.a(log_mgmt.c.obj)
                0x0000000000008dc0                log_backend_enable
 .text.z_impl_z_log_msg_runtime_vcreate
                0x0000000000008de8       0x8c zephyr/libzephyr.a(log_msg.c.obj)
                0x0000000000008de8                z_impl_z_log_msg_runtime_vcreate
 .text.print_formatted
                0x0000000000008e74       0x24 zephyr/libzephyr.a(log_output.c.obj)
 .text.newline_print
                0x0000000000008e98       0x1c zephyr/libzephyr.a(log_output.c.obj)
 .text.log_output_process
                0x0000000000008eb4      0x2a8 zephyr/libzephyr.a(log_output.c.obj)
                0x0000000000008eb4                log_output_process
 .text.log_output_msg_process
                0x000000000000915c       0x70 zephyr/libzephyr.a(log_output.c.obj)
                0x000000000000915c                log_output_msg_process
 .text.log_output_timestamp_freq_set
                0x00000000000091cc       0x2c zephyr/libzephyr.a(log_output.c.obj)
                0x00000000000091cc                log_output_timestamp_freq_set
 .text.format_set
                0x00000000000091f8        0xc zephyr/libzephyr.a(log_backend_uart.c.obj)
 .text.panic    0x0000000000009204       0x14 zephyr/libzephyr.a(log_backend_uart.c.obj)
 .text.process  0x0000000000009218       0x24 zephyr/libzephyr.a(log_backend_uart.c.obj)
 .text.char_out
                0x000000000000923c       0x24 zephyr/libzephyr.a(log_backend_uart.c.obj)
 .text.z_arm_cpu_idle_init
                0x0000000000009260        0xc zephyr/arch/arch/arm/core/aarch32/libarch__arm__core__aarch32.a(cpu_idle.S.obj)
                0x0000000000009260                z_arm_cpu_idle_init
 .text.arch_cpu_idle
                0x000000000000926c       0x1c zephyr/arch/arch/arm/core/aarch32/libarch__arm__core__aarch32.a(cpu_idle.S.obj)
                0x000000000000926c                arch_cpu_idle
 .text.arch_cpu_atomic_idle
                0x0000000000009288       0x18 zephyr/arch/arch/arm/core/aarch32/libarch__arm__core__aarch32.a(cpu_idle.S.obj)
                0x0000000000009288                arch_cpu_atomic_idle
 .text.z_arm_fatal_error
                0x00000000000092a0       0xa0 zephyr/arch/arch/arm/core/aarch32/libarch__arm__core__aarch32.a(fatal.c.obj)
                0x00000000000092a0                z_arm_fatal_error
 .text.arch_irq_enable
                0x0000000000009340       0x1c zephyr/arch/arch/arm/core/aarch32/libarch__arm__core__aarch32.a(irq_manage.c.obj)
                0x0000000000009340                arch_irq_enable
 .text.arch_irq_is_enabled
                0x000000000000935c       0x1c zephyr/arch/arch/arm/core/aarch32/libarch__arm__core__aarch32.a(irq_manage.c.obj)
                0x000000000000935c                arch_irq_is_enabled
 .text.z_arm_irq_priority_set
                0x0000000000009378       0x2c zephyr/arch/arch/arm/core/aarch32/libarch__arm__core__aarch32.a(irq_manage.c.obj)
                0x0000000000009378                z_arm_irq_priority_set
 .text.z_SysNmiOnReset
                0x00000000000093a4        0x8 zephyr/arch/arch/arm/core/aarch32/libarch__arm__core__aarch32.a(nmi_on_reset.S.obj)
                0x00000000000093a4                z_SysNmiOnReset
 .text.z_arm_prep_c
                0x00000000000093ac       0x38 zephyr/arch/arch/arm/core/aarch32/libarch__arm__core__aarch32.a(prep_c.c.obj)
                0x00000000000093ac                z_arm_prep_c
 .text.arch_swap
                0x00000000000093e4       0x34 zephyr/arch/arch/arm/core/aarch32/libarch__arm__core__aarch32.a(swap.c.obj)
                0x00000000000093e4                arch_swap
 .text.z_arm_pendsv
                0x0000000000009418       0x70 zephyr/arch/arch/arm/core/aarch32/libarch__arm__core__aarch32.a(swap_helper.S.obj)
                0x0000000000009418                z_arm_pendsv
 .text.z_arm_svc
                0x0000000000009488       0x20 zephyr/arch/arch/arm/core/aarch32/libarch__arm__core__aarch32.a(swap_helper.S.obj)
                0x0000000000009488                z_arm_svc
 .text.arch_new_thread
                0x00000000000094a8       0x3c zephyr/arch/arch/arm/core/aarch32/libarch__arm__core__aarch32.a(thread.c.obj)
                0x00000000000094a8                arch_new_thread
 .text.arch_switch_to_main_thread
                0x00000000000094e4       0x34 zephyr/arch/arch/arm/core/aarch32/libarch__arm__core__aarch32.a(thread.c.obj)
                0x00000000000094e4                arch_switch_to_main_thread
 .text._isr_wrapper
                0x0000000000009518       0x28 zephyr/arch/arch/arm/core/aarch32/libarch__arm__core__aarch32.a(isr_wrapper.S.obj)
                0x0000000000009518                _isr_wrapper
 .text.arch_tls_stack_setup
                0x0000000000009540       0x5c zephyr/arch/arch/arm/core/aarch32/libarch__arm__core__aarch32.a(tls.c.obj)
                0x0000000000009540                arch_tls_stack_setup
 .text._HandlerModeExit
                0x000000000000959c       0x1c zephyr/arch/arch/arm/core/aarch32/cortex_m/libarch__arm__core__aarch32__cortex_m.a(exc_exit.S.obj)
                0x000000000000959c                z_arm_int_exit
                0x000000000000959c                z_arm_exc_exit
 .text.mem_manage_fault.constprop.0
                0x00000000000095b8      0x130 zephyr/arch/arch/arm/core/aarch32/cortex_m/libarch__arm__core__aarch32__cortex_m.a(fault.c.obj)
 .text.bus_fault.constprop.0
                0x00000000000096e8      0x13c zephyr/arch/arch/arm/core/aarch32/cortex_m/libarch__arm__core__aarch32__cortex_m.a(fault.c.obj)
 .text.usage_fault.constprop.0
                0x0000000000009824      0x128 zephyr/arch/arch/arm/core/aarch32/cortex_m/libarch__arm__core__aarch32__cortex_m.a(fault.c.obj)
 .text.z_arm_fault
                0x000000000000994c      0x218 zephyr/arch/arch/arm/core/aarch32/cortex_m/libarch__arm__core__aarch32__cortex_m.a(fault.c.obj)
                0x000000000000994c                z_arm_fault
 .text.z_arm_fault_init
                0x0000000000009b64       0x18 zephyr/arch/arch/arm/core/aarch32/cortex_m/libarch__arm__core__aarch32__cortex_m.a(fault.c.obj)
                0x0000000000009b64                z_arm_fault_init
 .text.__fault  0x0000000000009b7c       0x14 zephyr/arch/arch/arm/core/aarch32/cortex_m/libarch__arm__core__aarch32__cortex_m.a(fault_s.S.obj)
                0x0000000000009b7c                z_arm_usage_fault
                0x0000000000009b7c                z_arm_mpu_fault
                0x0000000000009b7c                z_arm_exc_spurious
                0x0000000000009b7c                z_arm_debug_monitor
                0x0000000000009b7c                z_arm_hard_fault
                0x0000000000009b7c                z_arm_bus_fault
 .text.z_arm_interrupt_init
                0x0000000000009b90       0x18 zephyr/arch/arch/arm/core/aarch32/cortex_m/libarch__arm__core__aarch32__cortex_m.a(irq_init.c.obj)
                0x0000000000009b90                z_arm_interrupt_init
 .text._reset_section
                0x0000000000009ba8       0x60 zephyr/arch/arch/arm/core/aarch32/cortex_m/libarch__arm__core__aarch32__cortex_m.a(reset.S.obj)
                0x0000000000009ba8                __start
                0x0000000000009ba8                z_arm_reset
 .text.sys_arch_reboot
                0x0000000000009c08       0x24 zephyr/arch/arch/arm/core/aarch32/cortex_m/libarch__arm__core__aarch32__cortex_m.a(scb.c.obj)
                0x0000000000009c08                sys_arch_reboot
 .text.z_arm_clear_arm_mpu_config
                0x0000000000009c2c       0x24 zephyr/arch/arch/arm/core/aarch32/cortex_m/libarch__arm__core__aarch32__cortex_m.a(scb.c.obj)
                0x0000000000009c2c                z_arm_clear_arm_mpu_config
 .text.z_arm_init_arch_hw_at_boot
                0x0000000000009c50       0x4c zephyr/arch/arch/arm/core/aarch32/cortex_m/libarch__arm__core__aarch32__cortex_m.a(scb.c.obj)
                0x0000000000009c50                z_arm_init_arch_hw_at_boot
 .text.z_impl_k_thread_abort
                0x0000000000009c9c       0x2c zephyr/arch/arch/arm/core/aarch32/cortex_m/libarch__arm__core__aarch32__cortex_m.a(thread_abort.c.obj)
                0x0000000000009c9c                z_impl_k_thread_abort
 .text.z_arm_configure_static_mpu_regions
                0x0000000000009cc8       0x38 zephyr/arch/arch/arm/core/aarch32/mpu/libarch__arm__core__aarch32__mpu.a(arm_core_mpu.c.obj)
                0x0000000000009cc8                z_arm_configure_static_mpu_regions
 .text.region_init
                0x0000000000009d00       0x34 zephyr/arch/arch/arm/core/aarch32/mpu/libarch__arm__core__aarch32__mpu.a(arm_mpu.c.obj)
 .text.region_allocate_and_init
                0x0000000000009d34       0x38 zephyr/arch/arch/arm/core/aarch32/mpu/libarch__arm__core__aarch32__mpu.a(arm_mpu.c.obj)
 .text.mpu_configure_regions_and_partition.constprop.0
                0x0000000000009d6c      0x170 zephyr/arch/arch/arm/core/aarch32/mpu/libarch__arm__core__aarch32__mpu.a(arm_mpu.c.obj)
 .text.arm_core_mpu_enable
                0x0000000000009edc       0x18 zephyr/arch/arch/arm/core/aarch32/mpu/libarch__arm__core__aarch32__mpu.a(arm_mpu.c.obj)
                0x0000000000009edc                arm_core_mpu_enable
 .text.arm_core_mpu_disable
                0x0000000000009ef4       0x14 zephyr/arch/arch/arm/core/aarch32/mpu/libarch__arm__core__aarch32__mpu.a(arm_mpu.c.obj)
                0x0000000000009ef4                arm_core_mpu_disable
 .text.arm_core_mpu_configure_static_mpu_regions
                0x0000000000009f08       0x14 zephyr/arch/arch/arm/core/aarch32/mpu/libarch__arm__core__aarch32__mpu.a(arm_mpu.c.obj)
                0x0000000000009f08                arm_core_mpu_configure_static_mpu_regions
 .text.arm_core_mpu_mark_areas_for_dynamic_regions
                0x0000000000009f1c       0xb8 zephyr/arch/arch/arm/core/aarch32/mpu/libarch__arm__core__aarch32__mpu.a(arm_mpu.c.obj)
                0x0000000000009f1c                arm_core_mpu_mark_areas_for_dynamic_regions
 .text.z_arm_mpu_init
                0x0000000000009fd4       0x4c zephyr/arch/arch/arm/core/aarch32/mpu/libarch__arm__core__aarch32__mpu.a(arm_mpu.c.obj)
                0x0000000000009fd4                z_arm_mpu_init
 .text.z_impl_zephyr_fputc
                0x000000000000a020       0x10 zephyr/lib/libc/picolibc/liblib__libc__picolibc.a(libc-hooks.c.obj)
                0x000000000000a020                z_impl_zephyr_fputc
 .text.__stdout_hook_install
                0x000000000000a030       0x18 zephyr/lib/libc/picolibc/liblib__libc__picolibc.a(libc-hooks.c.obj)
                0x000000000000a030                __stdout_hook_install
 .text.cbvprintf
                0x000000000000a048       0x38 zephyr/lib/libc/picolibc/liblib__libc__picolibc.a(libc-hooks.c.obj)
                0x000000000000a048                cbvprintf
 .text.malloc_prepare
                0x000000000000a080       0x24 zephyr/lib/libc/common/liblib__libc__common.a(malloc.c.obj)
 .text.onoff_stop
                0x000000000000a0a4       0x30 zephyr/drivers/clock_control/libdrivers__clock_control.a(clock_control_nrf.c.obj)
 .text.onoff_start
                0x000000000000a0d4       0x44 zephyr/drivers/clock_control/libdrivers__clock_control.a(clock_control_nrf.c.obj)
 .text.clk_init
                0x000000000000a118       0x58 zephyr/drivers/clock_control/libdrivers__clock_control.a(clock_control_nrf.c.obj)
 .text.clkstarted_handle.constprop.0
                0x000000000000a170       0x34 zephyr/drivers/clock_control/libdrivers__clock_control.a(clock_control_nrf.c.obj)
 .text.clock_event_handler
                0x000000000000a1a4       0x1c zephyr/drivers/clock_control/libdrivers__clock_control.a(clock_control_nrf.c.obj)
 .text.generic_hfclk_start
                0x000000000000a1c0       0x64 zephyr/drivers/clock_control/libdrivers__clock_control.a(clock_control_nrf.c.obj)
 .text.api_blocking_start
                0x000000000000a224       0x34 zephyr/drivers/clock_control/libdrivers__clock_control.a(clock_control_nrf.c.obj)
 .text.generic_hfclk_stop
                0x000000000000a258       0x34 zephyr/drivers/clock_control/libdrivers__clock_control.a(clock_control_nrf.c.obj)
 .text.z_nrf_clock_control_lf_on
                0x000000000000a28c       0xf8 zephyr/drivers/clock_control/libdrivers__clock_control.a(clock_control_nrf.c.obj)
                0x000000000000a28c                z_nrf_clock_control_lf_on
 .text.uart_console_init
                0x000000000000a384       0x28 zephyr/drivers/console/libdrivers__console.a(uart_console.c.obj)
 .text.console_out
                0x000000000000a3ac       0x28 zephyr/drivers/console/libdrivers__console.a(uart_console.c.obj)
 .text.gpio_nrfx_pin_interrupt_configure
                0x000000000000a3d4       0xd8 zephyr/drivers/gpio/libdrivers__gpio.a(gpio_nrfx.c.obj)
 .text.gpio_nrfx_init
                0x000000000000a4ac       0x38 zephyr/drivers/gpio/libdrivers__gpio.a(gpio_nrfx.c.obj)
 .text.nrfx_gpio_handler
                0x000000000000a4e4       0x3c zephyr/drivers/gpio/libdrivers__gpio.a(gpio_nrfx.c.obj)
 .text.gpio_nrfx_pin_configure
                0x000000000000a520      0x124 zephyr/drivers/gpio/libdrivers__gpio.a(gpio_nrfx.c.obj)
 .text.led_gpio_init
                0x000000000000a644       0xec zephyr/drivers/led/libdrivers__led.a(led_gpio.c.obj)
 .text.led_pwm_init
                0x000000000000a730       0x68 zephyr/drivers/led/libdrivers__led.a(led_pwm.c.obj)
 .text.pinctrl_configure_pins
                0x000000000000a798      0x15c zephyr/drivers/pinctrl/libdrivers__pinctrl.a(pinctrl_nrf.c.obj)
                0x000000000000a798                pinctrl_configure_pins
 .text.pwm_nrfx_get_cycles_per_sec
                0x000000000000a8f4       0x10 zephyr/drivers/pwm/libdrivers__pwm.a(pwm_nrfx.c.obj)
 .text.pwm_nrfx_init
                0x000000000000a904       0xd0 zephyr/drivers/pwm/libdrivers__pwm.a(pwm_nrfx.c.obj)
 .text.pwm_nrfx_set_cycles
                0x000000000000a9d4      0x1a8 zephyr/drivers/pwm/libdrivers__pwm.a(pwm_nrfx.c.obj)
 .text.z_log_msg_runtime_create.constprop.0
                0x000000000000ab7c       0x24 zephyr/drivers/serial/libdrivers__serial.a(uart_nrfx_uarte.c.obj)
 .text.uarte_nrfx_configure
                0x000000000000aba0      0x168 zephyr/drivers/serial/libdrivers__serial.a(uart_nrfx_uarte.c.obj)
 .text.uarte_0_init
                0x000000000000ad08      0x104 zephyr/drivers/serial/libdrivers__serial.a(uart_nrfx_uarte.c.obj)
 .text.uarte_nrfx_poll_out
                0x000000000000ae0c       0xcc zephyr/drivers/serial/libdrivers__serial.a(uart_nrfx_uarte.c.obj)
 .text.compare_int_lock
                0x000000000000aed8       0x40 zephyr/drivers/timer/libdrivers__timer.a(nrf_rtc_timer.c.obj)
 .text.sys_clock_timeout_handler
                0x000000000000af18       0x48 zephyr/drivers/timer/libdrivers__timer.a(nrf_rtc_timer.c.obj)
 .text.compare_int_unlock
                0x000000000000af60       0x4c zephyr/drivers/timer/libdrivers__timer.a(nrf_rtc_timer.c.obj)
 .text.z_nrf_rtc_timer_read
                0x000000000000afac       0x44 zephyr/drivers/timer/libdrivers__timer.a(nrf_rtc_timer.c.obj)
                0x000000000000afac                z_nrf_rtc_timer_read
 .text.compare_set
                0x000000000000aff0      0x124 zephyr/drivers/timer/libdrivers__timer.a(nrf_rtc_timer.c.obj)
 .text.sys_clock_driver_init
                0x000000000000b114       0x90 zephyr/drivers/timer/libdrivers__timer.a(nrf_rtc_timer.c.obj)
 .text.rtc_nrf_isr
                0x000000000000b1a4       0xd0 zephyr/drivers/timer/libdrivers__timer.a(nrf_rtc_timer.c.obj)
                0x000000000000b1a4                rtc_nrf_isr
 .text.sys_clock_set_timeout
                0x000000000000b274       0x64 zephyr/drivers/timer/libdrivers__timer.a(nrf_rtc_timer.c.obj)
                0x000000000000b274                sys_clock_set_timeout
 .text.sys_clock_elapsed
                0x000000000000b2d8       0x14 zephyr/drivers/timer/libdrivers__timer.a(nrf_rtc_timer.c.obj)
                0x000000000000b2d8                sys_clock_elapsed
 .text.thread_monitor_entry_get
                0x000000000000b2ec       0x48 modules/nrf/lib/nrf_modem_lib/lib..__nrf__lib__nrf_modem_lib.a(nrf_modem_os.c.obj)
 .text.on_init  0x000000000000b334       0x20 modules/nrf/lib/nrf_modem_lib/lib..__nrf__lib__nrf_modem_lib.a(nrf_modem_os.c.obj)
 .text.nrf_modem_os_timedwait
                0x000000000000b354      0x194 modules/nrf/lib/nrf_modem_lib/lib..__nrf__lib__nrf_modem_lib.a(nrf_modem_os.c.obj)
                0x000000000000b354                nrf_modem_os_timedwait
 .text.nrf_modem_os_errno_set
                0x000000000000b4e8       0x14 modules/nrf/lib/nrf_modem_lib/lib..__nrf__lib__nrf_modem_lib.a(nrf_modem_os.c.obj)
                0x000000000000b4e8                nrf_modem_os_errno_set
 .text.nrf_modem_os_sem_init
                0x000000000000b4fc       0x34 modules/nrf/lib/nrf_modem_lib/lib..__nrf__lib__nrf_modem_lib.a(nrf_modem_os.c.obj)
                0x000000000000b4fc                nrf_modem_os_sem_init
 .text.nrf_modem_os_event_notify
                0x000000000000b530       0x38 modules/nrf/lib/nrf_modem_lib/lib..__nrf__lib__nrf_modem_lib.a(nrf_modem_os.c.obj)
                0x000000000000b530                nrf_modem_os_event_notify
 .text.nrf_modem_os_alloc
                0x000000000000b568       0x10 modules/nrf/lib/nrf_modem_lib/lib..__nrf__lib__nrf_modem_lib.a(nrf_modem_os.c.obj)
                0x000000000000b568                nrf_modem_os_alloc
 .text.nrf_modem_os_free
                0x000000000000b578        0xc modules/nrf/lib/nrf_modem_lib/lib..__nrf__lib__nrf_modem_lib.a(nrf_modem_os.c.obj)
                0x000000000000b578                nrf_modem_os_free
 .text.nrf_modem_os_shm_tx_alloc
                0x000000000000b584       0x10 modules/nrf/lib/nrf_modem_lib/lib..__nrf__lib__nrf_modem_lib.a(nrf_modem_os.c.obj)
                0x000000000000b584                nrf_modem_os_shm_tx_alloc
 .text.nrf_modem_os_shm_tx_free
                0x000000000000b594        0xc modules/nrf/lib/nrf_modem_lib/lib..__nrf__lib__nrf_modem_lib.a(nrf_modem_os.c.obj)
                0x000000000000b594                nrf_modem_os_shm_tx_free
 .text.z_log_msg_runtime_create.constprop.0
                0x000000000000b5a0       0x24 modules/nrf/lib/fatal_error/lib..__nrf__lib__fatal_error.a(fatal_error.c.obj)
 .text.k_sys_fatal_error_handler
                0x000000000000b5c4       0x2c modules/nrf/lib/fatal_error/lib..__nrf__lib__fatal_error.a(fatal_error.c.obj)
                0x000000000000b5c4                k_sys_fatal_error_handler
 .text.on_modem_lib_init
                0x000000000000b5f0       0x64 modules/nrf/lib/modem_antenna/lib..__nrf__lib__modem_antenna.a(modem_antenna.c.obj)
 .text.tfm_ns_interface_dispatch
                0x000000000000b654       0x64 modules/trusted-firmware-m/libtfm_api.a(interface.c.obj)
                0x000000000000b654                tfm_ns_interface_dispatch
 .text.psa_generate_random
                0x000000000000b6b8       0x40 modules/trusted-firmware-m/libtfm_api.a(tfm_crypto_api.c.obj)
                0x000000000000b6b8                psa_generate_random
 .text.psa_call
                0x000000000000b6f8       0x38 modules/trusted-firmware-m/libtfm_api.a(tfm_psa_ns_api.c.obj)
                0x000000000000b6f8                psa_call
 .text.nrfx_flag32_alloc
                0x000000000000b730       0x40 modules/hal_nordic/nrfx/libmodules__hal_nordic__nrfx.a(nrfx_flag32_allocator.c.obj)
                0x000000000000b730                nrfx_flag32_alloc
 .text.nrfx_flag32_free
                0x000000000000b770       0x38 modules/hal_nordic/nrfx/libmodules__hal_nordic__nrfx.a(nrfx_flag32_allocator.c.obj)
                0x000000000000b770                nrfx_flag32_free
 .text.nrfx_gppi_channels_enable
                0x000000000000b7a8        0xc modules/hal_nordic/nrfx/libmodules__hal_nordic__nrfx.a(nrfx_gppi_dppi.c.obj)
                0x000000000000b7a8                nrfx_gppi_channels_enable
 .text.clock_stop
                0x000000000000b7b4       0xb0 modules/hal_nordic/nrfx/libmodules__hal_nordic__nrfx.a(nrfx_clock.c.obj)
 .text.nrfx_clock_init
                0x000000000000b864       0x20 modules/hal_nordic/nrfx/libmodules__hal_nordic__nrfx.a(nrfx_clock.c.obj)
                0x000000000000b864                nrfx_clock_init
 .text.nrfx_clock_enable
                0x000000000000b884       0x20 modules/hal_nordic/nrfx/libmodules__hal_nordic__nrfx.a(nrfx_clock.c.obj)
                0x000000000000b884                nrfx_clock_enable
 .text.nrfx_clock_start
                0x000000000000b8a4       0x80 modules/hal_nordic/nrfx/libmodules__hal_nordic__nrfx.a(nrfx_clock.c.obj)
                0x000000000000b8a4                nrfx_clock_start
 .text.nrfx_power_clock_irq_handler
                0x000000000000b924       0x64 modules/hal_nordic/nrfx/libmodules__hal_nordic__nrfx.a(nrfx_clock.c.obj)
                0x000000000000b924                nrfx_power_clock_irq_handler
 .text.nrfx_dppi_channel_alloc
                0x000000000000b988        0xc modules/hal_nordic/nrfx/libmodules__hal_nordic__nrfx.a(nrfx_dppi.c.obj)
                0x000000000000b988                nrfx_dppi_channel_alloc
 .text.nrf_gpio_pin_port_decode
                0x000000000000b994       0x18 modules/hal_nordic/nrfx/libmodules__hal_nordic__nrfx.a(nrfx_gpiote.c.obj)
 .text.pin_in_use_by_te
                0x000000000000b9ac       0x14 modules/hal_nordic/nrfx/libmodules__hal_nordic__nrfx.a(nrfx_gpiote.c.obj)
 .text.pin_is_output
                0x000000000000b9c0       0x14 modules/hal_nordic/nrfx/libmodules__hal_nordic__nrfx.a(nrfx_gpiote.c.obj)
 .text.pin_te_get
                0x000000000000b9d4       0x14 modules/hal_nordic/nrfx/libmodules__hal_nordic__nrfx.a(nrfx_gpiote.c.obj)
 .text.call_handler
                0x000000000000b9e8       0x3c modules/hal_nordic/nrfx/libmodules__hal_nordic__nrfx.a(nrfx_gpiote.c.obj)
 .text.release_handler
                0x000000000000ba24       0x54 modules/hal_nordic/nrfx/libmodules__hal_nordic__nrfx.a(nrfx_gpiote.c.obj)
 .text.__nrfy_internal_gpiote_events_process.constprop.0
                0x000000000000ba78       0x5c modules/hal_nordic/nrfx/libmodules__hal_nordic__nrfx.a(nrfx_gpiote.c.obj)
 .text.nrfx_gpiote_input_configure
                0x000000000000bad4      0x168 modules/hal_nordic/nrfx/libmodules__hal_nordic__nrfx.a(nrfx_gpiote.c.obj)
                0x000000000000bad4                nrfx_gpiote_input_configure
 .text.nrfx_gpiote_output_configure
                0x000000000000bc3c       0xf0 modules/hal_nordic/nrfx/libmodules__hal_nordic__nrfx.a(nrfx_gpiote.c.obj)
                0x000000000000bc3c                nrfx_gpiote_output_configure
 .text.nrfx_gpiote_global_callback_set
                0x000000000000bd2c        0xc modules/hal_nordic/nrfx/libmodules__hal_nordic__nrfx.a(nrfx_gpiote.c.obj)
                0x000000000000bd2c                nrfx_gpiote_global_callback_set
 .text.nrfx_gpiote_channel_get
                0x000000000000bd38       0x2c modules/hal_nordic/nrfx/libmodules__hal_nordic__nrfx.a(nrfx_gpiote.c.obj)
                0x000000000000bd38                nrfx_gpiote_channel_get
 .text.nrfx_gpiote_init
                0x000000000000bd64       0x50 modules/hal_nordic/nrfx/libmodules__hal_nordic__nrfx.a(nrfx_gpiote.c.obj)
                0x000000000000bd64                nrfx_gpiote_init
 .text.nrfx_gpiote_is_init
                0x000000000000bdb4       0x14 modules/hal_nordic/nrfx/libmodules__hal_nordic__nrfx.a(nrfx_gpiote.c.obj)
                0x000000000000bdb4                nrfx_gpiote_is_init
 .text.nrfx_gpiote_channel_free
                0x000000000000bdc8        0xc modules/hal_nordic/nrfx/libmodules__hal_nordic__nrfx.a(nrfx_gpiote.c.obj)
                0x000000000000bdc8                nrfx_gpiote_channel_free
 .text.nrfx_gpiote_channel_alloc
                0x000000000000bdd4        0xc modules/hal_nordic/nrfx/libmodules__hal_nordic__nrfx.a(nrfx_gpiote.c.obj)
                0x000000000000bdd4                nrfx_gpiote_channel_alloc
 .text.nrfx_gpiote_trigger_enable
                0x000000000000bde0       0x94 modules/hal_nordic/nrfx/libmodules__hal_nordic__nrfx.a(nrfx_gpiote.c.obj)
                0x000000000000bde0                nrfx_gpiote_trigger_enable
 .text.nrfx_gpiote_trigger_disable
                0x000000000000be74       0x4c modules/hal_nordic/nrfx/libmodules__hal_nordic__nrfx.a(nrfx_gpiote.c.obj)
                0x000000000000be74                nrfx_gpiote_trigger_disable
 .text.nrfx_gpiote_pin_uninit
                0x000000000000bec0       0x80 modules/hal_nordic/nrfx/libmodules__hal_nordic__nrfx.a(nrfx_gpiote.c.obj)
                0x000000000000bec0                nrfx_gpiote_pin_uninit
 .text.nrfx_gpiote_irq_handler
                0x000000000000bf40      0x14c modules/hal_nordic/nrfx/libmodules__hal_nordic__nrfx.a(nrfx_gpiote.c.obj)
                0x000000000000bf40                nrfx_gpiote_irq_handler
 .text.nrfx_ipc_init
                0x000000000000c08c       0x30 modules/hal_nordic/nrfx/libmodules__hal_nordic__nrfx.a(nrfx_ipc.c.obj)
                0x000000000000c08c                nrfx_ipc_init
 .text.nrfx_ipc_config_load
                0x000000000000c0bc       0x40 modules/hal_nordic/nrfx/libmodules__hal_nordic__nrfx.a(nrfx_ipc.c.obj)
                0x000000000000c0bc                nrfx_ipc_config_load
 .text.nrfx_ipc_uninit
                0x000000000000c0fc       0x5c modules/hal_nordic/nrfx/libmodules__hal_nordic__nrfx.a(nrfx_ipc.c.obj)
                0x000000000000c0fc                nrfx_ipc_uninit
 .text.nrfx_ipc_receive_event_enable
                0x000000000000c158       0x10 modules/hal_nordic/nrfx/libmodules__hal_nordic__nrfx.a(nrfx_ipc.c.obj)
                0x000000000000c158                nrfx_ipc_receive_event_enable
 .text.nrfx_ipc_receive_event_disable
                0x000000000000c168       0x10 modules/hal_nordic/nrfx/libmodules__hal_nordic__nrfx.a(nrfx_ipc.c.obj)
                0x000000000000c168                nrfx_ipc_receive_event_disable
 .text.nrfx_ipc_irq_handler
                0x000000000000c178       0x40 modules/hal_nordic/nrfx/libmodules__hal_nordic__nrfx.a(nrfx_ipc.c.obj)
                0x000000000000c178                nrfx_ipc_irq_handler
 .text.pwm_stopped_check
                0x000000000000c1b8       0x34 modules/hal_nordic/nrfx/libmodules__hal_nordic__nrfx.a(nrfx_pwm.c.obj)
 .text.pwm_configure
                0x000000000000c1ec       0xec modules/hal_nordic/nrfx/libmodules__hal_nordic__nrfx.a(nrfx_pwm.c.obj)
 .text.nrfx_pwm_init
                0x000000000000c2d8       0x58 modules/hal_nordic/nrfx/libmodules__hal_nordic__nrfx.a(nrfx_pwm.c.obj)
                0x000000000000c2d8                nrfx_pwm_init
 .text.nrfx_pwm_simple_playback
                0x000000000000c330       0x7c modules/hal_nordic/nrfx/libmodules__hal_nordic__nrfx.a(nrfx_pwm.c.obj)
                0x000000000000c330                nrfx_pwm_simple_playback
 .text.nrfx_pwm_stop
                0x000000000000c3ac       0x3c modules/hal_nordic/nrfx/libmodules__hal_nordic__nrfx.a(nrfx_pwm.c.obj)
                0x000000000000c3ac                nrfx_pwm_stop
 .text.rpc_handle_data_message
                0x000000000000c3e8       0x38 C:/ncs/v2.5.0/nrfxlib/nrf_modem/lib/nRF9120/soft-float/libmodem.a(rpc_framework.c.obj)
                0x000000000000c3e8                rpc_handle_data_message
 .text.rpc_transport_msg_alloc
                0x000000000000c420        0xc C:/ncs/v2.5.0/nrfxlib/nrf_modem/lib/nRF9120/soft-float/libmodem.a(rpc_transport.c.obj)
                0x000000000000c420                rpc_transport_msg_alloc
 .text.rpc_transport_msg_rx_free
                0x000000000000c42c        0xc C:/ncs/v2.5.0/nrfxlib/nrf_modem/lib/nRF9120/soft-float/libmodem.a(rpc_transport.c.obj)
                0x000000000000c42c                rpc_transport_msg_rx_free
 .text.rpc_transport_msg_data_rx_free
                0x000000000000c438        0xc C:/ncs/v2.5.0/nrfxlib/nrf_modem/lib/nRF9120/soft-float/libmodem.a(rpc_transport.c.obj)
                0x000000000000c438                rpc_transport_msg_data_rx_free
 .text.rpc_transport_msg_send
                0x000000000000c444        0xc C:/ncs/v2.5.0/nrfxlib/nrf_modem/lib/nRF9120/soft-float/libmodem.a(rpc_transport.c.obj)
                0x000000000000c444                rpc_transport_msg_send
 .text.rpc_transport_ipc_msg_data_tx_size
                0x000000000000c450        0xc C:/ncs/v2.5.0/nrfxlib/nrf_modem/lib/nRF9120/soft-float/libmodem.a(rpc_transport_ipc.c.obj)
 .text.rpc_transport_ipc_msg_rx_free
                0x000000000000c45c       0x4c C:/ncs/v2.5.0/nrfxlib/nrf_modem/lib/nRF9120/soft-float/libmodem.a(rpc_transport_ipc.c.obj)
 .text.rpc_transport_ipc_msg_tx_free
                0x000000000000c4a8       0x38 C:/ncs/v2.5.0/nrfxlib/nrf_modem/lib/nRF9120/soft-float/libmodem.a(rpc_transport_ipc.c.obj)
 .text.handle_modem_rpc_msg
                0x000000000000c4e0       0x78 C:/ncs/v2.5.0/nrfxlib/nrf_modem/lib/nRF9120/soft-float/libmodem.a(rpc_transport_ipc.c.obj)
 .text.rpc_message_handler
                0x000000000000c558       0x24 C:/ncs/v2.5.0/nrfxlib/nrf_modem/lib/nRF9120/soft-float/libmodem.a(rpc_transport_ipc.c.obj)
 .text.ipc_irq_handler
                0x000000000000c57c       0xfc C:/ncs/v2.5.0/nrfxlib/nrf_modem/lib/nRF9120/soft-float/libmodem.a(rpc_transport_ipc.c.obj)
                0x000000000000c57c                ipc_irq_handler
 .text.rpc_transport_ipc_data_msg_send
                0x000000000000c678       0x6c C:/ncs/v2.5.0/nrfxlib/nrf_modem/lib/nRF9120/soft-float/libmodem.a(rpc_transport_ipc.c.obj)
 .text.rpc_transport_ipc_ctrl_msg_alloc
                0x000000000000c6e4       0x44 C:/ncs/v2.5.0/nrfxlib/nrf_modem/lib/nRF9120/soft-float/libmodem.a(rpc_transport_ipc.c.obj)
 .text.rpc_transport_ipc_data_msg_alloc
                0x000000000000c728       0x24 C:/ncs/v2.5.0/nrfxlib/nrf_modem/lib/nRF9120/soft-float/libmodem.a(rpc_transport_ipc.c.obj)
 .text.rpc_transport_ipc_init
                0x000000000000c74c      0x1cc C:/ncs/v2.5.0/nrfxlib/nrf_modem/lib/nRF9120/soft-float/libmodem.a(rpc_transport_ipc.c.obj)
 .text.rpc_transport_ipc_ctrl_msg_send
                0x000000000000c918       0x6c C:/ncs/v2.5.0/nrfxlib/nrf_modem/lib/nRF9120/soft-float/libmodem.a(rpc_transport_ipc.c.obj)
 .text.rpc_transport_ipc_request_shutdown
                0x000000000000c984       0x38 C:/ncs/v2.5.0/nrfxlib/nrf_modem/lib/nRF9120/soft-float/libmodem.a(rpc_transport_ipc.c.obj)
 .text.rpc_transport_ipc_msg_data_rx_free
                0x000000000000c9bc       0x30 C:/ncs/v2.5.0/nrfxlib/nrf_modem/lib/nRF9120/soft-float/libmodem.a(rpc_transport_ipc.c.obj)
 .text.at_cmd_send
                0x000000000000c9ec       0x74 C:/ncs/v2.5.0/nrfxlib/nrf_modem/lib/nRF9120/soft-float/libmodem.a(nrf_modem_at.c.obj)
 .text.at_response_match
                0x000000000000ca60       0x48 C:/ncs/v2.5.0/nrfxlib/nrf_modem/lib/nRF9120/soft-float/libmodem.a(nrf_modem_at.c.obj)
 .text.at_cmd_vsprintf
                0x000000000000caa8       0x50 C:/ncs/v2.5.0/nrfxlib/nrf_modem/lib/nRF9120/soft-float/libmodem.a(nrf_modem_at.c.obj)
 .text.nrf_modem_at_printf
                0x000000000000caf8       0x8c C:/ncs/v2.5.0/nrfxlib/nrf_modem/lib/nRF9120/soft-float/libmodem.a(nrf_modem_at.c.obj)
                0x000000000000caf8                nrf_modem_at_printf
 .text.rpc_at_event_handler
                0x000000000000cb84       0x8c C:/ncs/v2.5.0/nrfxlib/nrf_modem/lib/nRF9120/soft-float/libmodem.a(nrf_modem_at.c.obj)
                0x000000000000cb84                rpc_at_event_handler
 .text.sock_find
                0x000000000000cc10       0x24 C:/ncs/v2.5.0/nrfxlib/nrf_modem/lib/nRF9120/soft-float/libmodem.a(sock.c.obj)
                0x000000000000cc10                sock_find
 .text.sock_rpc_flow_control_set
                0x000000000000cc34       0x54 C:/ncs/v2.5.0/nrfxlib/nrf_modem/lib/nRF9120/soft-float/libmodem.a(sock.c.obj)
                0x000000000000cc34                sock_rpc_flow_control_set
 .text.sock_apn_rate_control_set
                0x000000000000cc88       0x28 C:/ncs/v2.5.0/nrfxlib/nrf_modem/lib/nRF9120/soft-float/libmodem.a(sock.c.obj)
                0x000000000000cc88                sock_apn_rate_control_set
 .text.on_getaddrinfo_res
                0x000000000000ccb0       0x18 C:/ncs/v2.5.0/nrfxlib/nrf_modem/lib/nRF9120/soft-float/libmodem.a(dns.c.obj)
                0x000000000000ccb0                on_getaddrinfo_res
 .text.on_tls_attach_res
                0x000000000000ccc8       0x28 C:/ncs/v2.5.0/nrfxlib/nrf_modem/lib/nRF9120/soft-float/libmodem.a(tls.c.obj)
                0x000000000000ccc8                on_tls_attach_res
 .text.on_tls_handshake_ntf
                0x000000000000ccf0       0x34 C:/ncs/v2.5.0/nrfxlib/nrf_modem/lib/nRF9120/soft-float/libmodem.a(tls.c.obj)
                0x000000000000ccf0                on_tls_handshake_ntf
 .text.tls_attach
                0x000000000000cd24       0xf0 C:/ncs/v2.5.0/nrfxlib/nrf_modem/lib/nRF9120/soft-float/libmodem.a(tls.c.obj)
                0x000000000000cd24                tls_attach
 .text.rpc_error_to_nrf_errno
                0x000000000000ce14       0x18 C:/ncs/v2.5.0/nrfxlib/nrf_modem/lib/nRF9120/soft-float/libmodem.a(tables.c.obj)
                0x000000000000ce14                rpc_error_to_nrf_errno
 .text.rpc_gnss_event_handler
                0x000000000000ce2c      0x134 C:/ncs/v2.5.0/nrfxlib/nrf_modem/lib/nRF9120/soft-float/libmodem.a(nrf_modem_gnss.c.obj)
                0x000000000000ce2c                rpc_gnss_event_handler
 .text.rpc_softsim_event_handler
                0x000000000000cf60       0x20 C:/ncs/v2.5.0/nrfxlib/nrf_modem/lib/nRF9120/soft-float/libmodem.a(nrf_modem_softsim.c.obj)
                0x000000000000cf60                rpc_softsim_event_handler
 .text.nrf_modem_fault_handler_internal
                0x000000000000cf80       0x18 C:/ncs/v2.5.0/nrfxlib/nrf_modem/lib/nRF9120/soft-float/libmodem.a(nrf_modem_fault.c.obj)
                0x000000000000cf80                nrf_modem_fault_handler_internal
 .text.nrf_modem_state_set
                0x000000000000cf98        0xc C:/ncs/v2.5.0/nrfxlib/nrf_modem/lib/nRF9120/soft-float/libmodem.a(nrf_modem_state.c.obj)
                0x000000000000cf98                nrf_modem_state_set
 .text.nrf_modem_state_is_initialized
                0x000000000000cfa4       0x10 C:/ncs/v2.5.0/nrfxlib/nrf_modem/lib/nRF9120/soft-float/libmodem.a(nrf_modem_state.c.obj)
                0x000000000000cfa4                nrf_modem_state_is_initialized
 .text.ipc_trace_init
                0x000000000000cfb4       0x38 C:/ncs/v2.5.0/nrfxlib/nrf_modem/lib/nRF9120/soft-float/libmodem.a(ipc_trace.c.obj)
                0x000000000000cfb4                ipc_trace_init
 .text.ipc_trace_handler
                0x000000000000cfec       0xc8 C:/ncs/v2.5.0/nrfxlib/nrf_modem/lib/nRF9120/soft-float/libmodem.a(ipc_trace.c.obj)
                0x000000000000cfec                ipc_trace_handler
 .text.z_fatal_error
                0x000000000000d0b4       0xcc zephyr/kernel/libkernel.a(fatal.c.obj)
                0x000000000000d0b4                z_fatal_error
 .text.z_sys_init_run_level
                0x000000000000d180       0x48 zephyr/kernel/libkernel.a(init.c.obj)
 .text.bg_thread_main
                0x000000000000d1c8       0x34 zephyr/kernel/libkernel.a(init.c.obj)
 .text.z_bss_zero
                0x000000000000d1fc       0x18 zephyr/kernel/libkernel.a(init.c.obj)
                0x000000000000d1fc                z_bss_zero
 .text.z_init_cpu
                0x000000000000d214       0x7c zephyr/kernel/libkernel.a(init.c.obj)
                0x000000000000d214                z_init_cpu
 .text.z_cstart
                0x000000000000d290       0xe4 zephyr/kernel/libkernel.a(init.c.obj)
                0x000000000000d290                z_cstart
 .text.statics_init
                0x000000000000d374       0x24 zephyr/kernel/libkernel.a(kheap.c.obj)
 .text.z_setup_new_thread
                0x000000000000d398       0x7c zephyr/kernel/libkernel.a(thread.c.obj)
                0x000000000000d398                z_setup_new_thread
 .text.z_init_static_threads
                0x000000000000d414       0xb8 zephyr/kernel/libkernel.a(thread.c.obj)
                0x000000000000d414                z_init_static_threads
 .text.z_impl_k_mutex_lock
                0x000000000000d4cc       0xf4 zephyr/kernel/libkernel.a(mutex.c.obj)
                0x000000000000d4cc                z_impl_k_mutex_lock
 .text.z_impl_k_mutex_unlock
                0x000000000000d5c0       0x78 zephyr/kernel/libkernel.a(mutex.c.obj)
                0x000000000000d5c0                z_impl_k_mutex_unlock
 .text.z_impl_k_sem_give
                0x000000000000d638       0x48 zephyr/kernel/libkernel.a(sem.c.obj)
                0x000000000000d638                z_impl_k_sem_give
 .text.z_impl_k_sem_take
                0x000000000000d680       0x50 zephyr/kernel/libkernel.a(sem.c.obj)
                0x000000000000d680                z_impl_k_sem_take
 .text.sliceable
                0x000000000000d6d0       0x3c zephyr/kernel/libkernel.a(sched.c.obj)
 .text.slice_timeout
                0x000000000000d70c       0x20 zephyr/kernel/libkernel.a(sched.c.obj)
 .text.z_reset_time_slice
                0x000000000000d72c       0x50 zephyr/kernel/libkernel.a(sched.c.obj)
                0x000000000000d72c                z_reset_time_slice
 .text.update_cache
                0x000000000000d77c       0x3c zephyr/kernel/libkernel.a(sched.c.obj)
 .text.move_thread_to_end_of_prio_q
                0x000000000000d7b8       0x74 zephyr/kernel/libkernel.a(sched.c.obj)
 .text.ready_thread
                0x000000000000d82c       0x68 zephyr/kernel/libkernel.a(sched.c.obj)
 .text.unready_thread
                0x000000000000d894       0x30 zephyr/kernel/libkernel.a(sched.c.obj)
 .text.pend_locked
                0x000000000000d8c4       0x30 zephyr/kernel/libkernel.a(sched.c.obj)
 .text.z_time_slice
                0x000000000000d8f4       0x60 zephyr/kernel/libkernel.a(sched.c.obj)
                0x000000000000d8f4                z_time_slice
 .text.z_pend_curr
                0x000000000000d954       0x3c zephyr/kernel/libkernel.a(sched.c.obj)
                0x000000000000d954                z_pend_curr
 .text.z_set_prio
                0x000000000000d990       0x8c zephyr/kernel/libkernel.a(sched.c.obj)
                0x000000000000d990                z_set_prio
 .text.z_reschedule
                0x000000000000da1c       0x24 zephyr/kernel/libkernel.a(sched.c.obj)
                0x000000000000da1c                z_reschedule
 .text.z_sched_start
                0x000000000000da40       0x3c zephyr/kernel/libkernel.a(sched.c.obj)
                0x000000000000da40                z_sched_start
 .text.z_impl_k_thread_suspend
                0x000000000000da7c       0x64 zephyr/kernel/libkernel.a(sched.c.obj)
                0x000000000000da7c                z_impl_k_thread_suspend
 .text.k_sched_lock
                0x000000000000dae0       0x28 zephyr/kernel/libkernel.a(sched.c.obj)
                0x000000000000dae0                k_sched_lock
 .text.k_sched_unlock
                0x000000000000db08       0x38 zephyr/kernel/libkernel.a(sched.c.obj)
                0x000000000000db08                k_sched_unlock
 .text.z_sched_init
                0x000000000000db40       0x10 zephyr/kernel/libkernel.a(sched.c.obj)
                0x000000000000db40                z_sched_init
 .text.z_impl_k_yield
                0x000000000000db50       0x7c zephyr/kernel/libkernel.a(sched.c.obj)
                0x000000000000db50                z_impl_k_yield
 .text.z_tick_sleep
                0x000000000000dbcc       0x88 zephyr/kernel/libkernel.a(sched.c.obj)
 .text.z_impl_k_sleep
                0x000000000000dc54       0x34 zephyr/kernel/libkernel.a(sched.c.obj)
                0x000000000000dc54                z_impl_k_sleep
 .text.z_impl_z_current_get
                0x000000000000dc88        0xc zephyr/kernel/libkernel.a(sched.c.obj)
                0x000000000000dc88                z_impl_z_current_get
 .text.z_thread_abort
                0x000000000000dc94       0xc0 zephyr/kernel/libkernel.a(sched.c.obj)
                0x000000000000dc94                z_thread_abort
 .text.z_data_copy
                0x000000000000dd54       0x34 zephyr/kernel/libkernel.a(xip.c.obj)
                0x000000000000dd54                z_data_copy
 .text.elapsed  0x000000000000dd88       0x14 zephyr/kernel/libkernel.a(timeout.c.obj)
 .text.next_timeout
                0x000000000000dd9c       0x40 zephyr/kernel/libkernel.a(timeout.c.obj)
 .text.remove_timeout
                0x000000000000dddc       0x38 zephyr/kernel/libkernel.a(timeout.c.obj)
 .text.z_add_timeout
                0x000000000000de14       0xec zephyr/kernel/libkernel.a(timeout.c.obj)
                0x000000000000de14                z_add_timeout
 .text.sys_clock_announce
                0x000000000000df00       0xd4 zephyr/kernel/libkernel.a(timeout.c.obj)
                0x000000000000df00                sys_clock_announce
 .text.sys_clock_tick_get
                0x000000000000dfd4       0x34 zephyr/kernel/libkernel.a(timeout.c.obj)
                0x000000000000dfd4                sys_clock_tick_get
 .text.k_thread_system_pool_assign
                0x000000000000e008        0xc zephyr/kernel/libkernel.a(mempool.c.obj)
                0x000000000000e008                k_thread_system_pool_assign
 .text.boot_banner
                0x000000000000e014        0xc zephyr/kernel/libkernel.a(banner.c.obj)
                0x000000000000e014                boot_banner
 .text.strtol   0x000000000000e020       0xec c:\ncs\toolchains\31f4403e35\opt\zephyr-sdk\arm-zephyr-eabi\bin\../lib/gcc/../../picolibc/arm-zephyr-eabi/lib/thumb/v8-m.main/nofp\libc.a(libc_tinystdio_strtol.c.o)
                0x000000000000e020                strtol
 .text.__i_vfprintf
                0x000000000000e10c      0x490 c:\ncs\toolchains\31f4403e35\opt\zephyr-sdk\arm-zephyr-eabi\bin\../lib/gcc/../../picolibc/arm-zephyr-eabi/lib/thumb/v8-m.main/nofp\libc.a(libc_tinystdio_vfiprintf.c.o)
                0x000000000000e10c                __i_vfprintf
 .text.vsnprintf
                0x000000000000e59c       0x50 c:\ncs\toolchains\31f4403e35\opt\zephyr-sdk\arm-zephyr-eabi\bin\../lib/gcc/../../picolibc/arm-zephyr-eabi/lib/thumb/v8-m.main/nofp\libc.a(libc_tinystdio_vsnprintf.c.o)
                0x000000000000e59c                vsnprintf
 .text.z_log_msg_runtime_create.constprop.0
                0x000000000000e5ec       0x20 app/libapp.a(main.c.obj)
 .text.cbpprintf_external
                0x000000000000e60c       0x62 zephyr/libzephyr.a(cbprintf_packaged.c.obj)
                0x000000000000e60c                cbpprintf_external
 .text.arch_printk_char_out
                0x000000000000e66e        0x4 zephyr/libzephyr.a(printk.c.obj)
                0x000000000000e66e                arch_printk_char_out
 .text.printk   0x000000000000e672       0x1a zephyr/libzephyr.a(printk.c.obj)
                0x000000000000e672                printk
 .text.chunk_field
                0x000000000000e68c       0x16 zephyr/libzephyr.a(heap.c.obj)
 .text.chunk_set
                0x000000000000e6a2       0x16 zephyr/libzephyr.a(heap.c.obj)
 .text.chunk_size
                0x000000000000e6b8        0xc zephyr/libzephyr.a(heap.c.obj)
 .text.set_chunk_used
                0x000000000000e6c4       0x30 zephyr/libzephyr.a(heap.c.obj)
 .text.set_chunk_size
                0x000000000000e6f4        0x8 zephyr/libzephyr.a(heap.c.obj)
 .text.mem_to_chunkid
                0x000000000000e6fc       0x14 zephyr/libzephyr.a(heap.c.obj)
 .text.bucket_idx.isra.0
                0x000000000000e710       0x1c zephyr/libzephyr.a(heap.c.obj)
 .text.free_list_remove_bidx
                0x000000000000e72c       0x5c zephyr/libzephyr.a(heap.c.obj)
 .text.free_list_remove
                0x000000000000e788       0x2e zephyr/libzephyr.a(heap.c.obj)
 .text.alloc_chunk
                0x000000000000e7b6       0x74 zephyr/libzephyr.a(heap.c.obj)
 .text.split_chunks
                0x000000000000e82a       0x4e zephyr/libzephyr.a(heap.c.obj)
 .text.merge_chunks
                0x000000000000e878       0x3c zephyr/libzephyr.a(heap.c.obj)
 .text.free_list_add
                0x000000000000e8b4       0x84 zephyr/libzephyr.a(heap.c.obj)
 .text.free_chunk
                0x000000000000e938       0x84 zephyr/libzephyr.a(heap.c.obj)
 .text.sys_heap_free
                0x000000000000e9bc       0x24 zephyr/libzephyr.a(heap.c.obj)
                0x000000000000e9bc                sys_heap_free
 .text.sys_heap_alloc
                0x000000000000e9e0       0x6e zephyr/libzephyr.a(heap.c.obj)
                0x000000000000e9e0                sys_heap_alloc
 .text.sys_heap_aligned_alloc
                0x000000000000ea4e       0xe8 zephyr/libzephyr.a(heap.c.obj)
                0x000000000000ea4e                sys_heap_aligned_alloc
 .text.sys_heap_init
                0x000000000000eb36       0xb0 zephyr/libzephyr.a(heap.c.obj)
                0x000000000000eb36                sys_heap_init
 .text.process_recheck
                0x000000000000ebe6       0x38 zephyr/libzephyr.a(onoff.c.obj)
 .text.validate_args
                0x000000000000ec1e       0x20 zephyr/libzephyr.a(onoff.c.obj)
 .text.notify_one
                0x000000000000ec3e       0x2c zephyr/libzephyr.a(onoff.c.obj)
 .text.transition_complete
                0x000000000000ec6a       0x1c zephyr/libzephyr.a(onoff.c.obj)
 .text.onoff_manager_init
                0x000000000000ec86       0x26 zephyr/libzephyr.a(onoff.c.obj)
                0x000000000000ec86                onoff_manager_init
 .text.onoff_request
                0x000000000000ecac       0xb0 zephyr/libzephyr.a(onoff.c.obj)
                0x000000000000ecac                onoff_request
 .text.sys_notify_validate
                0x000000000000ed5c       0x22 zephyr/libzephyr.a(notify.c.obj)
                0x000000000000ed5c                sys_notify_validate
 .text.sys_notify_finalize
                0x000000000000ed7e       0x1a zephyr/libzephyr.a(notify.c.obj)
                0x000000000000ed7e                sys_notify_finalize
 .text._ConfigAbsSyms
                0x000000000000ed98        0x2 zephyr/libzephyr.a(configs.c.obj)
                0x000000000000ed98                _ConfigAbsSyms
 .text.dummy_timestamp
                0x000000000000ed9a        0x4 zephyr/libzephyr.a(log_core.c.obj)
 .text.default_get_timestamp
                0x000000000000ed9e        0x4 zephyr/libzephyr.a(log_core.c.obj)
 .text.atomic_inc
                0x000000000000eda2       0x12 zephyr/libzephyr.a(log_core.c.obj)
 .text.enable_logger
                0x000000000000edb4        0xe zephyr/libzephyr.a(log_core.c.obj)
 .text.z_log_vprintk
                0x000000000000edc2       0x1c zephyr/libzephyr.a(log_core.c.obj)
                0x000000000000edc2                z_log_vprintk
 .text.z_log_notify_backend_enabled
                0x000000000000edde        0x2 zephyr/libzephyr.a(log_core.c.obj)
                0x000000000000edde                z_log_notify_backend_enabled
 .text.z_log_get_tag
                0x000000000000ede0        0x4 zephyr/libzephyr.a(log_core.c.obj)
                0x000000000000ede0                z_log_get_tag
 .text.z_log_msg_finalize
                0x000000000000ede4       0x32 zephyr/libzephyr.a(log_msg.c.obj)
                0x000000000000ede4                z_log_msg_finalize
 .text.out_func
                0x000000000000ee16       0x1c zephyr/libzephyr.a(log_output.c.obj)
 .text.cr_out_func
                0x000000000000ee32       0x1c zephyr/libzephyr.a(log_output.c.obj)
 .text.buffer_write
                0x000000000000ee4e       0x1a zephyr/libzephyr.a(log_output.c.obj)
 .text.log_output_flush
                0x000000000000ee68       0x1a zephyr/libzephyr.a(log_output.c.obj)
                0x000000000000ee68                log_output_flush
 .text.log_backend_uart_init
                0x000000000000ee82        0x2 zephyr/libzephyr.a(log_backend_uart.c.obj)
 .text.z_log_msg_runtime_create.constprop.0
                0x000000000000ee84       0x20 zephyr/arch/arch/arm/core/aarch32/libarch__arm__core__aarch32.a(fatal.c.obj)
 .text.z_do_kernel_oops
                0x000000000000eea4        0x8 zephyr/arch/arch/arm/core/aarch32/libarch__arm__core__aarch32.a(fatal.c.obj)
                0x000000000000eea4                z_do_kernel_oops
 .text.z_irq_spurious
                0x000000000000eeac        0x8 zephyr/arch/arch/arm/core/aarch32/libarch__arm__core__aarch32.a(irq_manage.c.obj)
                0x000000000000eeac                z_irq_spurious
 .text.z_arm_nmi
                0x000000000000eeb4        0xe zephyr/arch/arch/arm/core/aarch32/libarch__arm__core__aarch32.a(nmi.c.obj)
                0x000000000000eeb4                z_arm_nmi
 .text.configure_builtin_stack_guard
                0x000000000000eec2        0x8 zephyr/arch/arch/arm/core/aarch32/libarch__arm__core__aarch32.a(thread.c.obj)
                0x000000000000eec2                configure_builtin_stack_guard
 .text.z_log_msg_runtime_create.constprop.0
                0x000000000000eeca       0x20 zephyr/arch/arch/arm/core/aarch32/cortex_m/libarch__arm__core__aarch32__cortex_m.a(fault.c.obj)
 .text.z_arm_save_fp_context
                0x000000000000eeea        0x2 zephyr/arch/arch/arm/core/aarch32/cortex_m/libarch__arm__core__aarch32__cortex_m.a(fpu.c.obj)
                0x000000000000eeea                z_arm_save_fp_context
 .text.z_arm_restore_fp_context
                0x000000000000eeec        0x2 zephyr/arch/arch/arm/core/aarch32/cortex_m/libarch__arm__core__aarch32__cortex_m.a(fpu.c.obj)
                0x000000000000eeec                z_arm_restore_fp_context
 .text.arm_cmse_mpu_region_get
                0x000000000000eeee       0x12 zephyr/arch/arch/arm/core/aarch32/cortex_m/cmse/libarch__arm__core__aarch32__cortex_m__cmse.a(arm_core_cmse.c.obj)
                0x000000000000eeee                arm_cmse_mpu_region_get
 .text.z_log_msg_runtime_create.constprop.0
                0x000000000000ef00       0x20 zephyr/arch/arch/arm/core/aarch32/mpu/libarch__arm__core__aarch32__mpu.a(arm_mpu.c.obj)
 .text.mpu_configure_region
                0x000000000000ef20       0x32 zephyr/arch/arch/arm/core/aarch32/mpu/libarch__arm__core__aarch32__mpu.a(arm_mpu.c.obj)
 .text.cbputc   0x000000000000ef52        0xc zephyr/lib/libc/picolibc/liblib__libc__picolibc.a(libc-hooks.c.obj)
 .text.picolibc_put
                0x000000000000ef5e        0xa zephyr/lib/libc/picolibc/liblib__libc__picolibc.a(libc-hooks.c.obj)
 .text.get_status
                0x000000000000ef68       0x12 zephyr/drivers/clock_control/libdrivers__clock_control.a(clock_control_nrf.c.obj)
 .text.set_on_state
                0x000000000000ef7a       0x26 zephyr/drivers/clock_control/libdrivers__clock_control.a(clock_control_nrf.c.obj)
 .text.stop     0x000000000000efa0       0x52 zephyr/drivers/clock_control/libdrivers__clock_control.a(clock_control_nrf.c.obj)
 .text.api_stop
                0x000000000000eff2        0x6 zephyr/drivers/clock_control/libdrivers__clock_control.a(clock_control_nrf.c.obj)
 .text.async_start
                0x000000000000eff8       0x5c zephyr/drivers/clock_control/libdrivers__clock_control.a(clock_control_nrf.c.obj)
 .text.api_start
                0x000000000000f054        0xe zephyr/drivers/clock_control/libdrivers__clock_control.a(clock_control_nrf.c.obj)
 .text.onoff_started_callback
                0x000000000000f062       0x12 zephyr/drivers/clock_control/libdrivers__clock_control.a(clock_control_nrf.c.obj)
 .text.lfclk_start
                0x000000000000f074        0x6 zephyr/drivers/clock_control/libdrivers__clock_control.a(clock_control_nrf.c.obj)
 .text.lfclk_stop
                0x000000000000f07a        0x6 zephyr/drivers/clock_control/libdrivers__clock_control.a(clock_control_nrf.c.obj)
 .text.blocking_start_callback
                0x000000000000f080        0x6 zephyr/drivers/clock_control/libdrivers__clock_control.a(clock_control_nrf.c.obj)
 .text.entropy_psa_crypto_rng_get_entropy
                0x000000000000f086       0x14 zephyr/drivers/entropy/libdrivers__entropy.a(entropy_psa_crypto.c.obj)
 .text.entropy_psa_crypto_rng_init
                0x000000000000f09a       0x10 zephyr/drivers/entropy/libdrivers__entropy.a(entropy_psa_crypto.c.obj)
 .text.gpio_nrfx_port_get_raw
                0x000000000000f0aa        0xc zephyr/drivers/gpio/libdrivers__gpio.a(gpio_nrfx.c.obj)
 .text.gpio_nrfx_port_set_masked_raw
                0x000000000000f0b6       0x14 zephyr/drivers/gpio/libdrivers__gpio.a(gpio_nrfx.c.obj)
 .text.gpio_nrfx_port_set_bits_raw
                0x000000000000f0ca        0xa zephyr/drivers/gpio/libdrivers__gpio.a(gpio_nrfx.c.obj)
 .text.gpio_nrfx_port_clear_bits_raw
                0x000000000000f0d4        0xa zephyr/drivers/gpio/libdrivers__gpio.a(gpio_nrfx.c.obj)
 .text.gpio_nrfx_port_toggle_bits
                0x000000000000f0de       0x14 zephyr/drivers/gpio/libdrivers__gpio.a(gpio_nrfx.c.obj)
 .text.gpio_nrfx_manage_callback
                0x000000000000f0f2       0x52 zephyr/drivers/gpio/libdrivers__gpio.a(gpio_nrfx.c.obj)
 .text.led_gpio_set_brightness
                0x000000000000f144       0x42 zephyr/drivers/led/libdrivers__led.a(led_gpio.c.obj)
 .text.led_gpio_on
                0x000000000000f186        0x6 zephyr/drivers/led/libdrivers__led.a(led_gpio.c.obj)
 .text.led_gpio_off
                0x000000000000f18c        0x6 zephyr/drivers/led/libdrivers__led.a(led_gpio.c.obj)
 .text.z_log_msg_runtime_create.constprop.0
                0x000000000000f192       0x20 zephyr/drivers/led/libdrivers__led.a(led_gpio.c.obj)
 .text.led_pwm_blink
                0x000000000000f1b2       0x44 zephyr/drivers/led/libdrivers__led.a(led_pwm.c.obj)
 .text.led_pwm_set_brightness
                0x000000000000f1f6       0x48 zephyr/drivers/led/libdrivers__led.a(led_pwm.c.obj)
 .text.led_pwm_on
                0x000000000000f23e        0x6 zephyr/drivers/led/libdrivers__led.a(led_pwm.c.obj)
 .text.led_pwm_off
                0x000000000000f244        0x6 zephyr/drivers/led/libdrivers__led.a(led_pwm.c.obj)
 .text.z_log_msg_runtime_create.constprop.0
                0x000000000000f24a       0x20 zephyr/drivers/led/libdrivers__led.a(led_pwm.c.obj)
 .text.pinctrl_lookup_state
                0x000000000000f26a       0x26 zephyr/drivers/pinctrl/libdrivers__pinctrl.a(common.c.obj)
                0x000000000000f26a                pinctrl_lookup_state
 .text.z_log_msg_runtime_create.constprop.0
                0x000000000000f290       0x20 zephyr/drivers/pwm/libdrivers__pwm.a(pwm_nrfx.c.obj)
 .text.uarte_nrfx_config_get
                0x000000000000f2b0       0x10 zephyr/drivers/serial/libdrivers__serial.a(uart_nrfx_uarte.c.obj)
 .text.uarte_nrfx_err_check
                0x000000000000f2c0        0xe zephyr/drivers/serial/libdrivers__serial.a(uart_nrfx_uarte.c.obj)
 .text.uarte_nrfx_poll_in
                0x000000000000f2ce       0x28 zephyr/drivers/serial/libdrivers__serial.a(uart_nrfx_uarte.c.obj)
 .text.is_tx_ready.isra.0
                0x000000000000f2f6       0x20 zephyr/drivers/serial/libdrivers__serial.a(uart_nrfx_uarte.c.obj)
 .text.uarte_nrfx_isr_int
                0x000000000000f316       0x72 zephyr/drivers/serial/libdrivers__serial.a(uart_nrfx_uarte.c.obj)
 .text.event_clear
                0x000000000000f388       0x18 zephyr/drivers/timer/libdrivers__timer.a(nrf_rtc_timer.c.obj)
 .text.sys_clock_cycle_get_32
                0x000000000000f3a0        0x8 zephyr/drivers/timer/libdrivers__timer.a(nrf_rtc_timer.c.obj)
                0x000000000000f3a0                sys_clock_cycle_get_32
 .text.nrf_modem_os_busywait
                0x000000000000f3a8        0x4 modules/nrf/lib/nrf_modem_lib/lib..__nrf__lib__nrf_modem_lib.a(nrf_modem_os.c.obj)
                0x000000000000f3a8                nrf_modem_os_busywait
 .text.nrf_modem_os_is_in_isr
                0x000000000000f3ac        0x4 modules/nrf/lib/nrf_modem_lib/lib..__nrf__lib__nrf_modem_lib.a(nrf_modem_os.c.obj)
                0x000000000000f3ac                nrf_modem_os_is_in_isr
 .text.nrf_modem_os_sem_give
                0x000000000000f3b0        0x4 modules/nrf/lib/nrf_modem_lib/lib..__nrf__lib__nrf_modem_lib.a(nrf_modem_os.c.obj)
                0x000000000000f3b0                nrf_modem_os_sem_give
 .text.nrf_modem_os_sem_take
                0x000000000000f3b4       0x40 modules/nrf/lib/nrf_modem_lib/lib..__nrf__lib__nrf_modem_lib.a(nrf_modem_os.c.obj)
                0x000000000000f3b4                nrf_modem_os_sem_take
 .text.z_log_msg_runtime_create.constprop.0
                0x000000000000f3f4       0x20 modules/nrf/lib/modem_antenna/lib..__nrf__lib__modem_antenna.a(modem_antenna.c.obj)
 .text.ns_interface_init
                0x000000000000f414        0x4 modules/trusted-firmware-m/libtfm_api.a(interface.c.obj)
 .text.psa_crypto_init
                0x000000000000f418        0x4 modules/trusted-firmware-m/libtfm_api.a(tfm_crypto_api.c.obj)
                0x000000000000f418                psa_crypto_init
 .text.SystemInit
                0x000000000000f41c        0x2 modules/hal_nordic/nrfx/libmodules__hal_nordic__nrfx.a(system_nrf91.c.obj)
                0x000000000000f41c                SystemInit
 .text.nrfx_isr
                0x000000000000f41e        0x2 modules/hal_nordic/nrfx/libmodules__hal_nordic__nrfx.a(nrfx_glue.c.obj)
                0x000000000000f41e                nrfx_isr
 .text.nrfx_busy_wait
                0x000000000000f420        0x4 modules/hal_nordic/nrfx/libmodules__hal_nordic__nrfx.a(nrfx_glue.c.obj)
                0x000000000000f420                nrfx_busy_wait
 .text.nrfx_gppi_channel_endpoints_setup
                0x000000000000f424        0xe modules/hal_nordic/nrfx/libmodules__hal_nordic__nrfx.a(nrfx_gppi_dppi.c.obj)
                0x000000000000f424                nrfx_gppi_channel_endpoints_setup
 .text.nrfx_clock_stop
                0x000000000000f432        0x4 modules/hal_nordic/nrfx/libmodules__hal_nordic__nrfx.a(nrfx_clock.c.obj)
                0x000000000000f432                nrfx_clock_stop
 .text.nrf_gpio_reconfigure
                0x000000000000f436       0x92 modules/hal_nordic/nrfx/libmodules__hal_nordic__nrfx.a(nrfx_gpiote.c.obj)
 .text.nrf_gpio_cfg_sense_set
                0x000000000000f4c8       0x1e modules/hal_nordic/nrfx/libmodules__hal_nordic__nrfx.a(nrfx_gpiote.c.obj)
 .text.start_playback
                0x000000000000f4e6       0x46 modules/hal_nordic/nrfx/libmodules__hal_nordic__nrfx.a(nrfx_pwm.c.obj)
 .text.__nrfy_internal_pwm_event_handle.isra.0
                0x000000000000f52c       0x22 modules/hal_nordic/nrfx/libmodules__hal_nordic__nrfx.a(nrfx_pwm.c.obj)
 .text.__nrfy_internal_pwm_events_process
                0x000000000000f54e       0x54 modules/hal_nordic/nrfx/libmodules__hal_nordic__nrfx.a(nrfx_pwm.c.obj)
 .text.nrfx_pwm_stopped_check
                0x000000000000f5a2        0x4 modules/hal_nordic/nrfx/libmodules__hal_nordic__nrfx.a(nrfx_pwm.c.obj)
                0x000000000000f5a2                nrfx_pwm_stopped_check
 .text.rpc_handle_ctrl_message
                0x000000000000f5a6       0x30 C:/ncs/v2.5.0/nrfxlib/nrf_modem/lib/nRF9120/soft-float/libmodem.a(rpc_framework.c.obj)
                0x000000000000f5a6                rpc_handle_ctrl_message
 .text.rpc_list_preambles_init
                0x000000000000f5d6       0x20 C:/ncs/v2.5.0/nrfxlib/nrf_modem/lib/nRF9120/soft-float/libmodem.a(rpc_transport_ipc.c.obj)
 .text.rpc_transport_ipc_data_rx_resume
                0x000000000000f5f6        0x6 C:/ncs/v2.5.0/nrfxlib/nrf_modem/lib/nRF9120/soft-float/libmodem.a(rpc_transport_ipc.c.obj)
 .text.rpc_transport_ipc_data_rx_suspend
                0x000000000000f5fc        0x6 C:/ncs/v2.5.0/nrfxlib/nrf_modem/lib/nRF9120/soft-float/libmodem.a(rpc_transport_ipc.c.obj)
 .text.rpc_transport_ipc_shutdown
                0x000000000000f602        0x4 C:/ncs/v2.5.0/nrfxlib/nrf_modem/lib/nRF9120/soft-float/libmodem.a(rpc_transport_ipc.c.obj)
 .text.rpc_transport_ipc_msg_alloc
                0x000000000000f606       0x4a C:/ncs/v2.5.0/nrfxlib/nrf_modem/lib/nRF9120/soft-float/libmodem.a(rpc_transport_ipc.c.obj)
 .text.rpc_client_msg_from_rpc_msg_get
                0x000000000000f650        0x4 C:/ncs/v2.5.0/nrfxlib/nrf_modem/lib/nRF9120/soft-float/libmodem.a(rpc_client.c.obj)
                0x000000000000f650                rpc_client_msg_from_rpc_msg_get
 .text.rpc_client_msg_alloc
                0x000000000000f654       0x38 C:/ncs/v2.5.0/nrfxlib/nrf_modem/lib/nRF9120/soft-float/libmodem.a(rpc_client.c.obj)
                0x000000000000f654                rpc_client_msg_alloc
 .text.rpc_client_msg_send
                0x000000000000f68c        0xe C:/ncs/v2.5.0/nrfxlib/nrf_modem/lib/nRF9120/soft-float/libmodem.a(rpc_client.c.obj)
                0x000000000000f68c                rpc_client_msg_send
 .text.rpc_client_msg_rx_free
                0x000000000000f69a        0x6 C:/ncs/v2.5.0/nrfxlib/nrf_modem/lib/nRF9120/soft-float/libmodem.a(rpc_client.c.obj)
                0x000000000000f69a                rpc_client_msg_rx_free
 .text.rpc_client_msg_data_rx_free
                0x000000000000f6a0        0x4 C:/ncs/v2.5.0/nrfxlib/nrf_modem/lib/nRF9120/soft-float/libmodem.a(rpc_client.c.obj)
                0x000000000000f6a0                rpc_client_msg_data_rx_free
 .text.rpc_client_msg_data_tx_alloc
                0x000000000000f6a4        0x4 C:/ncs/v2.5.0/nrfxlib/nrf_modem/lib/nRF9120/soft-float/libmodem.a(rpc_client.c.obj)
                0x000000000000f6a4                rpc_client_msg_data_tx_alloc
 .text.rpc_client_msg_data_tx_free
                0x000000000000f6a8       0x10 C:/ncs/v2.5.0/nrfxlib/nrf_modem/lib/nRF9120/soft-float/libmodem.a(rpc_client.c.obj)
                0x000000000000f6a8                rpc_client_msg_data_tx_free
 .text.sockaddr_init
                0x000000000000f6b8       0x68 C:/ncs/v2.5.0/nrfxlib/nrf_modem/lib/nRF9120/soft-float/libmodem.a(addr.c.obj)
                0x000000000000f6b8                sockaddr_init
 .text.sock_pollcb
                0x000000000000f720       0x30 C:/ncs/v2.5.0/nrfxlib/nrf_modem/lib/nRF9120/soft-float/libmodem.a(sock.c.obj)
                0x000000000000f720                sock_pollcb
 .text.sock_pkt_append
                0x000000000000f750       0x14 C:/ncs/v2.5.0/nrfxlib/nrf_modem/lib/nRF9120/soft-float/libmodem.a(sock.c.obj)
                0x000000000000f750                sock_pkt_append
 .text.sock_is_stream
                0x000000000000f764        0xa C:/ncs/v2.5.0/nrfxlib/nrf_modem/lib/nRF9120/soft-float/libmodem.a(sock.c.obj)
                0x000000000000f764                sock_is_stream
 .text.sock_is_datagram
                0x000000000000f76e        0xa C:/ncs/v2.5.0/nrfxlib/nrf_modem/lib/nRF9120/soft-float/libmodem.a(sock.c.obj)
                0x000000000000f76e                sock_is_datagram
 .text.sock_proto_is_secure
                0x000000000000f778       0x18 C:/ncs/v2.5.0/nrfxlib/nrf_modem/lib/nRF9120/soft-float/libmodem.a(sock.c.obj)
                0x000000000000f778                sock_proto_is_secure
 .text.sock_is_attaching
                0x000000000000f790        0x8 C:/ncs/v2.5.0/nrfxlib/nrf_modem/lib/nRF9120/soft-float/libmodem.a(sock.c.obj)
                0x000000000000f790                sock_is_attaching
 .text.sock_is_nonblock
                0x000000000000f798        0x8 C:/ncs/v2.5.0/nrfxlib/nrf_modem/lib/nRF9120/soft-float/libmodem.a(sock.c.obj)
                0x000000000000f798                sock_is_nonblock
 .text.sock_is_local_closed
                0x000000000000f7a0        0x8 C:/ncs/v2.5.0/nrfxlib/nrf_modem/lib/nRF9120/soft-float/libmodem.a(sock.c.obj)
                0x000000000000f7a0                sock_is_local_closed
 .text.sock_is_eof
                0x000000000000f7a8       0x16 C:/ncs/v2.5.0/nrfxlib/nrf_modem/lib/nRF9120/soft-float/libmodem.a(sock.c.obj)
                0x000000000000f7a8                sock_is_eof
 .text.sock_has_stream_error
                0x000000000000f7be        0x8 C:/ncs/v2.5.0/nrfxlib/nrf_modem/lib/nRF9120/soft-float/libmodem.a(sock.c.obj)
                0x000000000000f7be                sock_has_stream_error
 .text.sock_has_error
                0x000000000000f7c6        0xe C:/ncs/v2.5.0/nrfxlib/nrf_modem/lib/nRF9120/soft-float/libmodem.a(sock.c.obj)
                0x000000000000f7c6                sock_has_error
 .text.sock_has_pollcb
                0x000000000000f7d4        0xa C:/ncs/v2.5.0/nrfxlib/nrf_modem/lib/nRF9120/soft-float/libmodem.a(sock.c.obj)
                0x000000000000f7d4                sock_has_pollcb
 .text.sock_can_read
                0x000000000000f7de        0xa C:/ncs/v2.5.0/nrfxlib/nrf_modem/lib/nRF9120/soft-float/libmodem.a(sock.c.obj)
                0x000000000000f7de                sock_can_read
 .text.sock_can_accept
                0x000000000000f7e8        0xa C:/ncs/v2.5.0/nrfxlib/nrf_modem/lib/nRF9120/soft-float/libmodem.a(sock.c.obj)
                0x000000000000f7e8                sock_can_accept
 .text.sock_can_send
                0x000000000000f7f2       0x3c C:/ncs/v2.5.0/nrfxlib/nrf_modem/lib/nRF9120/soft-float/libmodem.a(sock.c.obj)
                0x000000000000f7f2                sock_can_send
 .text.on_conf_dnssrv_res
                0x000000000000f82e        0x4 C:/ncs/v2.5.0/nrfxlib/nrf_modem/lib/nRF9120/soft-float/libmodem.a(dns.c.obj)
                0x000000000000f82e                on_conf_dnssrv_res
 .text.on_getifaddrs_res
                0x000000000000f832        0x4 C:/ncs/v2.5.0/nrfxlib/nrf_modem/lib/nRF9120/soft-float/libmodem.a(ifaddrs.c.obj)
                0x000000000000f832                on_getifaddrs_res
 .text.rpc_ip_event_handler
                0x000000000000f836      0x248 C:/ncs/v2.5.0/nrfxlib/nrf_modem/lib/nRF9120/soft-float/libmodem.a(ip.c.obj)
                0x000000000000f836                rpc_ip_event_handler
 .text.nrf_poll_one
                0x000000000000fa7e       0x92 C:/ncs/v2.5.0/nrfxlib/nrf_modem/lib/nRF9120/soft-float/libmodem.a(poll.c.obj)
                0x000000000000fa7e                nrf_poll_one
 .text.res_cookie_get
                0x000000000000fb10        0x4 C:/ncs/v2.5.0/nrfxlib/nrf_modem/lib/nRF9120/soft-float/libmodem.a(reqres.c.obj)
                0x000000000000fb10                res_cookie_get
 .text.res_forward
                0x000000000000fb14        0x8 C:/ncs/v2.5.0/nrfxlib/nrf_modem/lib/nRF9120/soft-float/libmodem.a(reqres.c.obj)
                0x000000000000fb14                res_forward
 .text.rpc_dfu_event_handler
                0x000000000000fb1c       0x16 C:/ncs/v2.5.0/nrfxlib/nrf_modem/lib/nRF9120/soft-float/libmodem.a(nrf_modem_delta_dfu.c.obj)
                0x000000000000fb1c                rpc_dfu_event_handler
 .text.nrf_modem_is_initialized
                0x000000000000fb32        0x4 C:/ncs/v2.5.0/nrfxlib/nrf_modem/lib/nRF9120/soft-float/libmodem.a(nrf_modem.c.obj)
                0x000000000000fb32                nrf_modem_is_initialized
 .text.z_impl_k_busy_wait
                0x000000000000fb36        0x8 zephyr/kernel/libkernel.a(busy_wait.c.obj)
                0x000000000000fb36                z_impl_k_busy_wait
 .text.z_device_state_init
                0x000000000000fb3e        0x2 zephyr/kernel/libkernel.a(device.c.obj)
                0x000000000000fb3e                z_device_state_init
 .text.z_device_is_ready
                0x000000000000fb40       0x16 zephyr/kernel/libkernel.a(device.c.obj)
                0x000000000000fb40                z_device_is_ready
 .text.z_log_msg_runtime_create.constprop.0
                0x000000000000fb56       0x20 zephyr/kernel/libkernel.a(fatal.c.obj)
 .text.z_early_memset
                0x000000000000fb76        0x4 zephyr/kernel/libkernel.a(init.c.obj)
                0x000000000000fb76                z_early_memset
 .text.z_early_memcpy
                0x000000000000fb7a        0x4 zephyr/kernel/libkernel.a(init.c.obj)
                0x000000000000fb7a                z_early_memcpy
 .text.k_heap_init
                0x000000000000fb7e       0x10 zephyr/kernel/libkernel.a(kheap.c.obj)
                0x000000000000fb7e                k_heap_init
 .text.k_heap_aligned_alloc
                0x000000000000fb8e       0x86 zephyr/kernel/libkernel.a(kheap.c.obj)
                0x000000000000fb8e                k_heap_aligned_alloc
 .text.k_heap_alloc
                0x000000000000fc14       0x14 zephyr/kernel/libkernel.a(kheap.c.obj)
                0x000000000000fc14                k_heap_alloc
 .text.k_heap_free
                0x000000000000fc28       0x3a zephyr/kernel/libkernel.a(kheap.c.obj)
                0x000000000000fc28                k_heap_free
 .text.k_is_in_isr
                0x000000000000fc62        0xc zephyr/kernel/libkernel.a(thread.c.obj)
                0x000000000000fc62                k_is_in_isr
 .text.k_thread_name_get
                0x000000000000fc6e        0x4 zephyr/kernel/libkernel.a(thread.c.obj)
                0x000000000000fc6e                k_thread_name_get
 .text.idle     0x000000000000fc72       0x18 zephyr/kernel/libkernel.a(idle.c.obj)
                0x000000000000fc72                idle
 .text.adjust_owner_prio.isra.0
                0x000000000000fc8a       0x10 zephyr/kernel/libkernel.a(mutex.c.obj)
 .text.z_impl_k_sem_init
                0x000000000000fc9a       0x18 zephyr/kernel/libkernel.a(sem.c.obj)
                0x000000000000fc9a                z_impl_k_sem_init
 .text.sys_dlist_remove
                0x000000000000fcb2       0x10 zephyr/kernel/libkernel.a(sched.c.obj)
 .text.unpend_thread_no_timeout
                0x000000000000fcc2       0x14 zephyr/kernel/libkernel.a(sched.c.obj)
 .text.add_to_waitq_locked
                0x000000000000fcd6       0x50 zephyr/kernel/libkernel.a(sched.c.obj)
 .text.z_ready_thread
                0x000000000000fd26       0x20 zephyr/kernel/libkernel.a(sched.c.obj)
                0x000000000000fd26                z_ready_thread
 .text.z_sched_wake_thread
                0x000000000000fd46       0x44 zephyr/kernel/libkernel.a(sched.c.obj)
                0x000000000000fd46                z_sched_wake_thread
 .text.z_thread_timeout
                0x000000000000fd8a        0x8 zephyr/kernel/libkernel.a(sched.c.obj)
                0x000000000000fd8a                z_thread_timeout
 .text.z_unpend_first_thread
                0x000000000000fd92       0x38 zephyr/kernel/libkernel.a(sched.c.obj)
                0x000000000000fd92                z_unpend_first_thread
 .text.z_unpend_thread
                0x000000000000fdca       0x30 zephyr/kernel/libkernel.a(sched.c.obj)
                0x000000000000fdca                z_unpend_thread
 .text.z_reschedule_irqlock
                0x000000000000fdfa       0x18 zephyr/kernel/libkernel.a(sched.c.obj)
                0x000000000000fdfa                z_reschedule_irqlock
 .text.z_reschedule_unlocked
                0x000000000000fe12       0x14 zephyr/kernel/libkernel.a(sched.c.obj)
 .text.z_unpend_all
                0x000000000000fe26       0x20 zephyr/kernel/libkernel.a(sched.c.obj)
                0x000000000000fe26                z_unpend_all
 .text.z_abort_timeout
                0x000000000000fe46       0x2c zephyr/kernel/libkernel.a(timeout.c.obj)
                0x000000000000fe46                z_abort_timeout
 .text.sys_clock_tick_get_32
                0x000000000000fe72        0x8 zephyr/kernel/libkernel.a(timeout.c.obj)
                0x000000000000fe72                sys_clock_tick_get_32
 .text.z_impl_k_uptime_ticks
                0x000000000000fe7a        0x4 zephyr/kernel/libkernel.a(timeout.c.obj)
                0x000000000000fe7a                z_impl_k_uptime_ticks
 .text.sys_timepoint_calc
                0x000000000000fe7e       0x48 zephyr/kernel/libkernel.a(timeout.c.obj)
                0x000000000000fe7e                sys_timepoint_calc
 .text.sys_timepoint_timeout
                0x000000000000fec6       0x42 zephyr/kernel/libkernel.a(timeout.c.obj)
                0x000000000000fec6                sys_timepoint_timeout
 .text._OffsetAbsSyms
                0x000000000000ff08        0x2 zephyr/CMakeFiles/offsets.dir/./arch/arm/core/offsets/offsets.c.obj
                0x000000000000ff08                _OffsetAbsSyms
 .text.strncpy  0x000000000000ff0a       0x20 c:\ncs\toolchains\31f4403e35\opt\zephyr-sdk\arm-zephyr-eabi\bin\../lib/gcc/../../picolibc/arm-zephyr-eabi/lib/thumb/v8-m.main/nofp\libc.a(libc_string_strncpy.c.o)
                0x000000000000ff0a                strncpy
 .text.strnlen  0x000000000000ff2a       0x18 c:\ncs\toolchains\31f4403e35\opt\zephyr-sdk\arm-zephyr-eabi\bin\../lib/gcc/../../picolibc/arm-zephyr-eabi/lib/thumb/v8-m.main/nofp\libc.a(libc_string_strnlen.c.o)
                0x000000000000ff2a                strnlen
 .text.strstr   0x000000000000ff42       0x2c c:\ncs\toolchains\31f4403e35\opt\zephyr-sdk\arm-zephyr-eabi\bin\../lib/gcc/../../picolibc/arm-zephyr-eabi/lib/thumb/v8-m.main/nofp\libc.a(libc_string_strstr.c.o)
                0x000000000000ff42                strstr
 .text.__ultoa_invert
                0x000000000000ff6e       0x38 c:\ncs\toolchains\31f4403e35\opt\zephyr-sdk\arm-zephyr-eabi\bin\../lib/gcc/../../picolibc/arm-zephyr-eabi/lib/thumb/v8-m.main/nofp\libc.a(libc_tinystdio_vfiprintf.c.o)
 .text.memcpy   0x000000000000ffa6       0x1a c:\ncs\toolchains\31f4403e35\opt\zephyr-sdk\arm-zephyr-eabi\bin\../lib/gcc/../../picolibc/arm-zephyr-eabi/lib/thumb/v8-m.main/nofp\libc.a(memcpy.c.o)
                0x000000000000ffa6                __aeabi_memcpy
                0x000000000000ffa6                __aeabi_memcpy4
                0x000000000000ffa6                __aeabi_memcpy8
                0x000000000000ffa6                memcpy
 .text.memset   0x000000000000ffc0       0x10 c:\ncs\toolchains\31f4403e35\opt\zephyr-sdk\arm-zephyr-eabi\bin\../lib/gcc/../../picolibc/arm-zephyr-eabi/lib/thumb/v8-m.main/nofp\libc.a(memset.c.o)
                0x000000000000ffc0                memset
 .text.__file_str_put
                0x000000000000ffd0       0x10 c:\ncs\toolchains\31f4403e35\opt\zephyr-sdk\arm-zephyr-eabi\bin\../lib/gcc/../../picolibc/arm-zephyr-eabi/lib/thumb/v8-m.main/nofp\libc.a(libc_tinystdio_filestrput.c.o)
                0x000000000000ffd0                __file_str_put
 *(SORT_BY_ALIGNMENT(.TEXT.*))
 .TEXT.__aeabi_read_tp
                0x000000000000ffe0        0xc zephyr/arch/arch/arm/core/aarch32/cortex_m/libarch__arm__core__aarch32__cortex_m.a(__aeabi_read_tp.S.obj)
                0x000000000000ffe0                __aeabi_read_tp
 *(SORT_BY_ALIGNMENT(.gnu.linkonce.t.*))
 *(SORT_BY_ALIGNMENT(.glue_7t))
 .glue_7t       0x000000000000ffec        0x0 linker stubs
 *(SORT_BY_ALIGNMENT(.glue_7))
 .glue_7        0x000000000000ffec        0x0 linker stubs
 *(SORT_BY_ALIGNMENT(.vfp11_veneer))
 .vfp11_veneer  0x000000000000ffec        0x0 linker stubs
 *(SORT_BY_ALIGNMENT(.v4_bx))
 .v4_bx         0x000000000000ffec        0x0 linker stubs
                0x000000000000ffec                . = ALIGN (0x4)
                0x000000000000ffec                __text_region_end = .

.ARM.exidx      0x000000000000ffec        0x8
                0x000000000000ffec                __exidx_start = .
 *(SORT_BY_ALIGNMENT(.ARM.exidx*) SORT_BY_ALIGNMENT(gnu.linkonce.armexidx.*))
 .ARM.exidx     0x000000000000ffec        0x8 c:/ncs/toolchains/31f4403e35/opt/zephyr-sdk/arm-zephyr-eabi/bin/../lib/gcc/arm-zephyr-eabi/12.2.0/thumb/v8-m.main/nofp\libgcc.a(_udivmoddi4.o)
                0x000000000000fff4                __exidx_end = .
                0x000000000000fff4                __rodata_region_start = .

initlevel       0x000000000000fff4       0x78
                0x000000000000fff4                __init_start = .
                0x000000000000fff4                __init_EARLY_start = .
 *(SORT_BY_NAME(SORT_BY_ALIGNMENT(.z_init_EARLY?_*)))
 *(SORT_BY_NAME(SORT_BY_ALIGNMENT(.z_init_EARLY??_*)))
                0x000000000000fff4                __init_PRE_KERNEL_1_start = .
 *(SORT_BY_NAME(SORT_BY_ALIGNMENT(.z_init_PRE_KERNEL_1?_*)))
 .z_init_PRE_KERNEL_10_0_
                0x000000000000fff4        0x8 zephyr/libzephyr.a(soc.c.obj)
 *(SORT_BY_NAME(SORT_BY_ALIGNMENT(.z_init_PRE_KERNEL_1??_*)))
 .z_init_PRE_KERNEL_130_00061_
                0x000000000000fffc        0x8 zephyr/drivers/clock_control/libdrivers__clock_control.a(clock_control_nrf.c.obj)
 .z_init_PRE_KERNEL_130_0_
                0x0000000000010004        0x8 zephyr/kernel/libkernel.a(kheap.c.obj)
 .z_init_PRE_KERNEL_140_00008_
                0x000000000001000c        0x8 zephyr/drivers/gpio/libdrivers__gpio.a(gpio_nrfx.c.obj)
 .z_init_PRE_KERNEL_150_00010_
                0x0000000000010014        0x8 zephyr/drivers/entropy/libdrivers__entropy.a(entropy_psa_crypto.c.obj)
 .z_init_PRE_KERNEL_155_00087_
                0x000000000001001c        0x8 zephyr/drivers/serial/libdrivers__serial.a(uart_nrfx_uarte.c.obj)
 .z_init_PRE_KERNEL_160_0_
                0x0000000000010024        0x8 zephyr/drivers/console/libdrivers__console.a(uart_console.c.obj)
                0x000000000001002c                __init_PRE_KERNEL_2_start = .
 *(SORT_BY_NAME(SORT_BY_ALIGNMENT(.z_init_PRE_KERNEL_2?_*)))
 .z_init_PRE_KERNEL_20_0_
                0x000000000001002c        0x8 zephyr/drivers/timer/libdrivers__timer.a(nrf_rtc_timer.c.obj)
 *(SORT_BY_NAME(SORT_BY_ALIGNMENT(.z_init_PRE_KERNEL_2??_*)))
                0x0000000000010034                __init_POST_KERNEL_start = .
 *(SORT_BY_NAME(SORT_BY_ALIGNMENT(.z_init_POST_KERNEL?_*)))
 .z_init_POST_KERNEL0_0_
                0x0000000000010034        0x8 zephyr/libzephyr.a(log_core.c.obj)
 .z_init_POST_KERNEL0_0_
                0x000000000001003c        0x8 modules/nrf/lib/nrf_modem_lib/lib..__nrf__lib__nrf_modem_lib.a(nrf_modem_os.c.obj)
 *(SORT_BY_NAME(SORT_BY_ALIGNMENT(.z_init_POST_KERNEL??_*)))
 .z_init_POST_KERNEL40_0_
                0x0000000000010044        0x8 zephyr/lib/libc/common/liblib__libc__common.a(malloc.c.obj)
 .z_init_POST_KERNEL40_0_
                0x000000000001004c        0x8 modules/trusted-firmware-m/libtfm_api.a(interface.c.obj)
 .z_init_POST_KERNEL50_00051_
                0x0000000000010054        0x8 zephyr/drivers/pwm/libdrivers__pwm.a(pwm_nrfx.c.obj)
 .z_init_POST_KERNEL90_00022_
                0x000000000001005c        0x8 zephyr/drivers/led/libdrivers__led.a(led_gpio.c.obj)
 .z_init_POST_KERNEL90_00050_
                0x0000000000010064        0x8 zephyr/drivers/led/libdrivers__led.a(led_pwm.c.obj)
                0x000000000001006c                __init_APPLICATION_start = .
 *(SORT_BY_NAME(SORT_BY_ALIGNMENT(.z_init_APPLICATION?_*)))
 *(SORT_BY_NAME(SORT_BY_ALIGNMENT(.z_init_APPLICATION??_*)))
                0x000000000001006c                __init_SMP_start = .
 *(SORT_BY_NAME(SORT_BY_ALIGNMENT(.z_init_SMP?_*)))
 *(SORT_BY_NAME(SORT_BY_ALIGNMENT(.z_init_SMP??_*)))
                0x000000000001006c                __init_end = .

device_area     0x000000000001006c       0x8c
                0x000000000001006c                _device_list_start = .
 *(SORT_BY_NAME(SORT_BY_ALIGNMENT(._device.static.*_?_*)))
 *(SORT_BY_NAME(SORT_BY_ALIGNMENT(._device.static.*_??_*)))
 ._device.static.1_30_
                0x000000000001006c       0x14 zephyr/drivers/clock_control/libdrivers__clock_control.a(clock_control_nrf.c.obj)
                0x000000000001006c                __device_dts_ord_61
 ._device.static.1_40_
                0x0000000000010080       0x14 zephyr/drivers/gpio/libdrivers__gpio.a(gpio_nrfx.c.obj)
                0x0000000000010080                __device_dts_ord_8
 ._device.static.1_50_
                0x0000000000010094       0x14 zephyr/drivers/entropy/libdrivers__entropy.a(entropy_psa_crypto.c.obj)
                0x0000000000010094                __device_dts_ord_10
 ._device.static.1_55_
                0x00000000000100a8       0x14 zephyr/drivers/serial/libdrivers__serial.a(uart_nrfx_uarte.c.obj)
                0x00000000000100a8                __device_dts_ord_87
 ._device.static.3_50_
                0x00000000000100bc       0x14 zephyr/drivers/pwm/libdrivers__pwm.a(pwm_nrfx.c.obj)
                0x00000000000100bc                __device_dts_ord_51
 ._device.static.3_90_
                0x00000000000100d0       0x14 zephyr/drivers/led/libdrivers__led.a(led_gpio.c.obj)
                0x00000000000100d0                __device_dts_ord_22
 ._device.static.3_90_
                0x00000000000100e4       0x14 zephyr/drivers/led/libdrivers__led.a(led_pwm.c.obj)
                0x00000000000100e4                __device_dts_ord_50
                0x00000000000100f8                _device_list_end = .

sw_isr_table    0x00000000000100f8      0x208
                0x00000000000100f8                . = ALIGN (0x4)
 *(SORT_BY_ALIGNMENT(.gnu.linkonce.sw_isr_table*))
 .gnu.linkonce.sw_isr_table
                0x00000000000100f8      0x208 zephyr/arch/common/libisr_tables.a(isr_tables.c.obj)
                0x00000000000100f8                _sw_isr_table

initlevel_error
                0x000000000000fff4        0x0
 *(SORT_BY_NAME(SORT_BY_ALIGNMENT(.z_init_[_A-Z0-9]*)))
                0x0000000000000001                ASSERT ((SIZEOF (initlevel_error) == 0x0), Undefined initialization levels used.)

app_shmem_regions
                0x0000000000010300        0x0
                0x0000000000010300                __app_shmem_regions_start = .
 *(SORT_BY_NAME(SORT_BY_ALIGNMENT(.app_regions.*)))
                0x0000000000010300                __app_shmem_regions_end = .

k_p4wq_initparam_area
                0x0000000000010300        0x0
                0x0000000000010300                _k_p4wq_initparam_list_start = .
 *(SORT_BY_NAME(SORT_BY_ALIGNMENT(._k_p4wq_initparam.static.*)))
                0x0000000000010300                _k_p4wq_initparam_list_end = .

_static_thread_data_area
                0x0000000000010300        0x0
                0x0000000000010300                __static_thread_data_list_start = .
 *(SORT_BY_NAME(SORT_BY_ALIGNMENT(.__static_thread_data.static.*)))
                0x0000000000010300                __static_thread_data_list_end = .

device_deps     0x0000000000010300        0x0
                0x0000000000010300                __device_deps_start = .
 *(SORT_BY_NAME(SORT_BY_ALIGNMENT(.__device_deps_pass2*)))
                0x0000000000010300                __device_deps_end = .

ztest           0x0000000000010300        0x0
                0x0000000000010300                _ztest_expected_result_entry_list_start = .
 *(SORT_BY_NAME(SORT_BY_ALIGNMENT(._ztest_expected_result_entry.static.*)))
                0x0000000000010300                _ztest_expected_result_entry_list_end = .
                0x0000000000010300                _ztest_suite_node_list_start = .
 *(SORT_BY_NAME(SORT_BY_ALIGNMENT(._ztest_suite_node.static.*)))
                0x0000000000010300                _ztest_suite_node_list_end = .
                0x0000000000010300                _ztest_unit_test_list_start = .
 *(SORT_BY_NAME(SORT_BY_ALIGNMENT(._ztest_unit_test.static.*)))
                0x0000000000010300                _ztest_unit_test_list_end = .
                0x0000000000010300                _ztest_test_rule_list_start = .
 *(SORT_BY_NAME(SORT_BY_ALIGNMENT(._ztest_test_rule.static.*)))
                0x0000000000010300                _ztest_test_rule_list_end = .

bt_l2cap_fixed_chan_area
                0x0000000000010300        0x0
                0x0000000000010300                _bt_l2cap_fixed_chan_list_start = .
 *(SORT_BY_NAME(SORT_BY_ALIGNMENT(._bt_l2cap_fixed_chan.static.*)))
                0x0000000000010300                _bt_l2cap_fixed_chan_list_end = .

bt_gatt_service_static_area
                0x0000000000010300        0x0
                0x0000000000010300                _bt_gatt_service_static_list_start = .
 *(SORT_BY_NAME(SORT_BY_ALIGNMENT(._bt_gatt_service_static.static.*)))
                0x0000000000010300                _bt_gatt_service_static_list_end = .

log_strings_area
                0x0000000000010300        0x0
                0x0000000000010300                _log_strings_list_start = .
 *(SORT_BY_NAME(SORT_BY_ALIGNMENT(._log_strings.static.*)))
                0x0000000000010300                _log_strings_list_end = .

log_const_area  0x0000000000010300       0xa0
                0x0000000000010300                _log_const_list_start = .
 *(SORT_BY_NAME(SORT_BY_ALIGNMENT(._log_const.static.*)))
 ._log_const.static.log_const_Lesson6_Exercise1_
                0x0000000000010300        0x8 app/libapp.a(main.c.obj)
                0x0000000000010300                log_const_Lesson6_Exercise1
 ._log_const.static.log_const_NRFX_CLOCK_
                0x0000000000010308        0x8 modules/hal_nordic/nrfx/libmodules__hal_nordic__nrfx.a(nrfx_clock.c.obj)
                0x0000000000010308                log_const_NRFX_CLOCK
 ._log_const.static.log_const_NRFX_DPPI_
                0x0000000000010310        0x8 modules/hal_nordic/nrfx/libmodules__hal_nordic__nrfx.a(nrfx_dppi.c.obj)
                0x0000000000010310                log_const_NRFX_DPPI
 ._log_const.static.log_const_NRFX_GPIOTE_