Archive member included to satisfy reference by file (symbol)

platform/libplatform_s.a(system_nrf91.o)
                              secure_fw/CMakeFiles/tfm_s.dir/__/platform/ext/target/nordic_nrf/common/core/startup.o (SystemInit)
secure_fw/partitions/lib/runtime/libtfm_sprt.a(crt_memset.o)
                              c:/ncs/toolchains/31f4403e35/opt/zephyr-sdk/arm-zephyr-eabi/bin/../lib/gcc/arm-zephyr-eabi/12.2.0/../../../../arm-zephyr-eabi/lib/thumb/v8-m.main/nofp/crt0.o (memset)
secure_fw/partitions/lib/runtime/libtfm_sprt.a(psa_api_ipc.o)
                              secure_fw/CMakeFiles/tfm_s.dir/partitions/ns_agent_tz/psa_api_veneers_v80m.o (psa_framework_version)
secure_fw/partitions/lib/runtime/libtfm_sprt.a(sprt_partition_metadata_indicator.o)
                              secure_fw/partitions/lib/runtime/libtfm_sprt.a(psa_api_ipc.o) (p_partition_metadata)
secure_fw/spm/libtfm_spm.a(utilities.o)
                              secure_fw/CMakeFiles/tfm_s.dir/__/platform/ext/target/nordic_nrf/common/core/startup.o (tfm_core_panic)
secure_fw/spm/libtfm_spm.a(main.o)
                              c:/ncs/toolchains/31f4403e35/opt/zephyr-sdk/arm-zephyr-eabi/bin/../lib/gcc/arm-zephyr-eabi/12.2.0/../../../../arm-zephyr-eabi/lib/thumb/v8-m.main/nofp/crt0.o (main)
secure_fw/spm/libtfm_spm.a(tfm_core_svcalls_ipc.o)
                              secure_fw/spm/libtfm_spm.a(main.o) (tfm_core_handler_mode)
secure_fw/spm/libtfm_spm.a(tfm_arch_v8m_main.o)
                              secure_fw/spm/libtfm_spm.a(main.o) (tfm_arch_set_secure_exception_priorities)
secure_fw/spm/libtfm_spm.a(ns_agent_tz_v80m.o)
                              secure_fw/CMakeFiles/tfm_s.dir/partitions/ns_agent_tz/load_info_ns_agent_tz.o (ns_agent_tz_main)
secure_fw/spm/libtfm_spm.a(tfm_hal_isolation.o)
                              secure_fw/spm/libtfm_spm.a(main.o) (tfm_hal_set_up_static_boundaries)
secure_fw/spm/libtfm_spm.a(faults.o)
                              secure_fw/CMakeFiles/tfm_s.dir/__/platform/ext/target/nordic_nrf/common/core/startup_nrf91.o (SPU_IRQHandler)
secure_fw/spm/libtfm_spm.a(target_cfg.o)
                              secure_fw/spm/libtfm_spm.a(tfm_hal_isolation.o) (sau_and_idau_cfg)
secure_fw/spm/libtfm_spm.a(tfm_boot_data.o)
                              secure_fw/spm/libtfm_spm.a(main.o) (tfm_core_validate_boot_data)
secure_fw/spm/libtfm_spm.a(tfm_arch.o)
                              secure_fw/spm/libtfm_spm.a(tfm_core_svcalls_ipc.o) (tfm_arch_free_msp_and_exc_ret)
secure_fw/spm/libtfm_spm.a(spm_ipc.o)
                              secure_fw/spm/libtfm_spm.a(tfm_boot_data.o) (tfm_spm_partition_get_running_partition_id)
secure_fw/spm/libtfm_spm.a(spm_cross_call.o)
                              secure_fw/spm/libtfm_spm.a(tfm_arch_v8m_main.o) (cross_call_entering_c)
secure_fw/spm/libtfm_spm.a(rom_loader.o)
                              secure_fw/spm/libtfm_spm.a(spm_ipc.o) (load_a_partition_assuredly)
secure_fw/spm/libtfm_spm.a(psa_api.o)
                              secure_fw/spm/libtfm_spm.a(tfm_core_svcalls_ipc.o) (spm_handle_programmer_errors)
secure_fw/spm/libtfm_spm.a(backend_ipc.o)
                              secure_fw/spm/libtfm_spm.a(spm_ipc.o) (backend_init_comp_assuredly)
secure_fw/spm/libtfm_spm.a(tfm_pools.o)
                              secure_fw/spm/libtfm_spm.a(spm_ipc.o) (tfm_pool_init)
secure_fw/spm/libtfm_spm.a(thread.o)
                              secure_fw/spm/libtfm_spm.a(backend_ipc.o) (thrd_set_query_callback)
secure_fw/spm/libtfm_spm.a(tfm_spm_ns_ctx.o)
                              secure_fw/spm/libtfm_spm.a(spm_ipc.o) (tfm_nspm_get_current_client_id)
secure_fw/spm/libtfm_spm.a(tfm_hal_platform_common.o)
                              secure_fw/spm/libtfm_spm.a(tfm_spm_ns_ctx.o) (tfm_hal_get_ns_VTOR)
secure_fw/partitions/crypto/libtfm_psa_rot_partition_crypto.a(crypto_init.o)
                              secure_fw/CMakeFiles/tfm_s.dir/__/generated/secure_fw/partitions/crypto/auto_generated/load_info_tfm_crypto.o (tfm_crypto_init)
secure_fw/partitions/crypto/libtfm_psa_rot_partition_crypto.a(crypto_alloc.o)
                              secure_fw/partitions/crypto/libtfm_psa_rot_partition_crypto.a(crypto_init.o) (tfm_crypto_init_alloc)
secure_fw/partitions/crypto/libtfm_psa_rot_partition_crypto.a(crypto_cipher.o)
                              secure_fw/partitions/crypto/libtfm_psa_rot_partition_crypto.a(crypto_init.o) (tfm_crypto_cipher_interface)
secure_fw/partitions/crypto/libtfm_psa_rot_partition_crypto.a(crypto_hash.o)
                              secure_fw/partitions/crypto/libtfm_psa_rot_partition_crypto.a(crypto_init.o) (tfm_crypto_hash_interface)
secure_fw/partitions/crypto/libtfm_psa_rot_partition_crypto.a(crypto_mac.o)
                              secure_fw/partitions/crypto/libtfm_psa_rot_partition_crypto.a(crypto_init.o) (tfm_crypto_mac_interface)
secure_fw/partitions/crypto/libtfm_psa_rot_partition_crypto.a(crypto_aead.o)
[...]
Memory Configuration

Name             Origin             Length             Attributes
FLASH            0x0000000000000000 0x0000000000008000 xr
RAM              0x0000000020000000 0x0000000000008000 xrw
*default*        0x0000000000000000 0xffffffffffffffff

Linker script and memory map

LOAD c:/ncs/toolchains/31f4403e35/opt/zephyr-sdk/arm-zephyr-eabi/bin/../lib/gcc/arm-zephyr-eabi/12.2.0/thumb/v8-m.main/nofp/crti.o
LOAD c:/ncs/toolchains/31f4403e35/opt/zephyr-sdk/arm-zephyr-eabi/bin/../lib/gcc/arm-zephyr-eabi/12.2.0/thumb/v8-m.main/nofp/crtbegin.o
LOAD c:/ncs/toolchains/31f4403e35/opt/zephyr-sdk/arm-zephyr-eabi/bin/../lib/gcc/arm-zephyr-eabi/12.2.0/../../../../arm-zephyr-eabi/lib/thumb/v8-m.main/nofp/crt0.o
LOAD secure_fw/CMakeFiles/tfm_s.dir/partitions/ns_agent_tz/psa_api_veneers_v80m.o
LOAD secure_fw/CMakeFiles/tfm_s.dir/__/platform/ext/target/nordic_nrf/common/core/startup.o
LOAD secure_fw/CMakeFiles/tfm_s.dir/__/platform/ext/target/nordic_nrf/common/core/startup_nrf91.o
LOAD secure_fw/CMakeFiles/tfm_s.dir/__/platform/ext/common/faults.o
LOAD secure_fw/CMakeFiles/tfm_s.dir/__/generated/secure_fw/partitions/crypto/auto_generated/load_info_tfm_crypto.o
LOAD secure_fw/CMakeFiles/tfm_s.dir/__/generated/secure_fw/partitions/platform/auto_generated/load_info_tfm_platform.o
LOAD secure_fw/CMakeFiles/tfm_s.dir/partitions/ns_agent_tz/load_info_ns_agent_tz.o
LOAD secure_fw/CMakeFiles/tfm_s.dir/__/platform/ext/common/syscalls_stub.o
LOAD platform/libplatform_s.a
LOAD secure_fw/partitions/lib/runtime/libtfm_sprt.a
LOAD secure_fw/spm/libtfm_spm.a
LOAD secure_fw/partitions/crypto/libtfm_psa_rot_partition_crypto.a
LOAD platform/libplatform_crypto_keys.a
LOAD secure_fw/partitions/crypto/mbedcrypto/nrf_security_src/libcrypto_service_mbedcrypto.a
LOAD secure_fw/partitions/platform/libtfm_psa_rot_partition_platform.a
LOAD platform/libplatform_s.a
LOAD secure_fw/partitions/lib/runtime/libtfm_sprt.a
LOAD secure_fw/spm/libtfm_spm.a
LOAD secure_fw/partitions/crypto/libtfm_psa_rot_partition_crypto.a
LOAD platform/libplatform_crypto_keys.a
LOAD secure_fw/partitions/crypto/mbedcrypto/nrf_security_src/libcrypto_service_mbedcrypto.a
LOAD secure_fw/partitions/platform/libtfm_psa_rot_partition_platform.a
LOAD platform/libplatform_s.a
LOAD secure_fw/partitions/lib/runtime/libtfm_sprt.a
LOAD secure_fw/spm/libtfm_spm.a
LOAD secure_fw/partitions/crypto/libtfm_psa_rot_partition_crypto.a
LOAD platform/libplatform_crypto_keys.a
LOAD secure_fw/partitions/crypto/mbedcrypto/nrf_security_src/libcrypto_service_mbedcrypto.a
LOAD secure_fw/partitions/platform/libtfm_psa_rot_partition_platform.a
LOAD C:/ncs/v2.5.0/nrfxlib/crypto/nrf_cc310_platform/lib/cortex-m33/soft-float/no-interrupts/libnrf_cc310_platform_0.9.18.a
LOAD C:/ncs/v2.5.0/nrfxlib/crypto/nrf_oberon/lib/cortex-m33/soft-float/liboberon_mbedtls_3.0.13.a
LOAD secure_fw/partitions/crypto/mbedcrypto/nrf_security_src/libmbedcrypto_base.a
LOAD C:/ncs/v2.5.0/nrfxlib/crypto/nrf_oberon/lib/cortex-m33/soft-float/liboberon_3.0.13.a
START GROUP
LOAD c:/ncs/toolchains/31f4403e35/opt/zephyr-sdk/arm-zephyr-eabi/bin/../lib/gcc/arm-zephyr-eabi/12.2.0/thumb/v8-m.main/nofp\libgcc.a
LOAD c:/ncs/toolchains/31f4403e35/opt/zephyr-sdk/arm-zephyr-eabi/bin/../lib/gcc/arm-zephyr-eabi/12.2.0/../../../../arm-zephyr-eabi/lib/thumb/v8-m.main/nofp\libc_nano.a
END GROUP
START GROUP
LOAD c:/ncs/toolchains/31f4403e35/opt/zephyr-sdk/arm-zephyr-eabi/bin/../lib/gcc/arm-zephyr-eabi/12.2.0/thumb/v8-m.main/nofp\libgcc.a
LOAD c:/ncs/toolchains/31f4403e35/opt/zephyr-sdk/arm-zephyr-eabi/bin/../lib/gcc/arm-zephyr-eabi/12.2.0/../../../../arm-zephyr-eabi/lib/thumb/v8-m.main/nofp\libc_nano.a
END GROUP
LOAD c:/ncs/toolchains/31f4403e35/opt/zephyr-sdk/arm-zephyr-eabi/bin/../lib/gcc/arm-zephyr-eabi/12.2.0/thumb/v8-m.main/nofp/crtend.o
LOAD c:/ncs/toolchains/31f4403e35/opt/zephyr-sdk/arm-zephyr-eabi/bin/../lib/gcc/arm-zephyr-eabi/12.2.0/thumb/v8-m.main/nofp/crtn.o
                0x0000000000000800                __msp_stack_size__ = 0x800
START GROUP
LOAD c:/ncs/toolchains/31f4403e35/opt/zephyr-sdk/arm-zephyr-eabi/bin/../lib/gcc/arm-zephyr-eabi/12.2.0/thumb/v8-m.main/nofp\libgcc.a
LOAD c:/ncs/toolchains/31f4403e35/opt/zephyr-sdk/arm-zephyr-eabi/bin/../lib/gcc/arm-zephyr-eabi/12.2.0/../../../../arm-zephyr-eabi/lib/thumb/v8-m.main/nofp\libc.a
LOAD c:/ncs/toolchains/31f4403e35/opt/zephyr-sdk/arm-zephyr-eabi/bin/../lib/gcc/arm-zephyr-eabi/12.2.0/../../../../arm-zephyr-eabi/lib/thumb/v8-m.main/nofp\libm.a
LOAD c:/ncs/toolchains/31f4403e35/opt/zephyr-sdk/arm-zephyr-eabi/bin/../lib/gcc/arm-zephyr-eabi/12.2.0/../../../../arm-zephyr-eabi/lib/thumb/v8-m.main/nofp\libnosys.a
LOAD c:/ncs/toolchains/31f4403e35/opt/zephyr-sdk/arm-zephyr-eabi/bin/../lib/gcc/arm-zephyr-eabi/12.2.0/../../../../arm-zephyr-eabi/lib/thumb/v8-m.main/nofp\libc_nano.a
END GROUP

.TFM_VECTORS    0x0000000000000000      0x144
                0x0000000000000000                __vectors_start__ = .
 *(.vectors)
 .vectors       0x0000000000000000      0x144 secure_fw/CMakeFiles/tfm_s.dir/__/platform/ext/target/nordic_nrf/common/core/startup_nrf91.o
                0x0000000000000000                __Vectors
                0x0000000000000144                . = ALIGN (0x4)
                0x0000000000000144                __vectors_end__ = .
                0x0000000000000001                ASSERT ((. <= (ADDR (.TFM_VECTORS) + 0x144)), .TFM_VECTORS section size overflow.)
                0x0000000000000144                . = (ADDR (.TFM_VECTORS) + 0x144)

.copy.table     0x0000000000000144       0x24
                0x0000000000000144                __copy_table_start__ = .
                0x0000000000000144        0x4 LONG 0x7c40 LOADADDR (.TFM_DATA)
                0x0000000000000148        0x4 LONG 0x20001e20 ADDR (.TFM_DATA)
                0x000000000000014c        0x4 LONG 0x3e (SIZEOF (.TFM_DATA) / 0x4)
                0x0000000000000150        0x4 LONG 0x24a0 LOADADDR (.TFM_PSA_ROT_LINKER_DATA)
                0x0000000000000154        0x4 LONG 0x20000c40 ADDR (.TFM_PSA_ROT_LINKER_DATA)
                0x0000000000000158        0x4 LONG 0x0 (SIZEOF (.TFM_PSA_ROT_LINKER_DATA) / 0x4)
                0x000000000000015c        0x4 LONG 0x24a0 LOADADDR (.TFM_APP_ROT_LINKER_DATA)
                0x0000000000000160        0x4 LONG 0x20000c20 ADDR (.TFM_APP_ROT_LINKER_DATA)
                0x0000000000000164        0x4 LONG 0x0 (SIZEOF (.TFM_APP_ROT_LINKER_DATA) / 0x4)
                0x0000000000000168                __copy_table_end__ = .

.zero.table     0x0000000000000168       0x20
                0x0000000000000168                __zero_table_start__ = .
                0x0000000000000168        0x4 LONG 0x20001f20 ADDR (.TFM_BSS)
                0x000000000000016c        0x4 LONG 0x69c (SIZEOF (.TFM_BSS) / 0x4)
                0x0000000000000170        0x4 LONG 0x20000c40 ADDR (.TFM_PSA_ROT_LINKER_BSS)
                0x0000000000000174        0x4 LONG 0x478 (SIZEOF (.TFM_PSA_ROT_LINKER_BSS) / 0x4)
                0x0000000000000178        0x4 LONG 0x20000c20 ADDR (.TFM_APP_ROT_LINKER_BSS)
                0x000000000000017c        0x4 LONG 0x8 (SIZEOF (.TFM_APP_ROT_LINKER_BSS) / 0x4)
                0x0000000000000180        0x4 LONG 0x20000c00 ADDR (.TFM_SP_META_PTR)
                0x0000000000000184        0x4 LONG 0x8 (SIZEOF (.TFM_SP_META_PTR) / 0x4)
                0x0000000000000188                __zero_table_end__ = .

.TFM_SP_LOAD_LIST
                0x0000000000000188       0xc4
 *(.part_load_priority_lowest)
 .part_load_priority_lowest
                0x0000000000000188       0x30 secure_fw/CMakeFiles/tfm_s.dir/partitions/ns_agent_tz/load_info_ns_agent_tz.o
                0x0000000000000188                tfm_sp_ns_agent_tz_load
 *(.part_load_priority_low)
 *(.part_load_priority_normal)
 .part_load_priority_normal
                0x00000000000001b8       0x4c secure_fw/CMakeFiles/tfm_s.dir/__/generated/secure_fw/partitions/crypto/auto_generated/load_info_tfm_crypto.o
                0x00000000000001b8                tfm_sp_crypto_load
 .part_load_priority_normal
                0x0000000000000204       0x48 secure_fw/CMakeFiles/tfm_s.dir/__/generated/secure_fw/partitions/platform/auto_generated/load_info_tfm_platform.o
                0x0000000000000204                tfm_sp_platform_load
 *(.part_load_priority_high)
                0x0000000000000188                Image$$TFM_SP_LOAD_LIST$$RO$$Base = ADDR (.TFM_SP_LOAD_LIST)
                0x000000000000024c                Image$$TFM_SP_LOAD_LIST$$RO$$Limit = (ADDR (.TFM_SP_LOAD_LIST) + SIZEOF (.TFM_SP_LOAD_LIST))
                0x0000000000000260                . = ALIGN (0x20)
                0x0000000000000260                Image$$TFM_PSA_CODE_START$$Base = .

.TFM_PSA_ROT_LINKER
                0x0000000000000260      0x4e0
 *tfm_psa_rot_partition*:*(.text*)
 .text.tfm_crypto_clear_scratch
                0x0000000000000260       0x20 secure_fw/partitions/crypto/libtfm_psa_rot_partition_crypto.a(crypto_init.o)
 .text.tfm_crypto_init
                0x0000000000000280       0x1c secure_fw/partitions/crypto/libtfm_psa_rot_partition_crypto.a(crypto_init.o)
                0x0000000000000280                tfm_crypto_init
 .text.tfm_crypto_api_dispatcher
                0x000000000000029c       0xa4 secure_fw/partitions/crypto/libtfm_psa_rot_partition_crypto.a(crypto_init.o)
                0x000000000000029c                tfm_crypto_api_dispatcher
 .text.tfm_crypto_sfn
                0x0000000000000340      0x170 secure_fw/partitions/crypto/libtfm_psa_rot_partition_crypto.a(crypto_init.o)
                0x0000000000000340                tfm_crypto_sfn
 .text.tfm_crypto_init_alloc
                0x00000000000004b0       0x14 secure_fw/partitions/crypto/libtfm_psa_rot_partition_crypto.a(crypto_alloc.o)
                0x00000000000004b0                tfm_crypto_init_alloc
 .text.tfm_crypto_cipher_interface
                0x00000000000004c4        0x6 secure_fw/partitions/crypto/libtfm_psa_rot_partition_crypto.a(crypto_cipher.o)
                0x00000000000004c4                tfm_crypto_cipher_interface
 .text.tfm_crypto_hash_interface
                0x00000000000004ca        0x6 secure_fw/partitions/crypto/libtfm_psa_rot_partition_crypto.a(crypto_hash.o)
                0x00000000000004ca                tfm_crypto_hash_interface
 .text.tfm_crypto_mac_interface
                0x00000000000004d0        0x6 secure_fw/partitions/crypto/libtfm_psa_rot_partition_crypto.a(crypto_mac.o)
                0x00000000000004d0                tfm_crypto_mac_interface
 .text.tfm_crypto_aead_interface
                0x00000000000004d6        0x6 secure_fw/partitions/crypto/libtfm_psa_rot_partition_crypto.a(crypto_aead.o)
                0x00000000000004d6                tfm_crypto_aead_interface
 .text.tfm_crypto_asymmetric_sign_interface
                0x00000000000004dc        0x6 secure_fw/partitions/crypto/libtfm_psa_rot_partition_crypto.a(crypto_asymmetric.o)
                0x00000000000004dc                tfm_crypto_asymmetric_sign_interface
 .text.tfm_crypto_asymmetric_encrypt_interface
                0x00000000000004e2        0x6 secure_fw/partitions/crypto/libtfm_psa_rot_partition_crypto.a(crypto_asymmetric.o)
                0x00000000000004e2                tfm_crypto_asymmetric_encrypt_interface
 .text.tfm_crypto_key_derivation_interface
                0x00000000000004e8        0x6 secure_fw/partitions/crypto/libtfm_psa_rot_partition_crypto.a(crypto_key_derivation.o)
                0x00000000000004e8                tfm_crypto_key_derivation_interface
 .text.tfm_crypto_key_management_interface
                0x00000000000004ee        0x6 secure_fw/partitions/crypto/libtfm_psa_rot_partition_crypto.a(crypto_key_management.o)
                0x00000000000004ee                tfm_crypto_key_management_interface
 .text.tfm_crypto_random_interface
                0x00000000000004f4        0x8 secure_fw/partitions/crypto/libtfm_psa_rot_partition_crypto.a(crypto_rng.o)
                0x00000000000004f4                tfm_crypto_random_interface
 .text.tfm_crypto_library_key_id_init
                0x00000000000004fc        0x6 secure_fw/partitions/crypto/libtfm_psa_rot_partition_crypto.a(crypto_library.o)
                0x00000000000004fc                tfm_crypto_library_key_id_init
 *fill*         0x0000000000000502        0x2 
 .text.tfm_crypto_library_get_info
                0x0000000000000504       0x1c secure_fw/partitions/crypto/libtfm_psa_rot_partition_crypto.a(crypto_library.o)
                0x0000000000000504                tfm_crypto_library_get_info
 .text.tfm_crypto_core_library_init
                0x0000000000000520       0x14 secure_fw/partitions/crypto/libtfm_psa_rot_partition_crypto.a(crypto_library.o)
                0x0000000000000520                tfm_crypto_core_library_init
 .text.tfm_platform_service_sfn
                0x0000000000000534      0x114 secure_fw/partitions/platform/libtfm_psa_rot_partition_platform.a(platform_sp.o)
                0x0000000000000534                tfm_platform_service_sfn
 .text.platform_sp_init
                0x0000000000000648        0x4 secure_fw/partitions/platform/libtfm_psa_rot_partition_platform.a(platform_sp.o)
                0x0000000000000648                platform_sp_init
 .text.tfm_builtin_key_loader_init
                0x000000000000064c       0xe0 secure_fw/partitions/crypto/libtfm_psa_rot_partition_crypto.a(tfm_builtin_key_loader.o)
                0x000000000000064c                tfm_builtin_key_loader_init
 *tfm_psa_rot_partition*:*(.rodata*)
 .rodata.tfm_crypto_library_get_info.str1.1
                0x000000000000072c        0xf secure_fw/partitions/crypto/libtfm_psa_rot_partition_crypto.a(crypto_library.o)
 *(TFM_*_PSA-ROT_ATTR_FN)
                0x0000000000000740                . = ALIGN (0x20)
 *fill*         0x000000000000073b        0x5 
                0x0000000000000260                Image$$TFM_PSA_ROT_LINKER$$RO$$Base = ADDR (.TFM_PSA_ROT_LINKER)
                0x0000000000000740                Image$$TFM_PSA_ROT_LINKER$$RO$$Limit = (ADDR (.TFM_PSA_ROT_LINKER) + SIZEOF (.TFM_PSA_ROT_LINKER))
                0x0000000000000260                Image$$TFM_PSA_ROT_LINKER$$Base = ADDR (.TFM_PSA_ROT_LINKER)
                0x0000000000000740                Image$$TFM_PSA_ROT_LINKER$$Limit = (ADDR (.TFM_PSA_ROT_LINKER) + SIZEOF (.TFM_PSA_ROT_LINKER))
                0x0000000000000740                Image$$TFM_PSA_CODE_END$$Base = .
                0x0000000000000740                Image$$TFM_APP_CODE_START$$Base = .

.TFM_APP_ROT_LINKER
                0x0000000000000740        0x0
 *tfm_app_rot_partition*:*(.text*)
 *tfm_app_rot_partition*:*(.rodata*)
 *(TFM_*_APP-ROT_ATTR_FN)
                0x0000000000000740                . = ALIGN (0x20)
                0x0000000000000740                Image$$TFM_APP_ROT_LINKER$$RO$$Base = ADDR (.TFM_APP_ROT_LINKER)
                0x0000000000000740                Image$$TFM_APP_ROT_LINKER$$RO$$Limit = (ADDR (.TFM_APP_ROT_LINKER) + SIZEOF (.TFM_APP_ROT_LINKER))
                0x0000000000000740                Image$$TFM_APP_ROT_LINKER$$Base = ADDR (.TFM_APP_ROT_LINKER)
                0x0000000000000740                Image$$TFM_APP_ROT_LINKER$$Limit = (ADDR (.TFM_APP_ROT_LINKER) + SIZEOF (.TFM_APP_ROT_LINKER))
                0x0000000000000740                Image$$TFM_APP_CODE_END$$Base = .

.ARM.extab
 *(.ARM.extab* .gnu.linkonce.armextab.*)
                0x0000000000000740                __exidx_start = .

.ARM.exidx      0x0000000000000740        0x8
 *(.ARM.exidx* .gnu.linkonce.armexidx.*)
 .ARM.exidx     0x0000000000000740        0x8 c:/ncs/toolchains/31f4403e35/opt/zephyr-sdk/arm-zephyr-eabi/bin/../lib/gcc/arm-zephyr-eabi/12.2.0/../../../../arm-zephyr-eabi/lib/thumb/v8-m.main/nofp/crt0.o
                                         0x10 (size before relaxing)
                0x0000000000000748                __exidx_end = .

.ER_TFM_CODE    0x0000000000000748     0x1d40
 *startup*(.text*)
 .text.default_irq_handler
                0x0000000000000748        0x4 secure_fw/CMakeFiles/tfm_s.dir/__/platform/ext/target/nordic_nrf/common/core/startup.o
                0x0000000000000748                default_irq_handler
 *fill*         0x000000000000074c        0x4 
 .text.Reset_Handler
                0x0000000000000750       0xa4 secure_fw/CMakeFiles/tfm_s.dir/__/platform/ext/target/nordic_nrf/common/core/startup.o
                0x0000000000000750                Reset_Handler
 .text.default_tfm_IRQHandler
                0x00000000000007f4        0x6 secure_fw/CMakeFiles/tfm_s.dir/__/platform/ext/target/nordic_nrf/common/core/startup_nrf91.o
                0x00000000000007f4                TIMER2_IRQHandler
                0x00000000000007f4                DebugMon_Handler
                0x00000000000007f4                RTC0_IRQHandler
                0x00000000000007f4                SysTick_Handler
                0x00000000000007f4                PWM1_IRQHandler
                0x00000000000007f4                NMI_Handler
                0x00000000000007f4                PDM_IRQHandler
                0x00000000000007f4                default_tfm_IRQHandler
                0x00000000000007f4                IPC_IRQHandler
                0x00000000000007f4                PWM3_IRQHandler
                0x00000000000007f4                FPU_IRQHandler
                0x00000000000007f4                EGU3_IRQHandler
                0x00000000000007f4                KMU_IRQHandler
                0x00000000000007f4                CRYPTOCELL_IRQHandler
                0x00000000000007f4                I2S_IRQHandler
                0x00000000000007f4                EGU2_IRQHandler
                0x00000000000007f4                TIMER0_IRQHandler
                0x00000000000007f4                EGU4_IRQHandler
                0x00000000000007f4                EGU0_IRQHandler
                0x00000000000007f4                GPIOTE1_IRQHandler
                0x00000000000007f4                TIMER1_IRQHandler
                0x00000000000007f4                PWM2_IRQHandler
                0x00000000000007f4                EGU1_IRQHandler
                0x00000000000007f4                EGU5_IRQHandler
                0x00000000000007f4                UARTE3_SPIM3_SPIS3_TWIM3_TWIS3_IRQHandler
                0x00000000000007f4                SAADC_IRQHandler
                0x00000000000007f4                GPIOTE0_IRQHandler
                0x00000000000007f4                WDT_IRQHandler
                0x00000000000007f4                SPIM0_SPIS0_TWIM0_TWIS0_UARTE0_IRQHandler
                0x00000000000007f4                SPIM2_SPIS2_TWIM2_TWIS2_UARTE2_IRQHandler
                0x00000000000007f4                PWM0_IRQHandler
                0x00000000000007f4                RTC1_IRQHandler
                0x00000000000007f4                SPIM1_SPIS1_TWIM1_TWIS1_UARTE1_IRQHandler
                0x00000000000007f4                CLOCK_POWER_IRQHandler
 *libplatform_s*:*(.text*)
 .text.nrf91_errata_6
                0x00000000000007fa       0x1e platform/libplatform_s.a(system_nrf91.o)
 .text.nrf91_errata_14
                0x0000000000000818       0x24 platform/libplatform_s.a(system_nrf91.o)
 .text.uicr_HFXOCNT_erased
                0x000000000000083c       0x40 platform/libplatform_s.a(system_nrf91.o)
 .text.uicr_HFXOSRC_erased
                0x000000000000087c       0x3c platform/libplatform_s.a(system_nrf91.o)
 .text.SystemInit
                0x00000000000008b8      0x1c8 platform/libplatform_s.a(system_nrf91.o)
                0x00000000000008b8                SystemInit
 .text.mpu_armv8m_enable
                0x0000000000000a80       0x34 platform/libplatform_s.a(mpu_armv8m_drv.o)
                0x0000000000000a80                mpu_armv8m_enable
 .text.mpu_armv8m_region_enable
                0x0000000000000ab4       0x6a platform/libplatform_s.a(mpu_armv8m_drv.o)
                0x0000000000000ab4                mpu_armv8m_region_enable
 .text.mpu_armv8m_region_disable
                0x0000000000000b1e       0x14 platform/libplatform_s.a(mpu_armv8m_drv.o)
                0x0000000000000b1e                mpu_armv8m_region_disable
 .text.mpu_armv8m_clean
                0x0000000000000b32       0x22 platform/libplatform_s.a(mpu_armv8m_drv.o)
                0x0000000000000b32                mpu_armv8m_clean
 .text.spu_enable_interrupts
                0x0000000000000b54       0x10 platform/libplatform_s.a(spu.o)
                0x0000000000000b54                spu_enable_interrupts
 .text.spu_clear_events
                0x0000000000000b64       0x24 platform/libplatform_s.a(spu.o)
                0x0000000000000b64                spu_clear_events
 .text.spu_regions_reset_unlocked_secure
                0x0000000000000b88       0x30 platform/libplatform_s.a(spu.o)
                0x0000000000000b88                spu_regions_reset_unlocked_secure
 .text.spu_regions_flash_config
                0x0000000000000bb8       0x2c platform/libplatform_s.a(spu.o)
                0x0000000000000bb8                spu_regions_flash_config
 .text.spu_regions_sram_config
                0x0000000000000be4       0x34 platform/libplatform_s.a(spu.o)
                0x0000000000000be4                spu_regions_sram_config
 .text.spu_regions_flash_config_non_secure_callable
                0x0000000000000c18       0x30 platform/libplatform_s.a(spu.o)
                0x0000000000000c18                spu_regions_flash_config_non_secure_callable
 .text.spu_regions_flash_get_base_address_in_region
                0x0000000000000c48        0x4 platform/libplatform_s.a(spu.o)
                0x0000000000000c48                spu_regions_flash_get_base_address_in_region
 .text.spu_regions_flash_get_last_address_in_region
                0x0000000000000c4c        0xa platform/libplatform_s.a(spu.o)
                0x0000000000000c4c                spu_regions_flash_get_last_address_in_region
 .text.spu_regions_flash_get_start_id
                0x0000000000000c56        0x4 platform/libplatform_s.a(spu.o)
                0x0000000000000c56                spu_regions_flash_get_start_id
 .text.spu_regions_flash_get_last_id
                0x0000000000000c5a        0x4 platform/libplatform_s.a(spu.o)
                0x0000000000000c5a                spu_regions_flash_get_last_id
 .text.spu_regions_flash_get_region_size
                0x0000000000000c5e        0x6 platform/libplatform_s.a(spu.o)
                0x0000000000000c5e                spu_regions_flash_get_region_size
 .text.spu_regions_sram_get_base_address_in_region
                0x0000000000000c64        0xa platform/libplatform_s.a(spu.o)
                0x0000000000000c64                spu_regions_sram_get_base_address_in_region
 *fill*         0x0000000000000c6e        0x2 
 .text.spu_regions_sram_get_last_address_in_region
                0x0000000000000c70        0xc platform/libplatform_s.a(spu.o)
                0x0000000000000c70                spu_regions_sram_get_last_address_in_region
 .text.spu_regions_sram_get_start_id
                0x0000000000000c7c        0x4 platform/libplatform_s.a(spu.o)
                0x0000000000000c7c                spu_regions_sram_get_start_id
 .text.spu_regions_sram_get_last_id
                0x0000000000000c80        0x4 platform/libplatform_s.a(spu.o)
                0x0000000000000c80                spu_regions_sram_get_last_id
 .text.spu_regions_sram_get_region_size
                0x0000000000000c84        0x6 platform/libplatform_s.a(spu.o)
                0x0000000000000c84                spu_regions_sram_get_region_size
 *fill*         0x0000000000000c8a        0x2 
 .text.spu_peripheral_config_non_secure
                0x0000000000000c8c       0x18 platform/libplatform_s.a(spu.o)
                0x0000000000000c8c                spu_peripheral_config_non_secure
 .text.tfm_hal_platform_init
                0x0000000000000ca4       0x30 platform/libplatform_s.a(tfm_hal_platform.o)
                0x0000000000000ca4                tfm_hal_platform_init
 .text.tfm_plat_otp_init
                0x0000000000000cd4        0x4 platform/libplatform_s.a(dummy_otp.o)
                0x0000000000000cd4                tfm_plat_otp_init
 .text.tfm_plat_provisioning_is_required
                0x0000000000000cd8        0x4 platform/libplatform_s.a(dummy_provisioning.o)
                0x0000000000000cd8                tfm_plat_provisioning_is_required
 .text.tfm_plat_provisioning_perform
                0x0000000000000cdc        0x4 platform/libplatform_s.a(dummy_provisioning.o)
                0x0000000000000cdc                tfm_plat_provisioning_perform
 .text.tfm_plat_provisioning_check_for_dummy_keys
                0x0000000000000ce0        0x2 platform/libplatform_s.a(dummy_provisioning.o)
                0x0000000000000ce0                tfm_plat_provisioning_check_for_dummy_keys
 *fill*         0x0000000000000ce2        0x2 
 .text.tfm_platform_hal_system_reset
                0x0000000000000ce4       0x24 platform/libplatform_s.a(tfm_platform_system.o)
                0x0000000000000ce4                tfm_platform_hal_system_reset
 .text.tfm_platform_hal_ioctl
                0x0000000000000d08       0x10 platform/libplatform_s.a(tfm_platform_system.o)
                0x0000000000000d08                tfm_platform_hal_ioctl
 .text.tfm_hal_system_reset
                0x0000000000000d18       0x24 platform/libplatform_s.a(tfm_hal_reset_halt.o)
                0x0000000000000d18                tfm_hal_system_reset
 .text.tfm_platform_hal_read_service
                0x0000000000000d3c       0x84 platform/libplatform_s.a(tfm_platform_hal_ioctl.o)
                0x0000000000000d3c                tfm_platform_hal_read_service
 *libtfm_spm*:*(.text*)
 .text.tfm_core_panic
                0x0000000000000dc0        0x4 secure_fw/spm/libtfm_spm.a(utilities.o)
                0x0000000000000dc0                tfm_core_panic
 .text.startup.main
                0x0000000000000dc4       0x50 secure_fw/spm/libtfm_spm.a(main.o)
                0x0000000000000dc4                main
 .text.tfm_core_svc_handler
                0x0000000000000e14       0x70 secure_fw/spm/libtfm_spm.a(tfm_core_svcalls_ipc.o)
                0x0000000000000e14                tfm_core_svc_handler
 .text.tfm_core_handler_mode
                0x0000000000000e84        0x4 secure_fw/spm/libtfm_spm.a(tfm_core_svcalls_ipc.o)
                0x0000000000000e84                tfm_core_handler_mode
 .text.arch_non_preempt_call
                0x0000000000000e88       0x64 secure_fw/spm/libtfm_spm.a(tfm_arch_v8m_main.o)
                0x0000000000000e88                arch_non_preempt_call
 .text.PendSV_Handler
                0x0000000000000eec       0x52 secure_fw/spm/libtfm_spm.a(tfm_arch_v8m_main.o)
                0x0000000000000eec                PendSV_Handler
 *fill*         0x0000000000000f3e        0x2 
 .text.SVC_Handler
                0x0000000000000f40       0x68 secure_fw/spm/libtfm_spm.a(tfm_arch_v8m_main.o)
                0x0000000000000f40                SVC_Handler
 .text.tfm_arch_set_secure_exception_priorities
                0x0000000000000fa8       0x28 secure_fw/spm/libtfm_spm.a(tfm_arch_v8m_main.o)
                0x0000000000000fa8                tfm_arch_set_secure_exception_priorities
 .text.tfm_arch_config_extensions
                0x0000000000000fd0        0x2 secure_fw/spm/libtfm_spm.a(tfm_arch_v8m_main.o)
                0x0000000000000fd0                tfm_arch_config_extensions
 *fill*         0x0000000000000fd2        0x2 
 .text.ns_agent_tz_main
                0x0000000000000fd4       0x30 secure_fw/spm/libtfm_spm.a(ns_agent_tz_v80m.o)
                0x0000000000000fd4                ns_agent_tz_main
 .text.tfm_hal_bind_boundary
                0x0000000000001004       0x46 secure_fw/spm/libtfm_spm.a(tfm_hal_isolation.o)
                0x0000000000001004                tfm_hal_bind_boundary
 .text.tfm_hal_activate_boundary
                0x000000000000104a       0x1c secure_fw/spm/libtfm_spm.a(tfm_hal_isolation.o)
                0x000000000000104a                tfm_hal_activate_boundary
 .text.tfm_hal_memory_check
                0x0000000000001066      0x126 secure_fw/spm/libtfm_spm.a(tfm_hal_isolation.o)
                0x0000000000001066                tfm_hal_memory_check
 .text.mpu_init_cfg
                0x000000000000118c      0x11c secure_fw/spm/libtfm_spm.a(tfm_hal_isolation.o)
                0x000000000000118c                mpu_init_cfg
 .text.tfm_hal_set_up_static_boundaries
                0x00000000000012a8       0x2a secure_fw/spm/libtfm_spm.a(tfm_hal_isolation.o)
                0x00000000000012a8                tfm_hal_set_up_static_boundaries
 .text.tfm_hal_boundary_need_switch
                0x00000000000012d2       0x1a secure_fw/spm/libtfm_spm.a(tfm_hal_isolation.o)
                0x00000000000012d2                tfm_hal_boundary_need_switch
 .text.SPU_Handler
                0x00000000000012ec       0x2c secure_fw/spm/libtfm_spm.a(faults.o)
                0x00000000000012ec                SPU_Handler
 .text.SPU_IRQHandler
                0x0000000000001318        0x6 secure_fw/spm/libtfm_spm.a(faults.o)
                0x0000000000001318                SPU_IRQHandler
 *fill*         0x000000000000131e        0x2 
 .text.enable_fault_handlers
                0x0000000000001320       0x14 secure_fw/spm/libtfm_spm.a(target_cfg.o)
                0x0000000000001320                enable_fault_handlers
 .text.system_reset_cfg
                0x0000000000001334       0x18 secure_fw/spm/libtfm_spm.a(target_cfg.o)
                0x0000000000001334                system_reset_cfg
 .text.init_debug
                0x000000000000134c        0x4 secure_fw/spm/libtfm_spm.a(target_cfg.o)
                0x000000000000134c                init_debug
 .text.nvic_interrupt_target_state_cfg
                0x0000000000001350       0x30 secure_fw/spm/libtfm_spm.a(target_cfg.o)
                0x0000000000001350                nvic_interrupt_target_state_cfg
 .text.nvic_interrupt_enable
                0x0000000000001380       0x18 secure_fw/spm/libtfm_spm.a(target_cfg.o)
                0x0000000000001380                nvic_interrupt_enable
 .text.sau_and_idau_cfg
                0x0000000000001398       0x20 secure_fw/spm/libtfm_spm.a(target_cfg.o)
                0x0000000000001398                sau_and_idau_cfg
 .text.spu_init_cfg
                0x00000000000013b8       0x44 secure_fw/spm/libtfm_spm.a(target_cfg.o)
                0x00000000000013b8                spu_init_cfg
 .text.spu_periph_init_cfg
                0x00000000000013fc      0x180 secure_fw/spm/libtfm_spm.a(target_cfg.o)
                0x00000000000013fc                spu_periph_init_cfg
 .text.tfm_core_validate_boot_data
                0x000000000000157c        0xc secure_fw/spm/libtfm_spm.a(tfm_boot_data.o)
                0x000000000000157c                tfm_core_validate_boot_data
 .text.tfm_core_get_boot_data_handler
                0x0000000000001588       0x34 secure_fw/spm/libtfm_spm.a(tfm_boot_data.o)
                0x0000000000001588                tfm_core_get_boot_data_handler
 .text.tfm_arch_free_msp_and_exc_ret
                0x00000000000015bc        0x8 secure_fw/spm/libtfm_spm.a(tfm_arch.o)
                0x00000000000015bc                tfm_arch_free_msp_and_exc_ret
 .text.tfm_arch_set_context_ret_code
                0x00000000000015c4       0x14 secure_fw/spm/libtfm_spm.a(tfm_arch.o)
                0x00000000000015c4                tfm_arch_set_context_ret_code
 .text.tfm_arch_trigger_pendsv
                0x00000000000015d8       0x18 secure_fw/spm/libtfm_spm.a(tfm_arch.o)
                0x00000000000015d8                tfm_arch_trigger_pendsv
 .text.tfm_arch_init_context
                0x00000000000015f0       0x54 secure_fw/spm/libtfm_spm.a(tfm_arch.o)
                0x00000000000015f0                tfm_arch_init_context
 .text.tfm_arch_refresh_hardware_context
                0x0000000000001644       0x12 secure_fw/spm/libtfm_spm.a(tfm_arch.o)
                0x0000000000001644                tfm_arch_refresh_hardware_context
 *fill*         0x0000000000001656        0x2 
 .text.connection_to_handle
                0x0000000000001658       0x20 secure_fw/spm/libtfm_spm.a(spm_ipc.o)
                0x0000000000001658                connection_to_handle
 .text.handle_to_connection
                0x0000000000001678       0x10 secure_fw/spm/libtfm_spm.a(spm_ipc.o)
                0x0000000000001678                handle_to_connection
 .text.spm_allocate_connection
                0x0000000000001688       0x20 secure_fw/spm/libtfm_spm.a(spm_ipc.o)
                0x0000000000001688                spm_allocate_connection
 .text.spm_validate_connection
                0x00000000000016a8       0x1c secure_fw/spm/libtfm_spm.a(spm_ipc.o)
                0x00000000000016a8                spm_validate_connection
 .text.spm_free_connection
                0x00000000000016c4       0x1c secure_fw/spm/libtfm_spm.a(spm_ipc.o)
                0x00000000000016c4                spm_free_connection
 .text.spm_get_handle_by_signal
                0x00000000000016e0       0x46 secure_fw/spm/libtfm_spm.a(spm_ipc.o)
                0x00000000000016e0                spm_get_handle_by_signal
 *fill*         0x0000000000001726        0x2 
 .text.tfm_spm_get_service_by_sid
                0x0000000000001728       0x2c secure_fw/spm/libtfm_spm.a(spm_ipc.o)
                0x0000000000001728                tfm_spm_get_service_by_sid
 .text.tfm_spm_check_client_version
                0x0000000000001754       0x24 secure_fw/spm/libtfm_spm.a(spm_ipc.o)
                0x0000000000001754                tfm_spm_check_client_version
 .text.tfm_spm_check_authorization
                0x0000000000001778       0x48 secure_fw/spm/libtfm_spm.a(spm_ipc.o)
                0x0000000000001778                tfm_spm_check_authorization
 .text.spm_fill_message
                0x00000000000017c0       0x30 secure_fw/spm/libtfm_spm.a(spm_ipc.o)
                0x00000000000017c0                spm_fill_message
 .text.tfm_spm_partition_get_running_partition_id
                0x00000000000017f0       0x20 secure_fw/spm/libtfm_spm.a(spm_ipc.o)
                0x00000000000017f0                tfm_spm_partition_get_running_partition_id
 .text.spm_msg_handle_to_connection
                0x0000000000001810       0x28 secure_fw/spm/libtfm_spm.a(spm_ipc.o)
                0x0000000000001810                spm_msg_handle_to_connection
 .text.tfm_spm_is_ns_caller
                0x0000000000001838       0x20 secure_fw/spm/libtfm_spm.a(spm_ipc.o)
                0x0000000000001838                tfm_spm_is_ns_caller
 .text.tfm_spm_get_client_id
                0x0000000000001858       0x20 secure_fw/spm/libtfm_spm.a(spm_ipc.o)
                0x0000000000001858                tfm_spm_get_client_id
 .text.tfm_spm_init
                0x0000000000001878       0x74 secure_fw/spm/libtfm_spm.a(spm_ipc.o)
                0x0000000000001878                tfm_spm_init
 .text.update_caller_outvec_len
                0x00000000000018ec       0x24 secure_fw/spm/libtfm_spm.a(spm_ipc.o)
                0x00000000000018ec                update_caller_outvec_len
 .text.cross_call_entering_c
                0x0000000000001910       0x2c secure_fw/spm/libtfm_spm.a(spm_cross_call.o)
                0x0000000000001910                cross_call_entering_c
 .text.cross_call_exiting_c
                0x000000000000193c       0x30 secure_fw/spm/libtfm_spm.a(spm_cross_call.o)
                0x000000000000193c                cross_call_exiting_c
 .text.spm_interface_cross_dispatcher
                0x000000000000196c       0x3c secure_fw/spm/libtfm_spm.a(spm_cross_call.o)
                0x000000000000196c                spm_interface_cross_dispatcher
 .text.load_a_partition_assuredly
                0x00000000000019a8       0xd0 secure_fw/spm/libtfm_spm.a(rom_loader.o)
                0x00000000000019a8                load_a_partition_assuredly
 .text.load_services_assuredly
                0x0000000000001a78       0xc4 secure_fw/spm/libtfm_spm.a(rom_loader.o)
                0x0000000000001a78                load_services_assuredly
 .text.load_irqs_assuredly
                0x0000000000001b3c        0x2 secure_fw/spm/libtfm_spm.a(rom_loader.o)
                0x0000000000001b3c                load_irqs_assuredly
 .text.spm_handle_programmer_errors
                0x0000000000001b3e       0x18 secure_fw/spm/libtfm_spm.a(psa_api.o)
                0x0000000000001b3e                spm_handle_programmer_errors
 .text.tfm_spm_get_lifecycle_state
                0x0000000000001b56        0x4 secure_fw/spm/libtfm_spm.a(psa_api.o)
                0x0000000000001b56                tfm_spm_get_lifecycle_state
 *fill*         0x0000000000001b5a        0x2 
 .text.tfm_spm_partition_psa_wait
                0x0000000000001b5c       0x38 secure_fw/spm/libtfm_spm.a(psa_api.o)
                0x0000000000001b5c                tfm_spm_partition_psa_wait
 .text.tfm_spm_partition_psa_get
                0x0000000000001b94       0x64 secure_fw/spm/libtfm_spm.a(psa_api.o)
                0x0000000000001b94                tfm_spm_partition_psa_get
 .text.tfm_spm_partition_psa_reply
                0x0000000000001bf8       0x9a secure_fw/spm/libtfm_spm.a(psa_api.o)
                0x0000000000001bf8                tfm_spm_partition_psa_reply
 .text.tfm_spm_partition_psa_panic
                0x0000000000001c92        0x4 secure_fw/spm/libtfm_spm.a(psa_api.o)
                0x0000000000001c92                tfm_spm_partition_psa_panic
 .text.query_state
                0x0000000000001c96       0x40 secure_fw/spm/libtfm_spm.a(backend_ipc.o)
 *fill*         0x0000000000001cd6        0x2 
 .text.backend_init_comp_assuredly
                0x0000000000001cd8       0xe0 secure_fw/spm/libtfm_spm.a(backend_ipc.o)
                0x0000000000001cd8                backend_init_comp_assuredly
 .text.backend_system_run
                0x0000000000001db8       0x44 secure_fw/spm/libtfm_spm.a(backend_ipc.o)
                0x0000000000001db8                backend_system_run
 .text.backend_wait_signals
                0x0000000000001dfc       0x20 secure_fw/spm/libtfm_spm.a(backend_ipc.o)
                0x0000000000001dfc                backend_wait_signals
 .text.backend_assert_signal
                0x0000000000001e1c       0x20 secure_fw/spm/libtfm_spm.a(backend_ipc.o)
                0x0000000000001e1c                backend_assert_signal
 .text.backend_messaging
                0x0000000000001e3c       0x32 secure_fw/spm/libtfm_spm.a(backend_ipc.o)
                0x0000000000001e3c                backend_messaging
 .text.backend_replying
                0x0000000000001e6e       0x10 secure_fw/spm/libtfm_spm.a(backend_ipc.o)
                0x0000000000001e6e                backend_replying
 *fill*         0x0000000000001e7e        0x2 
 .text.ipc_schedule
                0x0000000000001e80       0x80 secure_fw/spm/libtfm_spm.a(backend_ipc.o)
                0x0000000000001e80                ipc_schedule
 .text.tfm_pool_init
                0x0000000000001f00       0x5c secure_fw/spm/libtfm_spm.a(tfm_pools.o)
                0x0000000000001f00                tfm_pool_init
 .text.tfm_pool_alloc
                0x0000000000001f5c       0x16 secure_fw/spm/libtfm_spm.a(tfm_pools.o)
                0x0000000000001f5c                tfm_pool_alloc
 .text.tfm_pool_free
                0x0000000000001f72        0xc secure_fw/spm/libtfm_spm.a(tfm_pools.o)
                0x0000000000001f72                tfm_pool_free
 .text.is_valid_chunk_data_in_pool
                0x0000000000001f7e       0x28 secure_fw/spm/libtfm_spm.a(tfm_pools.o)
                0x0000000000001f7e                is_valid_chunk_data_in_pool
 *fill*         0x0000000000001fa6        0x2 
 .text.thrd_set_query_callback
                0x0000000000001fa8        0xc secure_fw/spm/libtfm_spm.a(thread.o)
                0x0000000000001fa8                thrd_set_query_callback
 .text.thrd_next
                0x0000000000001fb4       0x40 secure_fw/spm/libtfm_spm.a(thread.o)
                0x0000000000001fb4                thrd_next
 .text.thrd_set_state
                0x0000000000001ff4       0x28 secure_fw/spm/libtfm_spm.a(thread.o)
                0x0000000000001ff4                thrd_set_state
 .text.thrd_start
                0x000000000000201c       0x44 secure_fw/spm/libtfm_spm.a(thread.o)
                0x000000000000201c                thrd_start
 .text.thrd_start_scheduler
                0x0000000000002060       0x1c secure_fw/spm/libtfm_spm.a(thread.o)
                0x0000000000002060                thrd_start_scheduler
 .text.tfm_nspm_get_current_client_id
                0x000000000000207c        0x6 secure_fw/spm/libtfm_spm.a(tfm_spm_ns_ctx.o)
                0x000000000000207c                tfm_nspm_get_current_client_id
 *fill*         0x0000000000002082        0x2 
 .text.tfm_nspm_ctx_init
                0x0000000000002084       0x18 secure_fw/spm/libtfm_spm.a(tfm_spm_ns_ctx.o)
                0x0000000000002084                tfm_nspm_ctx_init
 .text.tfm_hal_platform_common_init
                0x000000000000209c       0x32 secure_fw/spm/libtfm_spm.a(tfm_hal_platform_common.o)
                0x000000000000209c                tfm_hal_platform_common_init
 *fill*         0x00000000000020ce        0x2 
 .text.tfm_hal_get_ns_VTOR
                0x00000000000020d0        0xc secure_fw/spm/libtfm_spm.a(tfm_hal_platform_common.o)
                0x00000000000020d0                tfm_hal_get_ns_VTOR
 .text.tfm_hal_get_ns_MSP
                0x00000000000020dc        0xc secure_fw/spm/libtfm_spm.a(tfm_hal_platform_common.o)
                0x00000000000020dc                tfm_hal_get_ns_MSP
 .text.tfm_hal_get_ns_entry_point
                0x00000000000020e8        0xc secure_fw/spm/libtfm_spm.a(tfm_hal_platform_common.o)
                0x00000000000020e8                tfm_hal_get_ns_entry_point
 .text.tfm_spm_client_psa_call
                0x00000000000020f4      0x200 secure_fw/spm/libtfm_spm.a(psa_call_api.o)
                0x00000000000020f4                tfm_spm_client_psa_call
 .text.tfm_spm_client_psa_framework_version
                0x00000000000022f4        0x6 secure_fw/spm/libtfm_spm.a(psa_version_api.o)
                0x00000000000022f4                tfm_spm_client_psa_framework_version
 .text.tfm_spm_client_psa_version
                0x00000000000022fa       0x2c secure_fw/spm/libtfm_spm.a(psa_version_api.o)
                0x00000000000022fa                tfm_spm_client_psa_version
 *fill*         0x0000000000002326        0x2 
 .text.tfm_spm_partition_psa_read
                0x0000000000002328       0x7c secure_fw/spm/libtfm_spm.a(psa_read_write_skip_api.o)
                0x0000000000002328                tfm_spm_partition_psa_read
 .text.tfm_spm_partition_psa_skip
                0x00000000000023a4       0x46 secure_fw/spm/libtfm_spm.a(psa_read_write_skip_api.o)
                0x00000000000023a4                tfm_spm_partition_psa_skip
 *fill*         0x00000000000023ea        0x2 
 .text.tfm_spm_partition_psa_write
                0x00000000000023ec       0x78 secure_fw/spm/libtfm_spm.a(psa_read_write_skip_api.o)
                0x00000000000023ec                tfm_spm_partition_psa_write
 *libplatform_s*:*(.rodata*)
 .rodata.CSWTCH.16
                0x0000000000002464        0x3 platform/libplatform_s.a(system_nrf91.o)
 *libtfm_spm*:*(.rodata*)
 *fill*         0x0000000000002467        0x1 
 .rodata.memory_regions
                0x0000000000002468       0x14 secure_fw/spm/libtfm_spm.a(target_cfg.o)
                0x0000000000002468                memory_regions
 .rodata.serv_pool_ea
                0x000000000000247c        0x4 secure_fw/spm/libtfm_spm.a(rom_loader.o)
 .rodata.part_pool_ea
                0x0000000000002480        0x4 secure_fw/spm/libtfm_spm.a(rom_loader.o)
 .rodata.ldinf_ea
                0x0000000000002484        0x4 secure_fw/spm/libtfm_spm.a(rom_loader.o)

.tfm_secure_data_start
                0x0000000020000000        0x0
                0x0000000020000000                . = ABSOLUTE (0x20000000)

.tfm_bl2_shared_data
                0x0000000020000000      0x400
                0x0000000020000400                . = (. + 0x400)
 *fill*         0x0000000020000000      0x400 

.msp_stack      0x0000000020000400      0x7f8
                0x0000000020000bf8                . = (. + (__msp_stack_size__ - 0x8))
 *fill*         0x0000000020000400      0x7f8 
                0x0000000020000400                Image$$ARM_LIB_STACK$$ZI$$Base = ADDR (.msp_stack)
                0x0000000020000bf8                Image$$ARM_LIB_STACK$$ZI$$Limit = (ADDR (.msp_stack) + SIZEOF (.msp_stack))

.msp_stack_seal_res
                0x0000000020000bf8        0x8
                0x0000000020000c00                . = (. + 0x8)
 *fill*         0x0000000020000bf8        0x8 
                0x0000000020000bf8                __StackSeal = ADDR (.msp_stack_seal_res)

.TFM_SP_META_PTR
                0x0000000020000c00       0x20
 *(.bss.SP_META_PTR_SPRTL_INST)
 .bss.SP_META_PTR_SPRTL_INST
                0x0000000020000c00        0x4 secure_fw/partitions/lib/runtime/libtfm_sprt.a(sprt_partition_metadata_indicator.o)
                0x0000000020000c00                p_partition_metadata
                0x0000000020000c20                . = ALIGN (0x20)
 *fill*         0x0000000020000c04       0x1c 
                0x0000000020000c00                Image$$TFM_SP_META_PTR$$ZI$$Base = ADDR (.TFM_SP_META_PTR)
                0x0000000020000c20                Image$$TFM_SP_META_PTR$$ZI$$Limit = (ADDR (.TFM_SP_META_PTR) + SIZEOF (.TFM_SP_META_PTR))
                0x0000000020000c20                . = ALIGN (0x20)
                0x0000000020000c20                Image$$TFM_APP_RW_STACK_START$$Base = .

.TFM_APP_ROT_LINKER_DATA
                0x0000000020000c20        0x0 load address 0x00000000000024a0
 *tfm_app_rot_partition*:*(.data*)
 *(TFM_*_APP-ROT_ATTR_RW)
                0x0000000020000c20                . = ALIGN (0x4)
                0x0000000020000c20                Image$$TFM_APP_ROT_LINKER_DATA$$RW$$Base = ADDR (.TFM_APP_ROT_LINKER_DATA)
                0x0000000020000c20                Image$$TFM_APP_ROT_LINKER_DATA$$RW$$Limit = (ADDR (.TFM_APP_ROT_LINKER_DATA) + SIZEOF (.TFM_APP_ROT_LINKER_DATA))

.TFM_APP_ROT_LINKER_BSS
                0x0000000020000c20       0x20
                0x0000000020000c20                start_of_TFM_APP_ROT_LINKER = .
 *tfm_app_rot_partition*:*(.bss*)
 *tfm_app_rot_partition*:*(COMMON)
 *(TFM_*_APP-ROT_ATTR_ZI)
                0x0000000020000c24                . = (. + (. - start_of_TFM_APP_ROT_LINKER)?0x0:0x4)
 *fill*         0x0000000020000c20        0x4 
                0x0000000020000c40                . = ALIGN (0x20)
 *fill*         0x0000000020000c24       0x1c 
                0x0000000020000c20                Image$$TFM_APP_ROT_LINKER_DATA$$ZI$$Base = ADDR (.TFM_APP_ROT_LINKER_BSS)
                0x0000000020000c40                Image$$TFM_APP_ROT_LINKER_DATA$$ZI$$Limit = (ADDR (.TFM_APP_ROT_LINKER_BSS) + SIZEOF (.TFM_APP_ROT_LINKER_BSS))
                0x0000000020000c40                Image$$TFM_APP_RW_STACK_END$$Base = .
                0x0000000020000c40                Image$$TFM_PSA_RW_STACK_START$$Base = .

.TFM_PSA_ROT_LINKER_DATA
                0x0000000020000c40        0x0 load address 0x00000000000024a0
 *tfm_psa_rot_partition*:*(.data*)
 *(TFM_*_PSA-ROT_ATTR_RW)
                0x0000000020000c40                . = ALIGN (0x4)
                0x0000000020000c40                Image$$TFM_PSA_ROT_LINKER_DATA$$RW$$Base = ADDR (.TFM_PSA_ROT_LINKER_DATA)
                0x0000000020000c40                Image$$TFM_PSA_ROT_LINKER_DATA$$RW$$Limit = (ADDR (.TFM_PSA_ROT_LINKER_DATA) + SIZEOF (.TFM_PSA_ROT_LINKER_DATA))

.TFM_PSA_ROT_LINKER_BSS
                0x0000000020000c40     0x11e0
                0x0000000020000c40                start_of_TFM_PSA_ROT_LINKER = .
 *tfm_psa_rot_partition*:*(.bss*)
 .bss.scratch   0x0000000020000c40      0x408 secure_fw/partitions/crypto/libtfm_psa_rot_partition_crypto.a(crypto_init.o)
 .bss.operations
                0x0000000020001048       0x28 secure_fw/partitions/crypto/libtfm_psa_rot_partition_crypto.a(crypto_alloc.o)
 .bss.mbedtls_mem_buf
                0x0000000020001070        0x1 secure_fw/partitions/crypto/libtfm_psa_rot_partition_crypto.a(crypto_library.o)
 .bss.mbedtls_version_full
                0x0000000020001071       0x12 secure_fw/partitions/crypto/libtfm_psa_rot_partition_crypto.a(crypto_library.o)
 *fill*         0x0000000020001083        0x5 
 .bss.tfm_sp_crypto_stack
                0x0000000020001088      0x800 secure_fw/partitions/crypto/libtfm_psa_rot_partition_crypto.a(intermedia_tfm_crypto.o)
                0x0000000020001088                tfm_sp_crypto_stack
 .bss.tfm_sp_platform_stack
                0x0000000020001888      0x500 secure_fw/partitions/platform/libtfm_psa_rot_partition_platform.a(intermedia_tfm_platform.o)
                0x0000000020001888                tfm_sp_platform_stack
 .bss.g_builtin_key_slots
                0x0000000020001d88       0x90 secure_fw/partitions/crypto/libtfm_psa_rot_partition_crypto.a(tfm_builtin_key_loader.o)
 *tfm_psa_rot_partition*:*(COMMON)
 *(TFM_*_PSA-ROT_ATTR_ZI)
                0x0000000020001e18                . = (. + (. - start_of_TFM_PSA_ROT_LINKER)?0x0:0x4)
                0x0000000020001e20                . = ALIGN (0x20)
 *fill*         0x0000000020001e18        0x8 
                0x0000000020000c40                Image$$TFM_PSA_ROT_LINKER_DATA$$ZI$$Base = ADDR (.TFM_PSA_ROT_LINKER_BSS)
                0x0000000020001e20                Image$$TFM_PSA_ROT_LINKER_DATA$$ZI$$Limit = (ADDR (.TFM_PSA_ROT_LINKER_BSS) + SIZEOF (.TFM_PSA_ROT_LINKER_BSS))
                0x0000000020001e20                Image$$TFM_PSA_RW_STACK_END$$Base = .

.TFM_UNPRIV_CODE
                0x00000000000024a0     0x3580
 *(SFN)
 SFN            0x00000000000024a0       0x88 secure_fw/CMakeFiles/tfm_s.dir/partitions/ns_agent_tz/psa_api_veneers_v80m.o
                0x00000000000024a0                __acle_se_tfm_psa_framework_version_veneer
                0x00000000000024be                __acle_se_tfm_psa_version_veneer
                0x00000000000024dc                __acle_se_tfm_psa_call_veneer
                0x00000000000024fe                __acle_se_tfm_psa_connect_veneer
                0x0000000000002510                __acle_se_tfm_psa_close_veneer
 *(.text*)
 .text          0x0000000000002528       0x88 c:/ncs/toolchains/31f4403e35/opt/zephyr-sdk/arm-zephyr-eabi/bin/../lib/gcc/arm-zephyr-eabi/12.2.0/thumb/v8-m.main/nofp/crtbegin.o
 .text          0x00000000000025b0       0x7c c:/ncs/toolchains/31f4403e35/opt/zephyr-sdk/arm-zephyr-eabi/bin/../lib/gcc/arm-zephyr-eabi/12.2.0/../../../../arm-zephyr-eabi/lib/thumb/v8-m.main/nofp/crt0.o
                0x00000000000025b0                _stack_init
                0x00000000000025b8                _start
                0x00000000000025b8                _mainCRTStartup
 .text.clear_caller_context
                0x000000000000262c        0x8 secure_fw/CMakeFiles/tfm_s.dir/partitions/ns_agent_tz/psa_api_veneers_v80m.o
 .text.C_HardFault_Handler
                0x0000000000002634        0x4 secure_fw/CMakeFiles/tfm_s.dir/__/platform/ext/common/faults.o
                0x0000000000002634                C_HardFault_Handler
 .text.HardFault_Handler
                0x0000000000002638        0x6 secure_fw/CMakeFiles/tfm_s.dir/__/platform/ext/common/faults.o
                0x0000000000002638                HardFault_Handler
 .text.C_MemManage_Handler
                0x000000000000263e        0x4 secure_fw/CMakeFiles/tfm_s.dir/__/platform/ext/common/faults.o
                0x000000000000263e                C_MemManage_Handler
 .text.MemManage_Handler
                0x0000000000002642        0x6 secure_fw/CMakeFiles/tfm_s.dir/__/platform/ext/common/faults.o
                0x0000000000002642                MemManage_Handler
 .text.C_BusFault_Handler
                0x0000000000002648        0x4 secure_fw/CMakeFiles/tfm_s.dir/__/platform/ext/common/faults.o
                0x0000000000002648                C_BusFault_Handler
 .text.BusFault_Handler
                0x000000000000264c        0x6 secure_fw/CMakeFiles/tfm_s.dir/__/platform/ext/common/faults.o
                0x000000000000264c                BusFault_Handler
 .text.C_SecureFault_Handler
                0x0000000000002652        0x4 secure_fw/CMakeFiles/tfm_s.dir/__/platform/ext/common/faults.o
                0x0000000000002652                C_SecureFault_Handler
 .text.SecureFault_Handler
                0x0000000000002656        0x6 secure_fw/CMakeFiles/tfm_s.dir/__/platform/ext/common/faults.o
                0x0000000000002656                SecureFault_Handler
 .text.C_UsageFault_Handler
                0x000000000000265c        0x4 secure_fw/CMakeFiles/tfm_s.dir/__/platform/ext/common/faults.o
                0x000000000000265c                C_UsageFault_Handler
 .text.UsageFault_Handler
                0x0000000000002660        0x6 secure_fw/CMakeFiles/tfm_s.dir/__/platform/ext/common/faults.o
                0x0000000000002660                UsageFault_Handler
 .text.memset   0x0000000000002666       0x3e secure_fw/partitions/lib/runtime/libtfm_sprt.a(crt_memset.o)
                0x0000000000002666                memset
 .text.psa_framework_version
                0x00000000000026a4       0x10 secure_fw/partitions/lib/runtime/libtfm_sprt.a(psa_api_ipc.o)
                0x00000000000026a4                psa_framework_version
 .text.psa_version
                0x00000000000026b4       0x10 secure_fw/partitions/lib/runtime/libtfm_sprt.a(psa_api_ipc.o)
                0x00000000000026b4                psa_version
 .text.tfm_psa_call_pack
                0x00000000000026c4       0x14 secure_fw/partitions/lib/runtime/libtfm_sprt.a(psa_api_ipc.o)
                0x00000000000026c4                tfm_psa_call_pack
 .text.psa_wait
                0x00000000000026d8       0x10 secure_fw/partitions/lib/runtime/libtfm_sprt.a(psa_api_ipc.o)
                0x00000000000026d8                psa_wait
 .text.psa_get  0x00000000000026e8       0x10 secure_fw/partitions/lib/runtime/libtfm_sprt.a(psa_api_ipc.o)
                0x00000000000026e8                psa_get
 .text.psa_read
                0x00000000000026f8       0x14 secure_fw/partitions/lib/runtime/libtfm_sprt.a(psa_api_ipc.o)
                0x00000000000026f8                psa_read
 .text.psa_write
                0x000000000000270c       0x14 secure_fw/partitions/lib/runtime/libtfm_sprt.a(psa_api_ipc.o)
                0x000000000000270c                psa_write
 .text.psa_reply
                0x0000000000002720       0x10 secure_fw/partitions/lib/runtime/libtfm_sprt.a(psa_api_ipc.o)
                0x0000000000002720                psa_reply
 .text.psa_panic
                0x0000000000002730       0x10 secure_fw/partitions/lib/runtime/libtfm_sprt.a(psa_api_ipc.o)
                0x0000000000002730                psa_panic
 .text.tfm_plat_builtin_key_get_desc_table_ptr
                0x0000000000002740        0x4 platform/libplatform_crypto_keys.a(crypto_keys.o)
                0x0000000000002740                tfm_plat_builtin_key_get_desc_table_ptr
 .text.verify_header
                0x0000000000002744       0x40 secure_fw/partitions/crypto/mbedcrypto/nrf_security_src/libcrypto_service_mbedcrypto.a(memory_buffer_alloc.o)
 .text.verify_chain
                0x0000000000002784       0x3c secure_fw/partitions/crypto/mbedcrypto/nrf_security_src/libcrypto_service_mbedcrypto.a(memory_buffer_alloc.o)
 .text.buffer_alloc_calloc
                0x00000000000027c0       0xf4 secure_fw/partitions/crypto/mbedcrypto/nrf_security_src/libcrypto_service_mbedcrypto.a(memory_buffer_alloc.o)
 .text.buffer_alloc_free
                0x00000000000028b4       0xe8 secure_fw/partitions/crypto/mbedcrypto/nrf_security_src/libcrypto_service_mbedcrypto.a(memory_buffer_alloc.o)
 .text.mbedtls_memory_buffer_alloc_init
                0x000000000000299c       0x64 secure_fw/partitions/crypto/mbedcrypto/nrf_security_src/libcrypto_service_mbedcrypto.a(memory_buffer_alloc.o)
                0x000000000000299c                mbedtls_memory_buffer_alloc_init
 .text.platform_calloc_uninit
                0x0000000000002a00        0x4 secure_fw/partitions/crypto/mbedcrypto/nrf_security_src/libcrypto_service_mbedcrypto.a(platform.o)
 .text.platform_free_uninit
                0x0000000000002a04        0x2 secure_fw/partitions/crypto/mbedcrypto/nrf_security_src/libcrypto_service_mbedcrypto.a(platform.o)
 *fill*         0x0000000000002a06        0x2 
 .text.mbedtls_free
                0x0000000000002a08        0xc secure_fw/partitions/crypto/mbedcrypto/nrf_security_src/libcrypto_service_mbedcrypto.a(platform.o)
                0x0000000000002a08                mbedtls_free
 .text.mbedtls_platform_set_calloc_free
                0x0000000000002a14       0x14 secure_fw/partitions/crypto/mbedcrypto/nrf_security_src/libcrypto_service_mbedcrypto.a(platform.o)
                0x0000000000002a14                mbedtls_platform_set_calloc_free
 .text.psa_remove_key_data_from_memory
                0x0000000000002a28       0x1c secure_fw/partitions/crypto/mbedcrypto/nrf_security_src/libcrypto_service_mbedcrypto.a(psa_crypto.o)
                0x0000000000002a28                psa_remove_key_data_from_memory
 .text.psa_wipe_key_slot
                0x0000000000002a44       0x22 secure_fw/partitions/crypto/mbedcrypto/nrf_security_src/libcrypto_service_mbedcrypto.a(psa_crypto.o)
                0x0000000000002a44                psa_wipe_key_slot
 *fill*         0x0000000000002a66        0x2 
 .text.mbedcrypto__psa_generate_random
                0x0000000000002a68       0x1c secure_fw/partitions/crypto/mbedcrypto/nrf_security_src/libcrypto_service_mbedcrypto.a(psa_crypto.o)
                0x0000000000002a68                mbedcrypto__psa_generate_random
 .text.mbedtls_psa_crypto_free
                0x0000000000002a84       0x24 secure_fw/partitions/crypto/mbedcrypto/nrf_security_src/libcrypto_service_mbedcrypto.a(psa_crypto.o)
                0x0000000000002a84                mbedtls_psa_crypto_free
 .text.mbedcrypto__psa_crypto_init
                0x0000000000002aa8       0x3c secure_fw/partitions/crypto/mbedcrypto/nrf_security_src/libcrypto_service_mbedcrypto.a(psa_crypto.o)
                0x0000000000002aa8                mbedcrypto__psa_crypto_init
 .text.psa_initialize_key_slots
                0x0000000000002ae4       0x18 secure_fw/partitions/crypto/mbedcrypto/nrf_security_src/libcrypto_service_mbedcrypto.a(psa_crypto_slot_management.o)
                0x0000000000002ae4                psa_initialize_key_slots
 .text.psa_wipe_all_key_slots
                0x0000000000002afc       0x2c secure_fw/partitions/crypto/mbedcrypto/nrf_security_src/libcrypto_service_mbedcrypto.a(psa_crypto_slot_management.o)
                0x0000000000002afc                psa_wipe_all_key_slots
 .text.psa_driver_wrapper_init
                0x0000000000002b28        0x4 secure_fw/partitions/crypto/mbedcrypto/nrf_security_src/libcrypto_service_mbedcrypto.a(psa_crypto_driver_wrappers.o)
                0x0000000000002b28                psa_driver_wrapper_init
 .text.psa_driver_wrapper_free
                0x0000000000002b2c        0x2 secure_fw/partitions/crypto/mbedcrypto/nrf_security_src/libcrypto_service_mbedcrypto.a(psa_crypto_driver_wrappers.o)
                0x0000000000002b2c                psa_driver_wrapper_free
 .text.psa_driver_wrapper_init_random
                0x0000000000002b2e        0x4 secure_fw/partitions/crypto/mbedcrypto/nrf_security_src/libcrypto_service_mbedcrypto.a(psa_crypto_driver_wrappers.o)
                0x0000000000002b2e                psa_driver_wrapper_init_random
 .text.psa_driver_wrapper_get_random
                0x0000000000002b32       0x22 secure_fw/partitions/crypto/mbedcrypto/nrf_security_src/libcrypto_service_mbedcrypto.a(psa_crypto_driver_wrappers.o)
                0x0000000000002b32                psa_driver_wrapper_get_random
 .text.psa_driver_wrapper_free_random
                0x0000000000002b54        0x4 secure_fw/partitions/crypto/mbedcrypto/nrf_security_src/libcrypto_service_mbedcrypto.a(psa_crypto_driver_wrappers.o)
                0x0000000000002b54                psa_driver_wrapper_free_random
 .text.memcpy   0x0000000000002b58       0x4a secure_fw/partitions/lib/runtime/libtfm_sprt.a(crt_memcpy.o)
                0x0000000000002b58                memcpy
 *fill*         0x0000000000002ba2        0x2 
 .text.common_sfn_thread
                0x0000000000002ba4       0x88 secure_fw/partitions/lib/runtime/libtfm_sprt.a(sfn_common_thread.o)
                0x0000000000002ba4                common_sfn_thread
 .text.nrf_cc3xx_platform_init
                0x0000000000002c2c       0x44 C:/ncs/v2.5.0/nrfxlib/crypto/nrf_cc310_platform/lib/cortex-m33/soft-float/no-interrupts/libnrf_cc310_platform_0.9.18.a(nrf_cc3xx_platform.c.obj)
                0x0000000000002c2c                nrf_cc3xx_platform_init
 .text.nrf_cc3xx_platform_ctr_drbg_init
                0x0000000000002c70       0x60 C:/ncs/v2.5.0/nrfxlib/crypto/nrf_cc310_platform/lib/cortex-m33/soft-float/no-interrupts/libnrf_cc310_platform_0.9.18.a(nrf_cc3xx_platform_ctr_drbg.c.obj)
                0x0000000000002c70                nrf_cc3xx_platform_ctr_drbg_init
 .text.nrf_cc3xx_platform_ctr_drbg_get
                0x0000000000002cd0       0x44 C:/ncs/v2.5.0/nrfxlib/crypto/nrf_cc310_platform/lib/cortex-m33/soft-float/no-interrupts/libnrf_cc310_platform_0.9.18.a(nrf_cc3xx_platform_ctr_drbg.c.obj)
                0x0000000000002cd0                nrf_cc3xx_platform_ctr_drbg_get
 .text.mbedtls_zeroize_internal
                0x0000000000002d14       0x14 C:/ncs/v2.5.0/nrfxlib/crypto/nrf_cc310_platform/lib/cortex-m33/soft-float/no-interrupts/libnrf_cc310_platform_0.9.18.a(mbedtls_common.c.obj)
                0x0000000000002d14                mbedtls_zeroize_internal
 .text.mbedtls_platform_zeroize
                0x0000000000002d28       0x14 C:/ncs/v2.5.0/nrfxlib/crypto/nrf_cc310_platform/lib/cortex-m33/soft-float/no-interrupts/libnrf_cc310_platform_0.9.18.a(mbedtls_common.c.obj)
                0x0000000000002d28                mbedtls_platform_zeroize
 .text.block_cipher_df
                0x0000000000002d3c      0x1cc C:/ncs/v2.5.0/nrfxlib/crypto/nrf_cc310_platform/lib/cortex-m33/soft-float/no-interrupts/libnrf_cc310_platform_0.9.18.a(ctr_drbg.c.obj)
 .text.ctr_drbg_update_internal
                0x0000000000002f08      0x148 C:/ncs/v2.5.0/nrfxlib/crypto/nrf_cc310_platform/lib/cortex-m33/soft-float/no-interrupts/libnrf_cc310_platform_0.9.18.a(ctr_drbg.c.obj)
 .text.mbedtls_ctr_drbg_reseed_internal
                0x0000000000003050       0xc4 C:/ncs/v2.5.0/nrfxlib/crypto/nrf_cc310_platform/lib/cortex-m33/soft-float/no-interrupts/libnrf_cc310_platform_0.9.18.a(ctr_drbg.c.obj)
 .text.cc_mbedtls_ctr_drbg_init
                0x0000000000003114       0x2c C:/ncs/v2.5.0/nrfxlib/crypto/nrf_cc310_platform/lib/cortex-m33/soft-float/no-interrupts/libnrf_cc310_platform_0.9.18.a(ctr_drbg.c.obj)
                0x0000000000003114                cc_mbedtls_ctr_drbg_init
 .text.cc_mbedtls_ctr_drbg_seed
                0x0000000000003140       0x9c C:/ncs/v2.5.0/nrfxlib/crypto/nrf_cc310_platform/lib/cortex-m33/soft-float/no-interrupts/libnrf_cc310_platform_0.9.18.a(ctr_drbg.c.obj)
                0x0000000000003140                cc_mbedtls_ctr_drbg_seed
 .text.cc_mbedtls_ctr_drbg_random_with_add
                0x00000000000031dc      0x1e4 C:/ncs/v2.5.0/nrfxlib/crypto/nrf_cc310_platform/lib/cortex-m33/soft-float/no-interrupts/libnrf_cc310_platform_0.9.18.a(ctr_drbg.c.obj)
                0x00000000000031dc                cc_mbedtls_ctr_drbg_random_with_add
 .text.entropy_update
                0x00000000000033c0       0x7c C:/ncs/v2.5.0/nrfxlib/crypto/nrf_cc310_platform/lib/cortex-m33/soft-float/no-interrupts/libnrf_cc310_platform_0.9.18.a(entropy.c.obj)
 .text.entropy_gather_internal.part.0
                0x000000000000343c       0x88 C:/ncs/v2.5.0/nrfxlib/crypto/nrf_cc310_platform/lib/cortex-m33/soft-float/no-interrupts/libnrf_cc310_platform_0.9.18.a(entropy.c.obj)
 .text.cc_mbedtls_entropy_init
                0x00000000000034c4       0x84 C:/ncs/v2.5.0/nrfxlib/crypto/nrf_cc310_platform/lib/cortex-m33/soft-float/no-interrupts/libnrf_cc310_platform_0.9.18.a(entropy.c.obj)
                0x00000000000034c4                cc_mbedtls_entropy_init
 .text.cc_mbedtls_entropy_func
                0x0000000000003548      0x110 C:/ncs/v2.5.0/nrfxlib/crypto/nrf_cc310_platform/lib/cortex-m33/soft-float/no-interrupts/libnrf_cc310_platform_0.9.18.a(entropy.c.obj)
                0x0000000000003548                cc_mbedtls_entropy_func
 .text.RndStartupTest.constprop.0
                0x0000000000003658       0x98 C:/ncs/v2.5.0/nrfxlib/crypto/nrf_cc310_platform/lib/cortex-m33/soft-float/no-interrupts/libnrf_cc310_platform_0.9.18.a(cc_lib.c.obj)
 .text.CC_LibInit
                0x00000000000036f0       0xc0 C:/ncs/v2.5.0/nrfxlib/crypto/nrf_cc310_platform/lib/cortex-m33/soft-float/no-interrupts/libnrf_cc310_platform_0.9.18.a(cc_lib.c.obj)
                0x00000000000036f0                CC_LibInit
 .text.CC_HalInit
                0x00000000000037b0        0x4 C:/ncs/v2.5.0/nrfxlib/crypto/nrf_cc310_platform/lib/cortex-m33/soft-float/no-interrupts/libnrf_cc310_platform_0.9.18.a(cc_hal.c.obj)
                0x00000000000037b0                CC_HalInit
 .text.CC_HalTerminate
                0x00000000000037b4        0x4 C:/ncs/v2.5.0/nrfxlib/crypto/nrf_cc310_platform/lib/cortex-m33/soft-float/no-interrupts/libnrf_cc310_platform_0.9.18.a(cc_hal.c.obj)
                0x00000000000037b4                CC_HalTerminate
 .text.CC_HalClearInterruptBit
                0x00000000000037b8       0x1c C:/ncs/v2.5.0/nrfxlib/crypto/nrf_cc310_platform/lib/cortex-m33/soft-float/no-interrupts/libnrf_cc310_platform_0.9.18.a(cc_hal.c.obj)
                0x00000000000037b8                CC_HalClearInterruptBit
 .text.CC_HalMaskInterrupt
                0x00000000000037d4        0xc C:/ncs/v2.5.0/nrfxlib/crypto/nrf_cc310_platform/lib/cortex-m33/soft-float/no-interrupts/libnrf_cc310_platform_0.9.18.a(cc_hal.c.obj)
                0x00000000000037d4                CC_HalMaskInterrupt
 .text.CC_HalWaitInterrupt
                0x00000000000037e0        0xc C:/ncs/v2.5.0/nrfxlib/crypto/nrf_cc310_platform/lib/cortex-m33/soft-float/no-interrupts/libnrf_cc310_platform_0.9.18.a(cc_hal.c.obj)
                0x00000000000037e0                CC_HalWaitInterrupt
 .text.CC_HalWaitInterruptRND
                0x00000000000037ec        0xc C:/ncs/v2.5.0/nrfxlib/crypto/nrf_cc310_platform/lib/cortex-m33/soft-float/no-interrupts/libnrf_cc310_platform_0.9.18.a(cc_hal.c.obj)
                0x00000000000037ec                CC_HalWaitInterruptRND
 .text.CC_PalInit
                0x00000000000037f8       0x5c C:/ncs/v2.5.0/nrfxlib/crypto/nrf_cc310_platform/lib/cortex-m33/soft-float/no-interrupts/libnrf_cc310_platform_0.9.18.a(cc_pal.c.obj)
                0x00000000000037f8                CC_PalInit
 .text.CC_PalTerminate
                0x0000000000003854       0x34 C:/ncs/v2.5.0/nrfxlib/crypto/nrf_cc310_platform/lib/cortex-m33/soft-float/no-interrupts/libnrf_cc310_platform_0.9.18.a(cc_pal.c.obj)
                0x0000000000003854                CC_PalTerminate
 .text.CC_PalDmaInit
                0x0000000000003888        0x4 C:/ncs/v2.5.0/nrfxlib/crypto/nrf_cc310_platform/lib/cortex-m33/soft-float/no-interrupts/libnrf_cc310_platform_0.9.18.a(cc_pal_dma.c.obj)
                0x0000000000003888                CC_PalDmaInit
 .text.CC_PalDmaTerminate
                0x000000000000388c        0x4 C:/ncs/v2.5.0/nrfxlib/crypto/nrf_cc310_platform/lib/cortex-m33/soft-float/no-interrupts/libnrf_cc310_platform_0.9.18.a(cc_pal_dma.c.obj)
                0x000000000000388c                CC_PalDmaTerminate
 .text.CC_PalWaitInterruptRND
                0x0000000000003890       0x2c C:/ncs/v2.5.0/nrfxlib/crypto/nrf_cc310_platform/lib/cortex-m33/soft-float/no-interrupts/libnrf_cc310_platform_0.9.18.a(cc_pal_interrupt_ctrl.c.obj)
                0x0000000000003890                CC_PalWaitInterruptRND
 .text.CC_PalWaitInterrupt
                0x00000000000038bc       0x18 C:/ncs/v2.5.0/nrfxlib/crypto/nrf_cc310_platform/lib/cortex-m33/soft-float/no-interrupts/libnrf_cc310_platform_0.9.18.a(cc_pal_interrupt_ctrl.c.obj)
                0x00000000000038bc                CC_PalWaitInterrupt
 .text.CC_PalMemCopyPlat
                0x00000000000038d4        0x4 C:/ncs/v2.5.0/nrfxlib/crypto/nrf_cc310_platform/lib/cortex-m33/soft-float/no-interrupts/libnrf_cc310_platform_0.9.18.a(cc_pal_mem.c.obj)
                0x00000000000038d4                CC_PalMemCopyPlat
 .text.CC_PalMemSetPlat
                0x00000000000038d8        0x4 C:/ncs/v2.5.0/nrfxlib/crypto/nrf_cc310_platform/lib/cortex-m33/soft-float/no-interrupts/libnrf_cc310_platform_0.9.18.a(cc_pal_mem.c.obj)
                0x00000000000038d8                CC_PalMemSetPlat
 .text.CC_PalMemSetZeroPlat
                0x00000000000038dc        0x8 C:/ncs/v2.5.0/nrfxlib/crypto/nrf_cc310_platform/lib/cortex-m33/soft-float/no-interrupts/libnrf_cc310_platform_0.9.18.a(cc_pal_mem.c.obj)
                0x00000000000038dc                CC_PalMemSetZeroPlat
 .text.CC_PalMutexCreate
                0x00000000000038e4       0x14 C:/ncs/v2.5.0/nrfxlib/crypto/nrf_cc310_platform/lib/cortex-m33/soft-float/no-interrupts/libnrf_cc310_platform_0.9.18.a(cc_pal_mutex.c.obj)
                0x00000000000038e4                CC_PalMutexCreate
 .text.CC_PalMutexDestroy
                0x00000000000038f8       0x14 C:/ncs/v2.5.0/nrfxlib/crypto/nrf_cc310_platform/lib/cortex-m33/soft-float/no-interrupts/libnrf_cc310_platform_0.9.18.a(cc_pal_mutex.c.obj)
                0x00000000000038f8                CC_PalMutexDestroy
 .text.CC_PalMutexLock
                0x000000000000390c       0x10 C:/ncs/v2.5.0/nrfxlib/crypto/nrf_cc310_platform/lib/cortex-m33/soft-float/no-interrupts/libnrf_cc310_platform_0.9.18.a(cc_pal_mutex.c.obj)
                0x000000000000390c                CC_PalMutexLock
 .text.CC_PalMutexUnlock
                0x000000000000391c       0x14 C:/ncs/v2.5.0/nrfxlib/crypto/nrf_cc310_platform/lib/cortex-m33/soft-float/no-interrupts/libnrf_cc310_platform_0.9.18.a(cc_pal_mutex.c.obj)
                0x000000000000391c                CC_PalMutexUnlock
 .text.CC_PalPowerSaveModeInit
                0x0000000000003930       0x3c C:/ncs/v2.5.0/nrfxlib/crypto/nrf_cc310_platform/lib/cortex-m33/soft-float/no-interrupts/libnrf_cc310_platform_0.9.18.a(cc_pal_pm.c.obj)
                0x0000000000003930                CC_PalPowerSaveModeInit
 .text.CC_PalPowerSaveModeSelect
                0x000000000000396c       0x84 C:/ncs/v2.5.0/nrfxlib/crypto/nrf_cc310_platform/lib/cortex-m33/soft-float/no-interrupts/libnrf_cc310_platform_0.9.18.a(cc_pal_pm.c.obj)
                0x000000000000396c                CC_PalPowerSaveModeSelect
 .text.mutex_init
                0x00000000000039f0        0xc C:/ncs/v2.5.0/nrfxlib/crypto/nrf_cc310_platform/lib/cortex-m33/soft-float/no-interrupts/libnrf_cc310_platform_0.9.18.a(threading_alt.c.obj)
                0x00000000000039f0                mutex_init
 .text.mutex_lock
                0x00000000000039fc        0xc C:/ncs/v2.5.0/nrfxlib/crypto/nrf_cc310_platform/lib/cortex-m33/soft-float/no-interrupts/libnrf_cc310_platform_0.9.18.a(threading_alt.c.obj)
                0x00000000000039fc                mutex_lock
 .text.mutex_unlock
                0x0000000000003a08        0xc C:/ncs/v2.5.0/nrfxlib/crypto/nrf_cc310_platform/lib/cortex-m33/soft-float/no-interrupts/libnrf_cc310_platform_0.9.18.a(threading_alt.c.obj)
                0x0000000000003a08                mutex_unlock
 .text.nrf_cc3xx_platform_abort
                0x0000000000003a14       0x24 C:/ncs/v2.5.0/nrfxlib/crypto/nrf_cc310_platform/lib/cortex-m33/soft-float/no-interrupts/libnrf_cc310_platform_0.9.18.a(nrf_cc3xx_platform_abort.c.obj)
 .text.CC_PalAbort
                0x0000000000003a38       0x34 C:/ncs/v2.5.0/nrfxlib/crypto/nrf_cc310_platform/lib/cortex-m33/soft-float/no-interrupts/libnrf_cc310_platform_0.9.18.a(nrf_cc3xx_platform_abort.c.obj)
                0x0000000000003a38                CC_PalAbort
 .text.mutex_free
                0x0000000000003a6c       0x34 C:/ncs/v2.5.0/nrfxlib/crypto/nrf_cc310_platform/lib/cortex-m33/soft-float/no-interrupts/libnrf_cc310_platform_0.9.18.a(nrf_cc3xx_platform_mutex.c.obj)
 .text.mutex_lock
                0x0000000000003aa0       0x48 C:/ncs/v2.5.0/nrfxlib/crypto/nrf_cc310_platform/lib/cortex-m33/soft-float/no-interrupts/libnrf_cc310_platform_0.9.18.a(nrf_cc3xx_platform_mutex.c.obj)
 .text.mutex_unlock
                0x0000000000003ae8       0x38 C:/ncs/v2.5.0/nrfxlib/crypto/nrf_cc310_platform/lib/cortex-m33/soft-float/no-interrupts/libnrf_cc310_platform_0.9.18.a(nrf_cc3xx_platform_mutex.c.obj)
 .text.mutex_init
                0x0000000000003b20       0x20 C:/ncs/v2.5.0/nrfxlib/crypto/nrf_cc310_platform/lib/cortex-m33/soft-float/no-interrupts/libnrf_cc310_platform_0.9.18.a(nrf_cc3xx_platform_mutex.c.obj)
 .text.startTrngHW
                0x0000000000003b40      0x140 C:/ncs/v2.5.0/nrfxlib/crypto/nrf_cc310_platform/lib/cortex-m33/soft-float/no-interrupts/libnrf_cc310_platform_0.9.18.a(llf_rnd_trng90b.c.obj)
 .text.LLF_RND_RepetitionCounterTest
                0x0000000000003c80       0x64 C:/ncs/v2.5.0/nrfxlib/crypto/nrf_cc310_platform/lib/cortex-m33/soft-float/no-interrupts/libnrf_cc310_platform_0.9.18.a(llf_rnd_trng90b.c.obj)
                0x0000000000003c80                LLF_RND_RepetitionCounterTest
 .text.LLF_RND_AdaptiveProportionTest
                0x0000000000003ce4       0x80 C:/ncs/v2.5.0/nrfxlib/crypto/nrf_cc310_platform/lib/cortex-m33/soft-float/no-interrupts/libnrf_cc310_platform_0.9.18.a(llf_rnd_trng90b.c.obj)
                0x0000000000003ce4                LLF_RND_AdaptiveProportionTest
 .text.getTrngSource
                0x0000000000003d64      0x2b4 C:/ncs/v2.5.0/nrfxlib/crypto/nrf_cc310_platform/lib/cortex-m33/soft-float/no-interrupts/libnrf_cc310_platform_0.9.18.a(llf_rnd_trng90b.c.obj)
 .text.LLF_RND_GetTrngSource
                0x0000000000004018       0x18 C:/ncs/v2.5.0/nrfxlib/crypto/nrf_cc310_platform/lib/cortex-m33/soft-float/no-interrupts/libnrf_cc310_platform_0.9.18.a(llf_rnd_trng90b.c.obj)
                0x0000000000004018                LLF_RND_GetTrngSource
 .text.LLF_RND_RunTrngStartupTest
                0x0000000000004030       0x1c C:/ncs/v2.5.0/nrfxlib/crypto/nrf_cc310_platform/lib/cortex-m33/soft-float/no-interrupts/libnrf_cc310_platform_0.9.18.a(llf_rnd_trng90b.c.obj)
                0x0000000000004030                LLF_RND_RunTrngStartupTest
 .text.mbedtls_hardware_poll
                0x000000000000404c       0xfc C:/ncs/v2.5.0/nrfxlib/crypto/nrf_cc310_platform/lib/cortex-m33/soft-float/no-interrupts/libnrf_cc310_platform_0.9.18.a(trng_api.c.obj)
                0x000000000000404c                mbedtls_hardware_poll
 .text.cc_mbedtls_aes_init
                0x0000000000004148       0x20 C:/ncs/v2.5.0/nrfxlib/crypto/nrf_cc310_platform/lib/cortex-m33/soft-float/no-interrupts/libnrf_cc310_platform_0.9.18.a(aes_alt.c.obj)
                0x0000000000004148                cc_mbedtls_aes_init
 .text.cc_mbedtls_aes_free
                0x0000000000004168        0xc C:/ncs/v2.5.0/nrfxlib/crypto/nrf_cc310_platform/lib/cortex-m33/soft-float/no-interrupts/libnrf_cc310_platform_0.9.18.a(aes_alt.c.obj)
                0x0000000000004168                cc_mbedtls_aes_free
 .text.cc_mbedtls_aes_setkey_enc
                0x0000000000004174       0x34 C:/ncs/v2.5.0/nrfxlib/crypto/nrf_cc310_platform/lib/cortex-m33/soft-float/no-interrupts/libnrf_cc310_platform_0.9.18.a(aes_alt.c.obj)
                0x0000000000004174                cc_mbedtls_aes_setkey_enc
 .text.cc_mbedtls_aes_crypt_ecb
                0x00000000000041a8       0x50 C:/ncs/v2.5.0/nrfxlib/crypto/nrf_cc310_platform/lib/cortex-m33/soft-float/no-interrupts/libnrf_cc310_platform_0.9.18.a(aes_alt.c.obj)
                0x00000000000041a8                cc_mbedtls_aes_crypt_ecb
 .text.cc_mbedtls_sha256_init
                0x00000000000041f8       0x28 C:/ncs/v2.5.0/nrfxlib/crypto/nrf_cc310_platform/lib/cortex-m33/soft-float/no-interrupts/libnrf_cc310_platform_0.9.18.a(sha256_alt.c.obj)
                0x00000000000041f8                cc_mbedtls_sha256_init
 .text.cc_mbedtls_sha256_free
                0x0000000000004220        0xc C:/ncs/v2.5.0/nrfxlib/crypto/nrf_cc310_platform/lib/cortex-m33/soft-float/no-interrupts/libnrf_cc310_platform_0.9.18.a(sha256_alt.c.obj)
                0x0000000000004220                cc_mbedtls_sha256_free
 .text.cc_mbedtls_sha256_starts
                0x000000000000422c       0x28 C:/ncs/v2.5.0/nrfxlib/crypto/nrf_cc310_platform/lib/cortex-m33/soft-float/no-interrupts/libnrf_cc310_platform_0.9.18.a(sha256_alt.c.obj)
                0x000000000000422c                cc_mbedtls_sha256_starts
 .text.cc_mbedtls_sha256_update
                0x0000000000004254       0x54 C:/ncs/v2.5.0/nrfxlib/crypto/nrf_cc310_platform/lib/cortex-m33/soft-float/no-interrupts/libnrf_cc310_platform_0.9.18.a(sha256_alt.c.obj)
                0x0000000000004254                cc_mbedtls_sha256_update
 .text.cc_mbedtls_sha256_finish
                0x00000000000042a8       0x48 C:/ncs/v2.5.0/nrfxlib/crypto/nrf_cc310_platform/lib/cortex-m33/soft-float/no-interrupts/libnrf_cc310_platform_0.9.18.a(sha256_alt.c.obj)
                0x00000000000042a8                cc_mbedtls_sha256_finish
 .text.mbedtls_sha_starts_internal
                0x00000000000042f0       0x28 C:/ncs/v2.5.0/nrfxlib/crypto/nrf_cc310_platform/lib/cortex-m33/soft-float/no-interrupts/libnrf_cc310_platform_0.9.18.a(mbedtls_hash_common.c.obj)
                0x00000000000042f0                mbedtls_sha_starts_internal
 .text.mbedtls_sha_finish_internal
                0x0000000000004318       0x5c C:/ncs/v2.5.0/nrfxlib/crypto/nrf_cc310_platform/lib/cortex-m33/soft-float/no-interrupts/libnrf_cc310_platform_0.9.18.a(mbedtls_hash_common.c.obj)
                0x0000000000004318                mbedtls_sha_finish_internal
 .text.mbedtls_sha_update_internal
                0x0000000000004374      0x1ec C:/ncs/v2.5.0/nrfxlib/crypto/nrf_cc310_platform/lib/cortex-m33/soft-float/no-interrupts/libnrf_cc310_platform_0.9.18.a(mbedtls_hash_common.c.obj)
                0x0000000000004374                mbedtls_sha_update_internal
 .text.cc_mbedtls_sha256
                0x0000000000004560       0x50 C:/ncs/v2.5.0/nrfxlib/crypto/nrf_cc310_platform/lib/cortex-m33/soft-float/no-interrupts/libnrf_cc310_platform_0.9.18.a(sha256.c.obj)
                0x0000000000004560                cc_mbedtls_sha256
 .text.RNG_PLAT_SetUserRngParameters
                0x00000000000045b0       0x74 C:/ncs/v2.5.0/nrfxlib/crypto/nrf_cc310_platform/lib/cortex-m33/soft-float/no-interrupts/libnrf_cc310_platform_0.9.18.a(cc_rng_plat.c.obj)
                0x00000000000045b0                RNG_PLAT_SetUserRngParameters
 .text.CC_PalTrngParamGet
                0x0000000000004624      0x114 C:/ncs/v2.5.0/nrfxlib/crypto/nrf_cc310_platform/lib/cortex-m33/soft-float/no-interrupts/libnrf_cc310_platform_0.9.18.a(cc_pal_trng.c.obj)
                0x0000000000004624                CC_PalTrngParamGet
 .text.LLF_RND_WaitRngInterrupt
                0x0000000000004738       0x20 C:/ncs/v2.5.0/nrfxlib/crypto/nrf_cc310_platform/lib/cortex-m33/soft-float/no-interrupts/libnrf_cc310_platform_0.9.18.a(llf_rnd.c.obj)
                0x0000000000004738                LLF_RND_WaitRngInterrupt
 .text.LLF_RND_GetRoscSampleCnt
                0x0000000000004758       0x34 C:/ncs/v2.5.0/nrfxlib/crypto/nrf_cc310_platform/lib/cortex-m33/soft-float/no-interrupts/libnrf_cc310_platform_0.9.18.a(llf_rnd.c.obj)
                0x0000000000004758                LLF_RND_GetRoscSampleCnt
 .text.LLF_RND_GetFastestRosc
                0x000000000000478c       0x20 C:/ncs/v2.5.0/nrfxlib/crypto/nrf_cc310_platform/lib/cortex-m33/soft-float/no-interrupts/libnrf_cc310_platform_0.9.18.a(llf_rnd.c.obj)
                0x000000000000478c                LLF_RND_GetFastestRosc
 .text.LLF_RND_TurnOffTrng
                0x00000000000047ac       0x18 C:/ncs/v2.5.0/nrfxlib/crypto/nrf_cc310_platform/lib/cortex-m33/soft-float/no-interrupts/libnrf_cc310_platform_0.9.18.a(llf_rnd.c.obj)
                0x00000000000047ac                LLF_RND_TurnOffTrng
 .text.SetDataBuffersInfo
                0x00000000000047c4       0x68 C:/ncs/v2.5.0/nrfxlib/crypto/nrf_cc310_platform/lib/cortex-m33/soft-float/no-interrupts/libnrf_cc310_platform_0.9.18.a(driver_common.c.obj)
                0x00000000000047c4                SetDataBuffersInfo
 .text.InitHashDrv
                0x000000000000482c       0x50 C:/ncs/v2.5.0/nrfxlib/crypto/nrf_cc310_platform/lib/cortex-m33/soft-float/no-interrupts/libnrf_cc310_platform_0.9.18.a(hash_driver.c.obj)
                0x000000000000482c                InitHashDrv
 .text.ProcessHashDrv
                0x000000000000487c      0x22c C:/ncs/v2.5.0/nrfxlib/crypto/nrf_cc310_platform/lib/cortex-m33/soft-float/no-interrupts/libnrf_cc310_platform_0.9.18.a(hash_driver.c.obj)
                0x000000000000487c                ProcessHashDrv
 .text.FinishHashDrv
                0x0000000000004aa8       0x74 C:/ncs/v2.5.0/nrfxlib/crypto/nrf_cc310_platform/lib/cortex-m33/soft-float/no-interrupts/libnrf_cc310_platform_0.9.18.a(hash_driver.c.obj)
                0x0000000000004aa8                FinishHashDrv
 .text.LoadAesKey
                0x0000000000004b1c       0xe8 C:/ncs/v2.5.0/nrfxlib/crypto/nrf_cc310_platform/lib/cortex-m33/soft-float/no-interrupts/libnrf_cc310_platform_0.9.18.a(aes_driver.c.obj)
 .text.InitAes.part.0
                0x0000000000004c04       0xe4 C:/ncs/v2.5.0/nrfxlib/crypto/nrf_cc310_platform/lib/cortex-m33/soft-float/no-interrupts/libnrf_cc310_platform_0.9.18.a(aes_driver.c.obj)
 .text.write_invalid_key
                0x0000000000004ce8       0x30 C:/ncs/v2.5.0/nrfxlib/crypto/nrf_cc310_platform/lib/cortex-m33/soft-float/no-interrupts/libnrf_cc310_platform_0.9.18.a(aes_driver.c.obj)
                0x0000000000004ce8                write_invalid_key
 .text.ProcessAesDrv
                0x0000000000004d18      0x368 C:/ncs/v2.5.0/nrfxlib/crypto/nrf_cc310_platform/lib/cortex-m33/soft-float/no-interrupts/libnrf_cc310_platform_0.9.18.a(aes_driver.c.obj)
                0x0000000000004d18                ProcessAesDrv
 .text.FinishAesDrv
                0x0000000000005080      0x254 C:/ncs/v2.5.0/nrfxlib/crypto/nrf_cc310_platform/lib/cortex-m33/soft-float/no-interrupts/libnrf_cc310_platform_0.9.18.a(aes_driver.c.obj)
                0x0000000000005080                FinishAesDrv
 .text.kmu_validate_slot_and_size
                0x00000000000052d4       0x2c C:/ncs/v2.5.0/nrfxlib/crypto/nrf_cc310_platform/lib/cortex-m33/soft-float/no-interrupts/libnrf_cc310_platform_0.9.18.a(kmu_shared.c.obj)
                0x00000000000052d4                kmu_validate_slot_and_size
 .text.kmu_validate_slot_and_size_no_kdr
                0x0000000000005300       0x80 C:/ncs/v2.5.0/nrfxlib/crypto/nrf_cc310_platform/lib/cortex-m33/soft-float/no-interrupts/libnrf_cc310_platform_0.9.18.a(kmu_shared.c.obj)
                0x0000000000005300                kmu_validate_slot_and_size_no_kdr
 .text.kmu_validate_kdr_slot_and_size
                0x0000000000005380       0x48 C:/ncs/v2.5.0/nrfxlib/crypto/nrf_cc310_platform/lib/cortex-m33/soft-float/no-interrupts/libnrf_cc310_platform_0.9.18.a(kmu_shared.c.obj)
                0x0000000000005380                kmu_validate_kdr_slot_and_size
 .text.kmu_use_kdr_key
                0x00000000000053c8       0x14 C:/ncs/v2.5.0/nrfxlib/crypto/nrf_cc310_platform/lib/cortex-m33/soft-float/no-interrupts/libnrf_cc310_platform_0.9.18.a(kmu_shared.c.obj)
                0x00000000000053c8                kmu_use_kdr_key
 .text.kmu_load_key_aes
                0x00000000000053dc       0x94 C:/ncs/v2.5.0/nrfxlib/crypto/nrf_cc310_platform/lib/cortex-m33/soft-float/no-interrupts/libnrf_cc310_platform_0.9.18.a(kmu_shared.c.obj)
                0x00000000000053dc                kmu_load_key_aes
 .text.kmu_derive_cmac
                0x0000000000005470      0x170 C:/ncs/v2.5.0/nrfxlib/crypto/nrf_cc310_platform/lib/cortex-m33/soft-float/no-interrupts/libnrf_cc310_platform_0.9.18.a(kmu_shared.c.obj)
                0x0000000000005470                kmu_derive_cmac
 .text.UtilCmacBuildDataForDerivation
                0x00000000000055e0       0xc0 C:/ncs/v2.5.0/nrfxlib/crypto/nrf_cc310_platform/lib/cortex-m33/soft-float/no-interrupts/libnrf_cc310_platform_0.9.18.a(cc_util_cmac.c.obj)
                0x00000000000055e0                UtilCmacBuildDataForDerivation
 .text.CC_PalDataBufferAttrGet
                0x00000000000056a0        0x8 C:/ncs/v2.5.0/nrfxlib/crypto/nrf_cc310_platform/lib/cortex-m33/soft-float/no-interrupts/libnrf_cc310_platform_0.9.18.a(cc_pal_buff_attr.c.obj)
                0x00000000000056a0                CC_PalDataBufferAttrGet
 .text          0x00000000000056a8       0xc8 c:/ncs/toolchains/31f4403e35/opt/zephyr-sdk/arm-zephyr-eabi/bin/../lib/gcc/arm-zephyr-eabi/12.2.0/thumb/v8-m.main/nofp\libgcc.a(cmse.o)
                0x00000000000056a8                cmse_check_address_range
 .text.exit     0x0000000000005770       0x28 c:/ncs/toolchains/31f4403e35/opt/zephyr-sdk/arm-zephyr-eabi/bin/../lib/gcc/arm-zephyr-eabi/12.2.0/../../../../arm-zephyr-eabi/lib/thumb/v8-m.main/nofp\libc_nano.a(lib_a-exit.o)
                0x0000000000005770                exit
 .text.__libc_init_array
                0x0000000000005798       0x48 c:/ncs/toolchains/31f4403e35/opt/zephyr-sdk/arm-zephyr-eabi/bin/../lib/gcc/arm-zephyr-eabi/12.2.0/../../../../arm-zephyr-eabi/lib/thumb/v8-m.main/nofp\libc_nano.a(lib_a-init.o)
                0x0000000000005798                __libc_init_array
 .text.memmove  0x00000000000057e0       0x34 c:/ncs/toolchains/31f4403e35/opt/zephyr-sdk/arm-zephyr-eabi/bin/../lib/gcc/arm-zephyr-eabi/12.2.0/../../../../arm-zephyr-eabi/lib/thumb/v8-m.main/nofp\libc_nano.a(lib_a-memmove.o)
                0x00000000000057e0                memmove
 .text._exit    0x0000000000005814        0x4 c:/ncs/toolchains/31f4403e35/opt/zephyr-sdk/arm-zephyr-eabi/bin/../lib/gcc/arm-zephyr-eabi/12.2.0/../../../../arm-zephyr-eabi/lib/thumb/v8-m.main/nofp\libnosys.a(_exit.o)
                0x0000000000005814                _exit
 *(.init)
 .init          0x0000000000005818        0x4 c:/ncs/toolchains/31f4403e35/opt/zephyr-sdk/arm-zephyr-eabi/bin/../lib/gcc/arm-zephyr-eabi/12.2.0/thumb/v8-m.main/nofp/crti.o
                0x0000000000005818                _init
 .init          0x000000000000581c        0x8 c:/ncs/toolchains/31f4403e35/opt/zephyr-sdk/arm-zephyr-eabi/bin/../lib/gcc/arm-zephyr-eabi/12.2.0/thumb/v8-m.main/nofp/crtn.o
 *(.fini)
 .fini          0x0000000000005824        0x4 c:/ncs/toolchains/31f4403e35/opt/zephyr-sdk/arm-zephyr-eabi/bin/../lib/gcc/arm-zephyr-eabi/12.2.0/thumb/v8-m.main/nofp/crti.o
                0x0000000000005824                _fini
 .fini          0x0000000000005828        0x8 c:/ncs/toolchains/31f4403e35/opt/zephyr-sdk/arm-zephyr-eabi/bin/../lib/gcc/arm-zephyr-eabi/12.2.0/thumb/v8-m.main/nofp/crtn.o
 *crtbegin.o(.ctors)
 *crtbegin?.o(.ctors)
 *(EXCLUDE_FILE(*crtend.o *crtend?.o) .ctors)
 *(SORT_BY_NAME(.ctors.*))
 *(.ctors)
 *crtbegin.o(.dtors)
 *crtbegin?.o(.dtors)
 *(EXCLUDE_FILE(*crtend.o *crtend?.o) .dtors)
 *(SORT_BY_NAME(.dtors.*))
 *(.dtors)
 *(.rodata*)
 .rodata.str1.1
                0x0000000000005830        0xb secure_fw/CMakeFiles/tfm_s.dir/__/generated/secure_fw/partitions/crypto/auto_generated/load_info_tfm_crypto.o
 .rodata.str1.1
                0x000000000000583b       0x15 secure_fw/CMakeFiles/tfm_s.dir/__/generated/secure_fw/partitions/platform/auto_generated/load_info_tfm_platform.o
 .rodata.psa_api_cross
                0x0000000000005850       0x2c secure_fw/partitions/lib/runtime/libtfm_sprt.a(psa_interface_cross.o)
                0x0000000000005850                psa_api_cross
 .rodata.CSWTCH.10
                0x000000000000587c       0x1c C:/ncs/v2.5.0/nrfxlib/crypto/nrf_cc310_platform/lib/cortex-m33/soft-float/no-interrupts/libnrf_cc310_platform_0.9.18.a(nrf_cc3xx_platform.c.obj)
 .rodata.RndStartupTest.constprop.0.str1.4
                0x0000000000005898       0x6f C:/ncs/v2.5.0/nrfxlib/crypto/nrf_cc310_platform/lib/cortex-m33/soft-float/no-interrupts/libnrf_cc310_platform_0.9.18.a(cc_lib.c.obj)
 *fill*         0x0000000000005907        0x1 
 .rodata.CC_PalPowerSaveModeInit.str1.4
                0x0000000000005908       0x20 C:/ncs/v2.5.0/nrfxlib/crypto/nrf_cc310_platform/lib/cortex-m33/soft-float/no-interrupts/libnrf_cc310_platform_0.9.18.a(cc_pal_pm.c.obj)
 .rodata.mutex_free.str1.4
                0x0000000000005928       0x26 C:/ncs/v2.5.0/nrfxlib/crypto/nrf_cc310_platform/lib/cortex-m33/soft-float/no-interrupts/libnrf_cc310_platform_0.9.18.a(nrf_cc3xx_platform_mutex.c.obj)
 *fill*         0x000000000000594e        0x2 
 .rodata.mutex_init.str1.4
                0x0000000000005950       0x23 C:/ncs/v2.5.0/nrfxlib/crypto/nrf_cc310_platform/lib/cortex-m33/soft-float/no-interrupts/libnrf_cc310_platform_0.9.18.a(nrf_cc3xx_platform_mutex.c.obj)
 *fill*         0x0000000000005973        0x1 
 .rodata.mbedtls_hardware_poll.str1.4
                0x0000000000005974       0x16 C:/ncs/v2.5.0/nrfxlib/crypto/nrf_cc310_platform/lib/cortex-m33/soft-float/no-interrupts/libnrf_cc310_platform_0.9.18.a(trng_api.c.obj)
                                         0x6e (size before relaxing)
 *fill*         0x000000000000598a        0x2 
 .rodata.cc_mbedtls_aes_init.str1.4
                0x000000000000598c       0x13 C:/ncs/v2.5.0/nrfxlib/crypto/nrf_cc310_platform/lib/cortex-m33/soft-float/no-interrupts/libnrf_cc310_platform_0.9.18.a(aes_alt.c.obj)
 *fill*         0x000000000000599f        0x1 
 .rodata.cc_mbedtls_sha256_init.str1.4
                0x00000000000059a0        0xe C:/ncs/v2.5.0/nrfxlib/crypto/nrf_cc310_platform/lib/cortex-m33/soft-float/no-interrupts/libnrf_cc310_platform_0.9.18.a(sha256_alt.c.obj)
 .rodata.ProcessHashDrv.str1.4
                0x00000000000059ae       0x6f C:/ncs/v2.5.0/nrfxlib/crypto/nrf_cc310_platform/lib/cortex-m33/soft-float/no-interrupts/libnrf_cc310_platform_0.9.18.a(hash_driver.c.obj)
 *fill*         0x00000000000059ae        0x2 
 .rodata.HASH_LARVAL_SHA256
                0x00000000000059b0       0x20 C:/ncs/v2.5.0/nrfxlib/crypto/nrf_cc310_platform/lib/cortex-m33/soft-float/no-interrupts/libnrf_cc310_platform_0.9.18.a(hash_driver.c.obj)
 .rodata.HASH_LARVAL_SHA224
                0x00000000000059d0       0x20 C:/ncs/v2.5.0/nrfxlib/crypto/nrf_cc310_platform/lib/cortex-m33/soft-float/no-interrupts/libnrf_cc310_platform_0.9.18.a(hash_driver.c.obj)
 .rodata.HASH_LARVAL_SHA1
                0x00000000000059f0       0x14 C:/ncs/v2.5.0/nrfxlib/crypto/nrf_cc310_platform/lib/cortex-m33/soft-float/no-interrupts/libnrf_cc310_platform_0.9.18.a(hash_driver.c.obj)
 .rodata.ProcessAesDrv.str1.4
                0x0000000000005a04       0x6f C:/ncs/v2.5.0/nrfxlib/crypto/nrf_cc310_platform/lib/cortex-m33/soft-float/no-interrupts/libnrf_cc310_platform_0.9.18.a(aes_driver.c.obj)
 .rodata._global_impure_ptr
                0x0000000000005a04        0x4 c:/ncs/toolchains/31f4403e35/opt/zephyr-sdk/arm-zephyr-eabi/bin/../lib/gcc/arm-zephyr-eabi/12.2.0/../../../../arm-zephyr-eabi/lib/thumb/v8-m.main/nofp\libc_nano.a(lib_a-impure.o)
                0x0000000000005a04                _global_impure_ptr
 *(.eh_frame*)
 .eh_frame      0x0000000000005a08        0x0 c:/ncs/toolchains/31f4403e35/opt/zephyr-sdk/arm-zephyr-eabi/bin/../lib/gcc/arm-zephyr-eabi/12.2.0/thumb/v8-m.main/nofp/crtbegin.o
 .eh_frame      0x0000000000005a08        0x4 c:/ncs/toolchains/31f4403e35/opt/zephyr-sdk/arm-zephyr-eabi/bin/../lib/gcc/arm-zephyr-eabi/12.2.0/thumb/v8-m.main/nofp/crtend.o
                0x0000000000005a80                . = ALIGN (0x20)
 *fill*         0x0000000000005a0c       0x14 
                0x00000000000024a0                Image$$TFM_UNPRIV_CODE$$RO$$Base = ADDR (.TFM_UNPRIV_CODE)
                0x0000000000005a20                Image$$TFM_UNPRIV_CODE$$RO$$Limit = (ADDR (.TFM_UNPRIV_CODE) + SIZEOF (.TFM_UNPRIV_CODE))

.glue_7         0x0000000000005a20        0x0
 .glue_7        0x0000000000005a20        0x0 linker stubs

.glue_7t        0x0000000000005a20        0x0
 .glue_7t       0x0000000000005a20        0x0 linker stubs

.vfp11_veneer   0x0000000000005a20        0x0
 .vfp11_veneer  0x0000000000005a20        0x0 linker stubs

.v4_bx          0x0000000000005a20        0x0
 .v4_bx         0x0000000000005a20        0x0 linker stubs

.iplt           0x0000000000005a20        0x0
 .iplt          0x0000000000005a20        0x0 c:/ncs/toolchains/31f4403e35/opt/zephyr-sdk/arm-zephyr-eabi/bin/../lib/gcc/arm-zephyr-eabi/12.2.0/thumb/v8-m.main/nofp/crtbegin.o

.psa_interface_cross_call
                0x0000000000005a20       0x8c
 .psa_interface_cross_call
                0x0000000000005a20       0x8c secure_fw/partitions/lib/runtime/libtfm_sprt.a(psa_interface_cross.o)
                0x0000000000005a20                psa_framework_version_cross
                0x0000000000005a28                psa_version_cross
                0x0000000000005a30                tfm_psa_call_pack_cross
                0x0000000000005a38                psa_wait_cross
                0x0000000000005a40                psa_get_cross
                0x0000000000005a48                psa_read_cross
                0x0000000000005a50                psa_skip_cross
                0x0000000000005a58                psa_write_cross
                0x0000000000005a60                psa_reply_cross
                0x0000000000005a68                psa_panic_cross
                0x0000000000005a70                psa_rot_lifecycle_state_cross

.rel.dyn        0x0000000000005aac        0x0
 .rel.iplt      0x0000000000005aac        0x0 c:/ncs/toolchains/31f4403e35/opt/zephyr-sdk/arm-zephyr-eabi/bin/../lib/gcc/arm-zephyr-eabi/12.2.0/thumb/v8-m.main/nofp/crtbegin.o

.gnu.sgstubs    0x0000000000007c00       0x40
 *(.gnu.sgstubs*)
 .gnu.sgstubs.__stub